<?xml version="1.0"?>
<link_info>
   <banner>TI ARM Linker PC v16.9.6.LTS</banner>
   <copyright>Copyright (c) 1996-2017 Texas Instruments Incorporated</copyright>
   <link_time>0x5efa9bf2</link_time>
   <link_errors>0x0</link_errors>
   <output_file>boostxl_edumkii_microphonefft_msp432p401r_MSP_EXP432P401R_nortos_ccs.out</output_file>
   <entry_point>
      <name>_c_int00</name>
      <address>0x158c5</address>
   </entry_point>
   <input_file_list>
      <input_file id="fl-2">
         <path>.\</path>
         <kind>object</kind>
         <file>main.obj</file>
         <name>main.obj</name>
      </input_file>
      <input_file id="fl-3">
         <path>.\</path>
         <kind>object</kind>
         <file>system_msp432p401r.obj</file>
         <name>system_msp432p401r.obj</name>
      </input_file>
      <input_file id="fl-4">
         <path>.\LcdDriver\</path>
         <kind>object</kind>
         <file>Crystalfontz128x128_ST7735.obj</file>
         <name>Crystalfontz128x128_ST7735.obj</name>
      </input_file>
      <input_file id="fl-5">
         <path>.\LcdDriver\</path>
         <kind>object</kind>
         <file>HAL_MSP_EXP432P401R_Crystalfontz128x128_ST7735.obj</file>
         <name>HAL_MSP_EXP432P401R_Crystalfontz128x128_ST7735.obj</name>
      </input_file>
      <input_file id="fl-6">
         <path>.\ccs\</path>
         <kind>object</kind>
         <file>startup_msp432p401r_ccs.obj</file>
         <name>startup_msp432p401r_ccs.obj</name>
      </input_file>
      <input_file id="fl-12">
         <kind>object</kind>
         <file>&lt;internal&gt;</file>
         <name>&lt;internal&gt;</name>
      </input_file>
      <input_file id="fl-13">
         <path>C:\ti\simplelink_msp432p4_sdk_2_20_00_12\source\ti\grlib\lib\ccs\m4f\</path>
         <kind>archive</kind>
         <file>grlib.a</file>
         <name>context.obj</name>
      </input_file>
      <input_file id="fl-14">
         <path>C:\ti\simplelink_msp432p4_sdk_2_20_00_12\source\ti\grlib\lib\ccs\m4f\</path>
         <kind>archive</kind>
         <file>grlib.a</file>
         <name>display.obj</name>
      </input_file>
      <input_file id="fl-15">
         <path>C:\ti\simplelink_msp432p4_sdk_2_20_00_12\source\ti\grlib\lib\ccs\m4f\</path>
         <kind>archive</kind>
         <file>grlib.a</file>
         <name>fontfixed6x8.obj</name>
      </input_file>
      <input_file id="fl-16">
         <path>C:\ti\simplelink_msp432p4_sdk_2_20_00_12\source\ti\grlib\lib\ccs\m4f\</path>
         <kind>archive</kind>
         <file>grlib.a</file>
         <name>line.obj</name>
      </input_file>
      <input_file id="fl-17">
         <path>C:\ti\simplelink_msp432p4_sdk_2_20_00_12\source\ti\grlib\lib\ccs\m4f\</path>
         <kind>archive</kind>
         <file>grlib.a</file>
         <name>string.obj</name>
      </input_file>
      <input_file id="fl-18">
         <path>C:\ti\simplelink_msp432p4_sdk_2_20_00_12\source\third_party\CMSIS\DSP_Lib\lib\ccs\m4f\</path>
         <kind>archive</kind>
         <file>arm_cortexM4lf_math.a</file>
         <name>arm_max_q15.o</name>
      </input_file>
      <input_file id="fl-19">
         <path>C:\ti\simplelink_msp432p4_sdk_2_20_00_12\source\third_party\CMSIS\DSP_Lib\lib\ccs\m4f\</path>
         <kind>archive</kind>
         <file>arm_cortexM4lf_math.a</file>
         <name>arm_rfft_init_q15.o</name>
      </input_file>
      <input_file id="fl-1a">
         <path>C:\ti\simplelink_msp432p4_sdk_2_20_00_12\source\third_party\CMSIS\DSP_Lib\lib\ccs\m4f\</path>
         <kind>archive</kind>
         <file>arm_cortexM4lf_math.a</file>
         <name>arm_rfft_q15.o</name>
      </input_file>
      <input_file id="fl-1b">
         <path>C:\ti\simplelink_msp432p4_sdk_2_20_00_12\source\third_party\CMSIS\DSP_Lib\lib\ccs\m4f\</path>
         <kind>archive</kind>
         <file>arm_cortexM4lf_math.a</file>
         <name>arm_const_structs.o</name>
      </input_file>
      <input_file id="fl-1c">
         <path>C:\ti\simplelink_msp432p4_sdk_2_20_00_12\source\third_party\CMSIS\DSP_Lib\lib\ccs\m4f\</path>
         <kind>archive</kind>
         <file>arm_cortexM4lf_math.a</file>
         <name>arm_cfft_q15.o</name>
      </input_file>
      <input_file id="fl-1d">
         <path>C:\ti\simplelink_msp432p4_sdk_2_20_00_12\source\third_party\CMSIS\DSP_Lib\lib\ccs\m4f\</path>
         <kind>archive</kind>
         <file>arm_cortexM4lf_math.a</file>
         <name>arm_cfft_radix4_q15.o</name>
      </input_file>
      <input_file id="fl-1e">
         <path>C:\ti\simplelink_msp432p4_sdk_2_20_00_12\source\third_party\CMSIS\DSP_Lib\lib\ccs\m4f\</path>
         <kind>archive</kind>
         <file>arm_cortexM4lf_math.a</file>
         <name>arm_rfft_init_q31.o</name>
      </input_file>
      <input_file id="fl-1f">
         <path>C:\ti\simplelink_msp432p4_sdk_2_20_00_12\source\third_party\CMSIS\DSP_Lib\lib\ccs\m4f\</path>
         <kind>archive</kind>
         <file>arm_cortexM4lf_math.a</file>
         <name>arm_bitreversal2.o</name>
      </input_file>
      <input_file id="fl-20">
         <path>C:\ti\simplelink_msp432p4_sdk_2_20_00_12\source\third_party\CMSIS\DSP_Lib\lib\ccs\m4f\</path>
         <kind>archive</kind>
         <file>arm_cortexM4lf_math.a</file>
         <name>arm_common_tables.o</name>
      </input_file>
      <input_file id="fl-21">
         <path>C:\ti\simplelink_msp432p4_sdk_2_20_00_12\source\third_party\CMSIS\DSP_Lib\lib\ccs\m4f\</path>
         <kind>archive</kind>
         <file>arm_cortexM4lf_math.a</file>
         <name>arm_bitreversal.o</name>
      </input_file>
      <input_file id="fl-22">
         <path>C:\ti\simplelink_msp432p4_sdk_2_20_00_12\source\ti\devices\msp432p4xx\driverlib\ccs\</path>
         <kind>archive</kind>
         <file>msp432p4xx_driverlib.lib</file>
         <name>adc14.o</name>
      </input_file>
      <input_file id="fl-23">
         <path>C:\ti\simplelink_msp432p4_sdk_2_20_00_12\source\ti\devices\msp432p4xx\driverlib\ccs\</path>
         <kind>archive</kind>
         <file>msp432p4xx_driverlib.lib</file>
         <name>dma.o</name>
      </input_file>
      <input_file id="fl-24">
         <path>C:\ti\simplelink_msp432p4_sdk_2_20_00_12\source\ti\devices\msp432p4xx\driverlib\ccs\</path>
         <kind>archive</kind>
         <file>msp432p4xx_driverlib.lib</file>
         <name>gpio.o</name>
      </input_file>
      <input_file id="fl-25">
         <path>C:\ti\simplelink_msp432p4_sdk_2_20_00_12\source\ti\devices\msp432p4xx\driverlib\ccs\</path>
         <kind>archive</kind>
         <file>msp432p4xx_driverlib.lib</file>
         <name>interrupt.o</name>
      </input_file>
      <input_file id="fl-26">
         <path>C:\ti\simplelink_msp432p4_sdk_2_20_00_12\source\ti\devices\msp432p4xx\driverlib\ccs\</path>
         <kind>archive</kind>
         <file>msp432p4xx_driverlib.lib</file>
         <name>spi.o</name>
      </input_file>
      <input_file id="fl-27">
         <path>C:\ti\simplelink_msp432p4_sdk_2_20_00_12\source\ti\devices\msp432p4xx\driverlib\ccs\</path>
         <kind>archive</kind>
         <file>msp432p4xx_driverlib.lib</file>
         <name>timer_a.o</name>
      </input_file>
      <input_file id="fl-28">
         <path>C:\ti\simplelink_msp432p4_sdk_2_20_00_12\source\ti\devices\msp432p4xx\driverlib\ccs\</path>
         <kind>archive</kind>
         <file>msp432p4xx_driverlib.lib</file>
         <name>cpu.o</name>
      </input_file>
      <input_file id="fl-de">
         <path>C:\ti\ccs740\ccsv7\tools\compiler\ti-cgt-arm_16.9.6.LTS\lib\</path>
         <kind>archive</kind>
         <file>rtsv7M4_T_le_v4SPD16_eabi.lib</file>
         <name>boot.obj</name>
      </input_file>
      <input_file id="fl-df">
         <path>C:\ti\ccs740\ccsv7\tools\compiler\ti-cgt-arm_16.9.6.LTS\lib\</path>
         <kind>archive</kind>
         <file>rtsv7M4_T_le_v4SPD16_eabi.lib</file>
         <name>copy_decompress_lzss.obj</name>
      </input_file>
      <input_file id="fl-e0">
         <path>C:\ti\ccs740\ccsv7\tools\compiler\ti-cgt-arm_16.9.6.LTS\lib\</path>
         <kind>archive</kind>
         <file>rtsv7M4_T_le_v4SPD16_eabi.lib</file>
         <name>copy_decompress_none.obj</name>
      </input_file>
      <input_file id="fl-e1">
         <path>C:\ti\ccs740\ccsv7\tools\compiler\ti-cgt-arm_16.9.6.LTS\lib\</path>
         <kind>archive</kind>
         <file>rtsv7M4_T_le_v4SPD16_eabi.lib</file>
         <name>copy_zero_init.obj</name>
      </input_file>
      <input_file id="fl-e2">
         <path>C:\ti\ccs740\ccsv7\tools\compiler\ti-cgt-arm_16.9.6.LTS\lib\</path>
         <kind>archive</kind>
         <file>rtsv7M4_T_le_v4SPD16_eabi.lib</file>
         <name>e_sqrtf.obj</name>
      </input_file>
      <input_file id="fl-e3">
         <path>C:\ti\ccs740\ccsv7\tools\compiler\ti-cgt-arm_16.9.6.LTS\lib\</path>
         <kind>archive</kind>
         <file>rtsv7M4_T_le_v4SPD16_eabi.lib</file>
         <name>errno.obj</name>
      </input_file>
      <input_file id="fl-e4">
         <path>C:\ti\ccs740\ccsv7\tools\compiler\ti-cgt-arm_16.9.6.LTS\lib\</path>
         <kind>archive</kind>
         <file>rtsv7M4_T_le_v4SPD16_eabi.lib</file>
         <name>exit.obj</name>
      </input_file>
      <input_file id="fl-e5">
         <path>C:\ti\ccs740\ccsv7\tools\compiler\ti-cgt-arm_16.9.6.LTS\lib\</path>
         <kind>archive</kind>
         <file>rtsv7M4_T_le_v4SPD16_eabi.lib</file>
         <name>fd_add_t2.obj</name>
      </input_file>
      <input_file id="fl-e6">
         <path>C:\ti\ccs740\ccsv7\tools\compiler\ti-cgt-arm_16.9.6.LTS\lib\</path>
         <kind>archive</kind>
         <file>rtsv7M4_T_le_v4SPD16_eabi.lib</file>
         <name>fd_mul_t2.obj</name>
      </input_file>
      <input_file id="fl-e7">
         <path>C:\ti\ccs740\ccsv7\tools\compiler\ti-cgt-arm_16.9.6.LTS\lib\</path>
         <kind>archive</kind>
         <file>rtsv7M4_T_le_v4SPD16_eabi.lib</file>
         <name>fd_tos_t2.obj</name>
      </input_file>
      <input_file id="fl-e8">
         <path>C:\ti\ccs740\ccsv7\tools\compiler\ti-cgt-arm_16.9.6.LTS\lib\</path>
         <kind>archive</kind>
         <file>rtsv7M4_T_le_v4SPD16_eabi.lib</file>
         <name>fs_tod_t2.obj</name>
      </input_file>
      <input_file id="fl-e9">
         <path>C:\ti\ccs740\ccsv7\tools\compiler\ti-cgt-arm_16.9.6.LTS\lib\</path>
         <kind>archive</kind>
         <file>rtsv7M4_T_le_v4SPD16_eabi.lib</file>
         <name>memcpy_t2.obj</name>
      </input_file>
      <input_file id="fl-ea">
         <path>C:\ti\ccs740\ccsv7\tools\compiler\ti-cgt-arm_16.9.6.LTS\lib\</path>
         <kind>archive</kind>
         <file>rtsv7M4_T_le_v4SPD16_eabi.lib</file>
         <name>memset_t2.obj</name>
      </input_file>
      <input_file id="fl-eb">
         <path>C:\ti\ccs740\ccsv7\tools\compiler\ti-cgt-arm_16.9.6.LTS\lib\</path>
         <kind>archive</kind>
         <file>rtsv7M4_T_le_v4SPD16_eabi.lib</file>
         <name>mpu_init.obj</name>
      </input_file>
      <input_file id="fl-ec">
         <path>C:\ti\ccs740\ccsv7\tools\compiler\ti-cgt-arm_16.9.6.LTS\lib\</path>
         <kind>archive</kind>
         <file>rtsv7M4_T_le_v4SPD16_eabi.lib</file>
         <name>pre_init.obj</name>
      </input_file>
      <input_file id="fl-ed">
         <path>C:\ti\ccs740\ccsv7\tools\compiler\ti-cgt-arm_16.9.6.LTS\lib\</path>
         <kind>archive</kind>
         <file>rtsv7M4_T_le_v4SPD16_eabi.lib</file>
         <name>s_cosf.obj</name>
      </input_file>
      <input_file id="fl-ee">
         <path>C:\ti\ccs740\ccsv7\tools\compiler\ti-cgt-arm_16.9.6.LTS\lib\</path>
         <kind>archive</kind>
         <file>rtsv7M4_T_le_v4SPD16_eabi.lib</file>
         <name>stkdepth_vars.obj</name>
      </input_file>
      <input_file id="fl-ef">
         <path>C:\ti\ccs740\ccsv7\tools\compiler\ti-cgt-arm_16.9.6.LTS\lib\</path>
         <kind>archive</kind>
         <file>rtsv7M4_T_le_v4SPD16_eabi.lib</file>
         <name>_lock.obj</name>
      </input_file>
      <input_file id="fl-f0">
         <path>C:\ti\ccs740\ccsv7\tools\compiler\ti-cgt-arm_16.9.6.LTS\lib\</path>
         <kind>archive</kind>
         <file>rtsv7M4_T_le_v4SPD16_eabi.lib</file>
         <name>args_main.obj</name>
      </input_file>
      <input_file id="fl-f1">
         <path>C:\ti\ccs740\ccsv7\tools\compiler\ti-cgt-arm_16.9.6.LTS\lib\</path>
         <kind>archive</kind>
         <file>rtsv7M4_T_le_v4SPD16_eabi.lib</file>
         <name>autoinit.obj</name>
      </input_file>
      <input_file id="fl-f2">
         <path>C:\ti\ccs740\ccsv7\tools\compiler\ti-cgt-arm_16.9.6.LTS\lib\</path>
         <kind>archive</kind>
         <file>rtsv7M4_T_le_v4SPD16_eabi.lib</file>
         <name>cpy_tbl.obj</name>
      </input_file>
      <input_file id="fl-f3">
         <path>C:\ti\ccs740\ccsv7\tools\compiler\ti-cgt-arm_16.9.6.LTS\lib\</path>
         <kind>archive</kind>
         <file>rtsv7M4_T_le_v4SPD16_eabi.lib</file>
         <name>startup.obj</name>
      </input_file>
   </input_file_list>
   <object_component_list>
      <object_component id="oc-2c">
         <name>.intvecs:retain</name>
         <load_address>0x0</load_address>
         <run_address>0x0</run_address>
         <size>0xe4</size>
         <input_file_ref idref="fl-6"/>
      </object_component>
      <object_component id="oc-b0">
         <name>.text:main</name>
         <load_address>0x123f0</load_address>
         <run_address>0x123f0</run_address>
         <size>0x70c</size>
         <input_file_ref idref="fl-2"/>
      </object_component>
      <object_component id="oc-270">
         <name>.text:Graphics_drawString</name>
         <load_address>0x12afc</load_address>
         <run_address>0x12afc</run_address>
         <size>0x47e</size>
         <input_file_ref idref="fl-17"/>
      </object_component>
      <object_component id="oc-402">
         <name>.text:arm_radix4_butterfly_inverse_q15</name>
         <load_address>0x12f7a</load_address>
         <run_address>0x12f7a</run_address>
         <size>0x47a</size>
         <input_file_ref idref="fl-1d"/>
      </object_component>
      <object_component id="oc-40e">
         <name>.text:arm_radix4_butterfly_q15</name>
         <load_address>0x133f4</load_address>
         <run_address>0x133f4</run_address>
         <size>0x47a</size>
         <input_file_ref idref="fl-1d"/>
      </object_component>
      <object_component id="oc-2af">
         <name>.text:Crystalfontz128x128_PixelDrawMultiple</name>
         <load_address>0x1386e</load_address>
         <run_address>0x1386e</run_address>
         <size>0x1d8</size>
         <input_file_ref idref="fl-4"/>
      </object_component>
      <object_component id="oc-144">
         <name>.text</name>
         <load_address>0x13a46</load_address>
         <run_address>0x13a46</run_address>
         <size>0x1b6</size>
         <input_file_ref idref="fl-e5"/>
      </object_component>
      <object_component id="oc-408">
         <name>.text:arm_cfft_radix4by2_inverse_q15</name>
         <load_address>0x13bfc</load_address>
         <run_address>0x13bfc</run_address>
         <size>0x182</size>
         <input_file_ref idref="fl-1c"/>
      </object_component>
      <object_component id="oc-414">
         <name>.text:arm_cfft_radix4by2_q15</name>
         <load_address>0x13d7e</load_address>
         <run_address>0x13d7e</run_address>
         <size>0x182</size>
         <input_file_ref idref="fl-1c"/>
      </object_component>
      <object_component id="oc-297">
         <name>.text:_getIndexForMemRegister</name>
         <load_address>0x13f00</load_address>
         <run_address>0x13f00</run_address>
         <size>0x160</size>
         <input_file_ref idref="fl-22"/>
      </object_component>
      <object_component id="oc-27d">
         <name>.text:privateTimer_AProcessClockSourceDivider</name>
         <load_address>0x14060</load_address>
         <run_address>0x14060</run_address>
         <size>0x144</size>
         <input_file_ref idref="fl-27"/>
      </object_component>
      <object_component id="oc-238">
         <name>.text:Crystalfontz128x128_SetDrawFrame</name>
         <load_address>0x141a4</load_address>
         <run_address>0x141a4</run_address>
         <size>0x134</size>
         <input_file_ref idref="fl-4"/>
      </object_component>
      <object_component id="oc-19a">
         <name>.text:arm_rfft_init_q15</name>
         <load_address>0x142d8</load_address>
         <run_address>0x142d8</run_address>
         <size>0x134</size>
         <input_file_ref idref="fl-19"/>
      </object_component>
      <object_component id="oc-315">
         <name>.text:arm_split_rfft_q15</name>
         <load_address>0x1440c</load_address>
         <run_address>0x1440c</run_address>
         <size>0x12e</size>
         <input_file_ref idref="fl-1a"/>
      </object_component>
      <object_component id="oc-7b">
         <name>.text:Default_Handler</name>
         <load_address>0x1453a</load_address>
         <run_address>0x1453a</run_address>
         <size>0x2</size>
         <input_file_ref idref="fl-6"/>
      </object_component>
      <object_component id="oc-f8">
         <name>.text:Crystalfontz128x128_Init</name>
         <load_address>0x1453c</load_address>
         <run_address>0x1453c</run_address>
         <size>0x12c</size>
         <input_file_ref idref="fl-4"/>
      </object_component>
      <object_component id="oc-1ac">
         <name>.text:arm_max_q15</name>
         <load_address>0x14668</load_address>
         <run_address>0x14668</run_address>
         <size>0x12c</size>
         <input_file_ref idref="fl-18"/>
      </object_component>
      <object_component id="oc-13f">
         <name>.text</name>
         <load_address>0x14794</load_address>
         <run_address>0x14794</run_address>
         <size>0xfc</size>
         <input_file_ref idref="fl-e6"/>
      </object_component>
      <object_component id="oc-26a">
         <name>.text:Graphics_getStringWidth</name>
         <load_address>0x14890</load_address>
         <run_address>0x14890</run_address>
         <size>0xfa</size>
         <input_file_ref idref="fl-17"/>
      </object_component>
      <object_component id="oc-53">
         <name>.text</name>
         <load_address>0x1498a</load_address>
         <run_address>0x1498a</run_address>
         <size>0x2</size>
         <input_file_ref idref="fl-eb"/>
      </object_component>
      <object_component id="oc-d7">
         <name>.text:DMA_setChannelTransfer</name>
         <load_address>0x1498c</load_address>
         <run_address>0x1498c</run_address>
         <size>0xf0</size>
         <input_file_ref idref="fl-23"/>
      </object_component>
      <object_component id="oc-30f">
         <name>.text:arm_cfft_q15</name>
         <load_address>0x14a7c</load_address>
         <run_address>0x14a7c</run_address>
         <size>0xe8</size>
         <input_file_ref idref="fl-1c"/>
      </object_component>
      <object_component id="oc-41a">
         <name>.text</name>
         <load_address>0x14b64</load_address>
         <run_address>0x14b64</run_address>
         <size>0xc0</size>
         <input_file_ref idref="fl-1f"/>
      </object_component>
      <object_component id="oc-134">
         <name>.text</name>
         <load_address>0x14c24</load_address>
         <run_address>0x14c24</run_address>
         <size>0xb4</size>
         <input_file_ref idref="fl-ed"/>
      </object_component>
      <object_component id="oc-309">
         <name>.text:arm_split_rifft_q15</name>
         <load_address>0x14cd8</load_address>
         <run_address>0x14cd8</run_address>
         <size>0xb2</size>
         <input_file_ref idref="fl-1a"/>
      </object_component>
      <object_component id="oc-353">
         <name>.text:SPI_initMaster</name>
         <load_address>0x14d8a</load_address>
         <run_address>0x14d8a</run_address>
         <size>0xb0</size>
         <input_file_ref idref="fl-26"/>
      </object_component>
      <object_component id="oc-a8">
         <name>.text</name>
         <load_address>0x14e3a</load_address>
         <run_address>0x14e3a</run_address>
         <size>0x2</size>
         <input_file_ref idref="fl-f3"/>
      </object_component>
      <object_component id="oc-172">
         <name>.text:ADC14_configureConversionMemory</name>
         <load_address>0x14e3c</load_address>
         <run_address>0x14e3c</run_address>
         <size>0xa4</size>
         <input_file_ref idref="fl-22"/>
      </object_component>
      <object_component id="oc-1a0">
         <name>.text:arm_rfft_q15</name>
         <load_address>0x14ee0</load_address>
         <run_address>0x14ee0</run_address>
         <size>0xa4</size>
         <input_file_ref idref="fl-1a"/>
      </object_component>
      <object_component id="oc-2c1">
         <name>.text:Crystalfontz128x128_RectFill</name>
         <load_address>0x14f84</load_address>
         <run_address>0x14f84</run_address>
         <size>0x9c</size>
         <input_file_ref idref="fl-4"/>
      </object_component>
      <object_component id="oc-122">
         <name>.text:Graphics_drawLineH</name>
         <load_address>0x15020</load_address>
         <run_address>0x15020</run_address>
         <size>0x9c</size>
         <input_file_ref idref="fl-16"/>
      </object_component>
      <object_component id="oc-128">
         <name>.text:Graphics_drawLineV</name>
         <load_address>0x150bc</load_address>
         <run_address>0x150bc</run_address>
         <size>0x9c</size>
         <input_file_ref idref="fl-16"/>
      </object_component>
      <object_component id="oc-3b">
         <name>.text</name>
         <load_address>0x15158</load_address>
         <run_address>0x15158</run_address>
         <size>0x9c</size>
         <input_file_ref idref="fl-e9"/>
      </object_component>
      <object_component id="oc-166">
         <name>.text:GPIO_setAsPeripheralModuleFunctionInputPin</name>
         <load_address>0x151f4</load_address>
         <run_address>0x151f4</run_address>
         <size>0x88</size>
         <input_file_ref idref="fl-24"/>
      </object_component>
      <object_component id="oc-346">
         <name>.text:GPIO_setAsPeripheralModuleFunctionOutputPin</name>
         <load_address>0x1527c</load_address>
         <run_address>0x1527c</run_address>
         <size>0x88</size>
         <input_file_ref idref="fl-24"/>
      </object_component>
      <object_component id="oc-cb">
         <name>.text:DMA_getChannelAttribute</name>
         <load_address>0x15304</load_address>
         <run_address>0x15304</run_address>
         <size>0x80</size>
         <input_file_ref idref="fl-23"/>
      </object_component>
      <object_component id="oc-47">
         <name>.text</name>
         <load_address>0x15384</load_address>
         <run_address>0x15384</run_address>
         <size>0x7a</size>
         <input_file_ref idref="fl-ea"/>
      </object_component>
      <object_component id="oc-c3">
         <name>.text:SystemInit</name>
         <load_address>0x15400</load_address>
         <run_address>0x15400</run_address>
         <size>0x78</size>
         <input_file_ref idref="fl-3"/>
      </object_component>
      <object_component id="oc-14e">
         <name>.text:Timer_A_generatePWM</name>
         <load_address>0x15478</load_address>
         <run_address>0x15478</run_address>
         <size>0x74</size>
         <input_file_ref idref="fl-27"/>
      </object_component>
      <object_component id="oc-5f">
         <name>.text</name>
         <load_address>0x154ec</load_address>
         <run_address>0x154ec</run_address>
         <size>0x70</size>
         <input_file_ref idref="fl-f1"/>
      </object_component>
      <object_component id="oc-149">
         <name>.text</name>
         <load_address>0x1555c</load_address>
         <run_address>0x1555c</run_address>
         <size>0x6e</size>
         <input_file_ref idref="fl-e7"/>
      </object_component>
      <object_component id="oc-81">
         <name>.text:DMA_INT1_IRQHandler</name>
         <load_address>0x155cc</load_address>
         <run_address>0x155cc</run_address>
         <size>0x6c</size>
         <input_file_ref idref="fl-2"/>
      </object_component>
      <object_component id="oc-14">
         <name>.text:decompress:lzss</name>
         <load_address>0x15638</load_address>
         <run_address>0x15638</run_address>
         <size>0x68</size>
         <input_file_ref idref="fl-df"/>
      </object_component>
      <object_component id="oc-18a">
         <name>.text:DMA_disableChannelAttribute</name>
         <load_address>0x156a0</load_address>
         <run_address>0x156a0</run_address>
         <size>0x64</size>
         <input_file_ref idref="fl-23"/>
      </object_component>
      <object_component id="oc-2b5">
         <name>.text:Crystalfontz128x128_LineDrawH</name>
         <load_address>0x15704</load_address>
         <run_address>0x15704</run_address>
         <size>0x60</size>
         <input_file_ref idref="fl-4"/>
      </object_component>
      <object_component id="oc-2bb">
         <name>.text:Crystalfontz128x128_LineDrawV</name>
         <load_address>0x15764</load_address>
         <run_address>0x15764</run_address>
         <size>0x60</size>
         <input_file_ref idref="fl-4"/>
      </object_component>
      <object_component id="oc-16c">
         <name>.text:ADC14_configureSingleSampleMode</name>
         <load_address>0x157c4</load_address>
         <run_address>0x157c4</run_address>
         <size>0x58</size>
         <input_file_ref idref="fl-22"/>
      </object_component>
      <object_component id="oc-15a">
         <name>.text:ADC14_initModule</name>
         <load_address>0x1581c</load_address>
         <run_address>0x1581c</run_address>
         <size>0x54</size>
         <input_file_ref idref="fl-22"/>
      </object_component>
      <object_component id="oc-fe">
         <name>.text:Crystalfontz128x128_SetOrientation</name>
         <load_address>0x15870</load_address>
         <run_address>0x15870</run_address>
         <size>0x54</size>
         <input_file_ref idref="fl-4"/>
      </object_component>
      <object_component id="oc-26">
         <name>.text</name>
         <load_address>0x158c4</load_address>
         <run_address>0x158c4</run_address>
         <size>0x54</size>
         <input_file_ref idref="fl-de"/>
      </object_component>
      <object_component id="oc-6b">
         <name>.text</name>
         <load_address>0x15918</load_address>
         <run_address>0x15918</run_address>
         <size>0x54</size>
         <input_file_ref idref="fl-e4"/>
      </object_component>
      <object_component id="oc-104">
         <name>.text:Graphics_initContext</name>
         <load_address>0x1596c</load_address>
         <run_address>0x1596c</run_address>
         <size>0x52</size>
         <input_file_ref idref="fl-13"/>
      </object_component>
      <object_component id="oc-a2">
         <name>.text</name>
         <load_address>0x159c0</load_address>
         <run_address>0x159c0</run_address>
         <size>0x4c</size>
         <input_file_ref idref="fl-f2"/>
      </object_component>
      <object_component id="oc-160">
         <name>.text:ADC14_setSampleHoldTrigger</name>
         <load_address>0x15a0c</load_address>
         <run_address>0x15a0c</run_address>
         <size>0x48</size>
         <input_file_ref idref="fl-22"/>
      </object_component>
      <object_component id="oc-12e">
         <name>.text:Graphics_drawStringCentered</name>
         <load_address>0x15a54</load_address>
         <run_address>0x15a54</run_address>
         <size>0x48</size>
         <input_file_ref idref="fl-17"/>
      </object_component>
      <object_component id="oc-2a9">
         <name>.text:Crystalfontz128x128_PixelDraw</name>
         <load_address>0x15a9c</load_address>
         <run_address>0x15a9c</run_address>
         <size>0x40</size>
         <input_file_ref idref="fl-4"/>
      </object_component>
      <object_component id="oc-34c">
         <name>.text:GPIO_setAsOutputPin</name>
         <load_address>0x15adc</load_address>
         <run_address>0x15adc</run_address>
         <size>0x40</size>
         <input_file_ref idref="fl-24"/>
      </object_component>
      <object_component id="oc-383">
         <name>.text:Graphics_getNumberOfLeadingZeros</name>
         <load_address>0x15b1c</load_address>
         <run_address>0x15b1c</run_address>
         <size>0x40</size>
         <input_file_ref idref="fl-17"/>
      </object_component>
      <object_component id="oc-21a">
         <name>.text:HAL_LCD_SpiInit</name>
         <load_address>0x15b5c</load_address>
         <run_address>0x15b5c</run_address>
         <size>0x40</size>
         <input_file_ref idref="fl-5"/>
      </object_component>
      <object_component id="oc-42c">
         <name>.text:is_A_Module</name>
         <load_address>0x15b9c</load_address>
         <run_address>0x15b9c</run_address>
         <size>0x40</size>
         <input_file_ref idref="fl-26"/>
      </object_component>
      <object_component id="oc-d1">
         <name>.text:DMA_setChannelControl</name>
         <load_address>0x15bdc</load_address>
         <run_address>0x15bdc</run_address>
         <size>0x3c</size>
         <input_file_ref idref="fl-23"/>
      </object_component>
      <object_component id="oc-22c">
         <name>.text:HAL_LCD_writeCommand</name>
         <load_address>0x15c18</load_address>
         <run_address>0x15c18</run_address>
         <size>0x38</size>
         <input_file_ref idref="fl-5"/>
      </object_component>
      <object_component id="oc-13a">
         <name>.text</name>
         <load_address>0x15c50</load_address>
         <run_address>0x15c50</run_address>
         <size>0x38</size>
         <input_file_ref idref="fl-e8"/>
      </object_component>
      <object_component id="oc-25b">
         <name>.text:Graphics_drawHorizontalLineOnDisplay</name>
         <load_address>0x15c88</load_address>
         <run_address>0x15c88</run_address>
         <size>0x36</size>
         <input_file_ref idref="fl-14"/>
      </object_component>
      <object_component id="oc-263">
         <name>.text:Graphics_drawVerticalLineOnDisplay</name>
         <load_address>0x15cbe</load_address>
         <run_address>0x15cbe</run_address>
         <size>0x36</size>
         <input_file_ref idref="fl-14"/>
      </object_component>
      <object_component id="oc-178">
         <name>.text:ADC14_setResultFormat</name>
         <load_address>0x15cf4</load_address>
         <run_address>0x15cf4</run_address>
         <size>0x30</size>
         <input_file_ref idref="fl-22"/>
      </object_component>
      <object_component id="oc-214">
         <name>.text:HAL_LCD_PortInit</name>
         <load_address>0x15d24</load_address>
         <run_address>0x15d24</run_address>
         <size>0x30</size>
         <input_file_ref idref="fl-5"/>
      </object_component>
      <object_component id="oc-2d3">
         <name>.text:Crystalfontz128x128_ClearScreen</name>
         <load_address>0x15d54</load_address>
         <run_address>0x15d54</run_address>
         <size>0x2c</size>
         <input_file_ref idref="fl-4"/>
      </object_component>
      <object_component id="oc-389">
         <name>.text:Graphics_drawPixelOnDisplay</name>
         <load_address>0x15d80</load_address>
         <run_address>0x15d80</run_address>
         <size>0x2c</size>
         <input_file_ref idref="fl-14"/>
      </object_component>
      <object_component id="oc-232">
         <name>.text:HAL_LCD_writeData</name>
         <load_address>0x15dac</load_address>
         <run_address>0x15dac</run_address>
         <size>0x2c</size>
         <input_file_ref idref="fl-5"/>
      </object_component>
      <object_component id="oc-2c7">
         <name>.text:Crystalfontz128x128_ColorTranslate</name>
         <load_address>0x15dd8</load_address>
         <run_address>0x15dd8</run_address>
         <size>0x28</size>
         <input_file_ref idref="fl-4"/>
      </object_component>
      <object_component id="oc-226">
         <name>.text:GPIO_setOutputHighOnPin</name>
         <load_address>0x15e00</load_address>
         <run_address>0x15e00</run_address>
         <size>0x28</size>
         <input_file_ref idref="fl-24"/>
      </object_component>
      <object_component id="oc-220">
         <name>.text:GPIO_setOutputLowOnPin</name>
         <load_address>0x15e28</load_address>
         <run_address>0x15e28</run_address>
         <size>0x28</size>
         <input_file_ref idref="fl-24"/>
      </object_component>
      <object_component id="oc-1a6">
         <name>.text</name>
         <load_address>0x15e50</load_address>
         <run_address>0x15e50</run_address>
         <size>0x28</size>
         <input_file_ref idref="fl-e2"/>
      </object_component>
      <object_component id="oc-359">
         <name>.text:SPI_enableModule</name>
         <load_address>0x15e78</load_address>
         <run_address>0x15e78</run_address>
         <size>0x1c</size>
         <input_file_ref idref="fl-26"/>
      </object_component>
      <object_component id="oc-254">
         <name>.text:Graphics_clearDisplayOnDisplay</name>
         <load_address>0x15e94</load_address>
         <run_address>0x15e94</run_address>
         <size>0x1a</size>
         <input_file_ref idref="fl-14"/>
      </object_component>
      <object_component id="oc-110">
         <name>.text:Graphics_setBackgroundColor</name>
         <load_address>0x15eae</load_address>
         <run_address>0x15eae</run_address>
         <size>0x1a</size>
         <input_file_ref idref="fl-13"/>
      </object_component>
      <object_component id="oc-116">
         <name>.text:Graphics_setFont</name>
         <load_address>0x15ec8</load_address>
         <run_address>0x15ec8</run_address>
         <size>0x1a</size>
         <input_file_ref idref="fl-13"/>
      </object_component>
      <object_component id="oc-65">
         <name>.text</name>
         <load_address>0x15ee4</load_address>
         <run_address>0x15ee4</run_address>
         <size>0x18</size>
         <input_file_ref idref="fl-f0"/>
      </object_component>
      <object_component id="oc-434">
         <name>.text:EUSCI_A_SPI_enable</name>
         <load_address>0x15efc</load_address>
         <run_address>0x15efc</run_address>
         <size>0x16</size>
         <input_file_ref idref="fl-26"/>
      </object_component>
      <object_component id="oc-43a">
         <name>.text:EUSCI_B_SPI_enable</name>
         <load_address>0x15f12</load_address>
         <run_address>0x15f12</run_address>
         <size>0x16</size>
         <input_file_ref idref="fl-26"/>
      </object_component>
      <object_component id="oc-10a">
         <name>.text:Graphics_setForegroundColor</name>
         <load_address>0x15f28</load_address>
         <run_address>0x15f28</run_address>
         <size>0x16</size>
         <input_file_ref idref="fl-13"/>
      </object_component>
      <object_component id="oc-24b">
         <name>.text:Graphics_translateColorOnDisplay</name>
         <load_address>0x15f3e</load_address>
         <run_address>0x15f3e</run_address>
         <size>0x16</size>
         <input_file_ref idref="fl-14"/>
      </object_component>
      <object_component id="oc-184">
         <name>.text:DMA_setControlBase</name>
         <load_address>0x15f54</load_address>
         <run_address>0x15f54</run_address>
         <size>0x14</size>
         <input_file_ref idref="fl-23"/>
      </object_component>
      <object_component id="oc-1d5">
         <name>.text</name>
         <load_address>0x15f68</load_address>
         <run_address>0x15f68</run_address>
         <size>0x14</size>
         <input_file_ref idref="fl-ef"/>
      </object_component>
      <object_component id="oc-11c">
         <name>.text:Graphics_clearDisplay</name>
         <load_address>0x15f7c</load_address>
         <run_address>0x15f7c</run_address>
         <size>0x12</size>
         <input_file_ref idref="fl-13"/>
      </object_component>
      <object_component id="oc-286">
         <name>.text:ADCIsConversionRunning</name>
         <load_address>0x15f90</load_address>
         <run_address>0x15f90</run_address>
         <size>0x10</size>
         <input_file_ref idref="fl-22"/>
      </object_component>
      <object_component id="oc-1a">
         <name>.text:decompress:none</name>
         <load_address>0x15fa0</load_address>
         <run_address>0x15fa0</run_address>
         <size>0xe</size>
         <input_file_ref idref="fl-e0"/>
      </object_component>
      <object_component id="oc-154">
         <name>.text:ADC14_enableModule</name>
         <load_address>0x15fb0</load_address>
         <run_address>0x15fb0</run_address>
         <size>0xc</size>
         <input_file_ref idref="fl-22"/>
      </object_component>
      <object_component id="oc-17e">
         <name>.text:DMA_enableModule</name>
         <load_address>0x15fbc</load_address>
         <run_address>0x15fbc</run_address>
         <size>0xc</size>
         <input_file_ref idref="fl-23"/>
      </object_component>
      <object_component id="oc-75">
         <name>.text:Reset_Handler</name>
         <load_address>0x15fc8</load_address>
         <run_address>0x15fc8</run_address>
         <size>0xc</size>
         <input_file_ref idref="fl-6"/>
      </object_component>
      <object_component id="oc-20">
         <name>.text:decompress:ZI</name>
         <load_address>0x15fd4</load_address>
         <run_address>0x15fd4</run_address>
         <size>0xc</size>
         <input_file_ref idref="fl-e1"/>
      </object_component>
      <object_component id="oc-2cd">
         <name>.text:Crystalfontz128x128_Flush</name>
         <load_address>0x15fe0</load_address>
         <run_address>0x15fe0</run_address>
         <size>0xa</size>
         <input_file_ref idref="fl-4"/>
      </object_component>
      <object_component id="oc-59">
         <name>.text</name>
         <load_address>0x15fea</load_address>
         <run_address>0x15fea</run_address>
         <size>0x4</size>
         <input_file_ref idref="fl-ec"/>
      </object_component>
      <object_component id="oc-2e1">
         <name>.const:realCoefAQ15</name>
         <load_address>0xe4</load_address>
         <run_address>0xe4</run_address>
         <size>0x4000</size>
         <input_file_ref idref="fl-19"/>
      </object_component>
      <object_component id="oc-2e4">
         <name>.const:realCoefBQ15</name>
         <load_address>0x40e4</load_address>
         <run_address>0x40e4</run_address>
         <size>0x4000</size>
         <input_file_ref idref="fl-19"/>
      </object_component>
      <object_component id="oc-3b6">
         <name>.const:twiddleCoef_4096_q15</name>
         <load_address>0x80e4</load_address>
         <run_address>0x80e4</run_address>
         <size>0x3000</size>
         <input_file_ref idref="fl-20"/>
      </object_component>
      <object_component id="oc-3b9">
         <name>.const:armBitRevIndexTable_fixed_4096</name>
         <load_address>0xb0e4</load_address>
         <run_address>0xb0e4</run_address>
         <size>0x1f80</size>
         <input_file_ref idref="fl-20"/>
      </object_component>
      <object_component id="oc-3bf">
         <name>.const:twiddleCoef_2048_q15</name>
         <load_address>0xd064</load_address>
         <run_address>0xd064</run_address>
         <size>0x1800</size>
         <input_file_ref idref="fl-20"/>
      </object_component>
      <object_component id="oc-3c2">
         <name>.const:armBitRevIndexTable_fixed_2048</name>
         <load_address>0xe864</load_address>
         <run_address>0xe864</run_address>
         <size>0xf80</size>
         <input_file_ref idref="fl-20"/>
      </object_component>
      <object_component id="oc-3c7">
         <name>.const:twiddleCoef_1024_q15</name>
         <load_address>0xf7e4</load_address>
         <run_address>0xf7e4</run_address>
         <size>0xc00</size>
         <input_file_ref idref="fl-20"/>
      </object_component>
      <object_component id="oc-3ca">
         <name>.const:armBitRevIndexTable_fixed_1024</name>
         <load_address>0x103e4</load_address>
         <run_address>0x103e4</run_address>
         <size>0x7c0</size>
         <input_file_ref idref="fl-20"/>
      </object_component>
      <object_component id="oc-3cf">
         <name>.const:twiddleCoef_512_q15</name>
         <load_address>0x10ba4</load_address>
         <run_address>0x10ba4</run_address>
         <size>0x600</size>
         <input_file_ref idref="fl-20"/>
      </object_component>
      <object_component id="oc-3d2">
         <name>.const:armBitRevIndexTable_fixed_512</name>
         <load_address>0x111a4</load_address>
         <run_address>0x111a4</run_address>
         <size>0x3c0</size>
         <input_file_ref idref="fl-20"/>
      </object_component>
      <object_component id="oc-3d7">
         <name>.const:twiddleCoef_256_q15</name>
         <load_address>0x11564</load_address>
         <run_address>0x11564</run_address>
         <size>0x300</size>
         <input_file_ref idref="fl-20"/>
      </object_component>
      <object_component id="oc-2db">
         <name>.const:.string:g_pucFontFixed6x8Data</name>
         <load_address>0x11864</load_address>
         <run_address>0x11864</run_address>
         <size>0x2f8</size>
         <input_file_ref idref="fl-15"/>
      </object_component>
      <object_component id="oc-3da">
         <name>.const:armBitRevIndexTable_fixed_256</name>
         <load_address>0x11b5c</load_address>
         <run_address>0x11b5c</run_address>
         <size>0x1e0</size>
         <input_file_ref idref="fl-20"/>
      </object_component>
      <object_component id="oc-3df">
         <name>.const:twiddleCoef_128_q15</name>
         <load_address>0x11d3c</load_address>
         <run_address>0x11d3c</run_address>
         <size>0x180</size>
         <input_file_ref idref="fl-20"/>
      </object_component>
      <object_component id="oc-3e2">
         <name>.const:armBitRevIndexTable_fixed_128</name>
         <load_address>0x11ebc</load_address>
         <run_address>0x11ebc</run_address>
         <size>0xe0</size>
         <input_file_ref idref="fl-20"/>
      </object_component>
      <object_component id="oc-197">
         <name>.const:g_sFontFixed6x8</name>
         <load_address>0x11f9c</load_address>
         <run_address>0x11f9c</run_address>
         <size>0xc8</size>
         <input_file_ref idref="fl-15"/>
      </object_component>
      <object_component id="oc-3e7">
         <name>.const:twiddleCoef_64_q15</name>
         <load_address>0x12064</load_address>
         <run_address>0x12064</run_address>
         <size>0xc0</size>
         <input_file_ref idref="fl-20"/>
      </object_component>
      <object_component id="oc-29e">
         <name>.const:_ctlRegs</name>
         <load_address>0x12124</load_address>
         <run_address>0x12124</run_address>
         <size>0x80</size>
         <input_file_ref idref="fl-22"/>
      </object_component>
      <object_component id="oc-3ea">
         <name>.const:armBitRevIndexTable_fixed_64</name>
         <load_address>0x121a4</load_address>
         <run_address>0x121a4</run_address>
         <size>0x70</size>
         <input_file_ref idref="fl-20"/>
      </object_component>
      <object_component id="oc-3ef">
         <name>.const:twiddleCoef_32_q15</name>
         <load_address>0x12214</load_address>
         <run_address>0x12214</run_address>
         <size>0x60</size>
         <input_file_ref idref="fl-20"/>
      </object_component>
      <object_component id="oc-28e">
         <name>.const:GPIO_PORT_TO_BASE</name>
         <load_address>0x12274</load_address>
         <run_address>0x12274</run_address>
         <size>0x30</size>
         <input_file_ref idref="fl-24"/>
      </object_component>
      <object_component id="oc-3f2">
         <name>.const:armBitRevIndexTable_fixed_32</name>
         <load_address>0x122a4</load_address>
         <run_address>0x122a4</run_address>
         <size>0x30</size>
         <input_file_ref idref="fl-20"/>
      </object_component>
      <object_component id="oc-3f7">
         <name>.const:twiddleCoef_16_q15</name>
         <load_address>0x122d4</load_address>
         <run_address>0x122d4</run_address>
         <size>0x30</size>
         <input_file_ref idref="fl-20"/>
      </object_component>
      <object_component id="oc-194">
         <name>.const:g_sCrystalfontz128x128_funcs</name>
         <load_address>0x12304</load_address>
         <run_address>0x12304</run_address>
         <size>0x20</size>
         <input_file_ref idref="fl-4"/>
      </object_component>
      <object_component id="oc-35f">
         <name>.const:$P$T0$1</name>
         <load_address>0x12324</load_address>
         <run_address>0x12324</run_address>
         <size>0x1c</size>
         <input_file_ref idref="fl-5"/>
      </object_component>
      <object_component id="oc-3fa">
         <name>.const:armBitRevIndexTable_fixed_16</name>
         <load_address>0x12340</load_address>
         <run_address>0x12340</run_address>
         <size>0x18</size>
         <input_file_ref idref="fl-20"/>
      </object_component>
      <object_component id="oc-2ed">
         <name>.const:arm_cfft_sR_q15_len1024</name>
         <load_address>0x12358</load_address>
         <run_address>0x12358</run_address>
         <size>0x10</size>
         <input_file_ref idref="fl-1b"/>
      </object_component>
      <object_component id="oc-2f6">
         <name>.const:arm_cfft_sR_q15_len128</name>
         <load_address>0x12368</load_address>
         <run_address>0x12368</run_address>
         <size>0x10</size>
         <input_file_ref idref="fl-1b"/>
      </object_component>
      <object_component id="oc-2ff">
         <name>.const:arm_cfft_sR_q15_len16</name>
         <load_address>0x12378</load_address>
         <run_address>0x12378</run_address>
         <size>0x10</size>
         <input_file_ref idref="fl-1b"/>
      </object_component>
      <object_component id="oc-2ea">
         <name>.const:arm_cfft_sR_q15_len2048</name>
         <load_address>0x12388</load_address>
         <run_address>0x12388</run_address>
         <size>0x10</size>
         <input_file_ref idref="fl-1b"/>
      </object_component>
      <object_component id="oc-2f3">
         <name>.const:arm_cfft_sR_q15_len256</name>
         <load_address>0x12398</load_address>
         <run_address>0x12398</run_address>
         <size>0x10</size>
         <input_file_ref idref="fl-1b"/>
      </object_component>
      <object_component id="oc-2fc">
         <name>.const:arm_cfft_sR_q15_len32</name>
         <load_address>0x123a8</load_address>
         <run_address>0x123a8</run_address>
         <size>0x10</size>
         <input_file_ref idref="fl-1b"/>
      </object_component>
      <object_component id="oc-2e7">
         <name>.const:arm_cfft_sR_q15_len4096</name>
         <load_address>0x123b8</load_address>
         <run_address>0x123b8</run_address>
         <size>0x10</size>
         <input_file_ref idref="fl-1b"/>
      </object_component>
      <object_component id="oc-2f0">
         <name>.const:arm_cfft_sR_q15_len512</name>
         <load_address>0x123c8</load_address>
         <run_address>0x123c8</run_address>
         <size>0x10</size>
         <input_file_ref idref="fl-1b"/>
      </object_component>
      <object_component id="oc-2f9">
         <name>.const:arm_cfft_sR_q15_len64</name>
         <load_address>0x123d8</load_address>
         <run_address>0x123d8</run_address>
         <size>0x10</size>
         <input_file_ref idref="fl-1b"/>
      </object_component>
      <object_component id="oc-3aa">
         <name>.const:$P$T0$1</name>
         <load_address>0x123e8</load_address>
         <run_address>0x123e8</run_address>
         <size>0x8</size>
         <input_file_ref idref="fl-4"/>
      </object_component>
      <object_component id="oc-4b2">
         <name>.cinit..data.load</name>
         <load_address>0x15ff0</load_address>
         <run_address>0x15ff0</run_address>
         <size>0x37</size>
      </object_component>
      <object_component id="oc-4b0">
         <name>__TI_handler_table</name>
         <load_address>0x16028</load_address>
         <run_address>0x16028</run_address>
         <size>0xc</size>
      </object_component>
      <object_component id="oc-4b3">
         <name>.cinit..bss.load</name>
         <load_address>0x16038</load_address>
         <run_address>0x16038</run_address>
         <size>0x8</size>
      </object_component>
      <object_component id="oc-4b1">
         <name>__TI_cinit_table</name>
         <load_address>0x16040</load_address>
         <run_address>0x16040</run_address>
         <size>0x10</size>
      </object_component>
      <object_component id="oc-48d">
         <name>.binit</name>
         <load_address>0x0</load_address>
         <run_address>0x0</run_address>
         <size>0x0</size>
      </object_component>
      <object_component id="oc-e0">
         <name>.data</name>
         <load_address>0x20001e40</load_address>
         <run_address>0x20001e40</run_address>
         <size>0x14</size>
         <input_file_ref idref="fl-2"/>
      </object_component>
      <object_component id="oc-1b3">
         <name>.data:pwmConfig</name>
         <load_address>0x20001e28</load_address>
         <run_address>0x20001e28</run_address>
         <size>0x18</size>
         <input_file_ref idref="fl-2"/>
      </object_component>
      <object_component id="oc-191">
         <name>.data:g_sCrystalfontz128x128</name>
         <load_address>0x20001e54</load_address>
         <run_address>0x20001e54</run_address>
         <size>0x10</size>
         <input_file_ref idref="fl-4"/>
      </object_component>
      <object_component id="oc-31d">
         <name>.data</name>
         <load_address>0x20001e78</load_address>
         <run_address>0x20001e78</run_address>
         <size>0x4</size>
         <input_file_ref idref="fl-e3"/>
      </object_component>
      <object_component id="oc-b8">
         <name>.data:$O1$$</name>
         <load_address>0x20001e64</load_address>
         <run_address>0x20001e64</run_address>
         <size>0xc</size>
         <input_file_ref idref="fl-e4"/>
      </object_component>
      <object_component id="oc-71">
         <name>.data</name>
         <load_address>0x20001e7c</load_address>
         <run_address>0x20001e7c</run_address>
         <size>0x4</size>
         <input_file_ref idref="fl-ee"/>
      </object_component>
      <object_component id="oc-bb">
         <name>.data:$O1$$</name>
         <load_address>0x20001e70</load_address>
         <run_address>0x20001e70</run_address>
         <size>0x8</size>
         <input_file_ref idref="fl-ef"/>
      </object_component>
      <object_component id="oc-1b6">
         <name>.bss:MSP_EXP432P401RLP_DMAControlTable</name>
         <uninitialized>true</uninitialized>
         <run_address>0x20001c00</run_address>
         <size>0x200</size>
         <input_file_ref idref="fl-2"/>
      </object_component>
      <object_component id="oc-1b9">
         <name>.common:status</name>
         <uninitialized>true</uninitialized>
         <run_address>0x20001e26</run_address>
         <size>0x1</size>
      </object_component>
      <object_component id="oc-190">
         <name>.common:g_sContext</name>
         <uninitialized>true</uninitialized>
         <run_address>0x20001e00</run_address>
         <size>0x1c</size>
      </object_component>
      <object_component id="oc-1b2">
         <name>.common:hann</name>
         <uninitialized>true</uninitialized>
         <run_address>0x20000800</run_address>
         <size>0x800</size>
      </object_component>
      <object_component id="oc-dd">
         <name>.common:data_array1</name>
         <uninitialized>true</uninitialized>
         <run_address>0x20001000</run_address>
         <size>0x400</size>
      </object_component>
      <object_component id="oc-e3">
         <name>.common:data_array2</name>
         <uninitialized>true</uninitialized>
         <run_address>0x20001400</run_address>
         <size>0x400</size>
      </object_component>
      <object_component id="oc-1ba">
         <name>.common:data_input</name>
         <uninitialized>true</uninitialized>
         <run_address>0x20000000</run_address>
         <size>0x800</size>
      </object_component>
      <object_component id="oc-1bb">
         <name>.common:data_output</name>
         <uninitialized>true</uninitialized>
         <run_address>0x20001800</run_address>
         <size>0x400</size>
      </object_component>
      <object_component id="oc-247">
         <name>.common:Lcd_Orientation</name>
         <uninitialized>true</uninitialized>
         <run_address>0x20001e24</run_address>
         <size>0x1</size>
      </object_component>
      <object_component id="oc-23e">
         <name>.common:Lcd_ScreenWidth</name>
         <uninitialized>true</uninitialized>
         <run_address>0x20001e1e</run_address>
         <size>0x2</size>
      </object_component>
      <object_component id="oc-241">
         <name>.common:Lcd_ScreenHeigth</name>
         <uninitialized>true</uninitialized>
         <run_address>0x20001e1c</run_address>
         <size>0x2</size>
      </object_component>
      <object_component id="oc-242">
         <name>.common:Lcd_PenSolid</name>
         <uninitialized>true</uninitialized>
         <run_address>0x20001e25</run_address>
         <size>0x1</size>
      </object_component>
      <object_component id="oc-243">
         <name>.common:Lcd_FontSolid</name>
         <uninitialized>true</uninitialized>
         <run_address>0x20001e23</run_address>
         <size>0x1</size>
      </object_component>
      <object_component id="oc-244">
         <name>.common:Lcd_FlagRead</name>
         <uninitialized>true</uninitialized>
         <run_address>0x20001e22</run_address>
         <size>0x1</size>
      </object_component>
      <object_component id="oc-245">
         <name>.common:Lcd_TouchTrim</name>
         <uninitialized>true</uninitialized>
         <run_address>0x20001e20</run_address>
         <size>0x2</size>
      </object_component>
      <object_component id="oc-2f">
         <name>.stack</name>
         <uninitialized>true</uninitialized>
         <run_address>0x2000fe00</run_address>
         <size>0x0</size>
         <input_file_ref idref="fl-de"/>
      </object_component>
      <object_component id="oc-4b4">
         <name>.stack</name>
         <uninitialized>true</uninitialized>
         <run_address>0x2000fe00</run_address>
         <size>0x0</size>
      </object_component>
      <object_component id="oc-de">
         <name>.debug_info</name>
         <load_address>0x0</load_address>
         <run_address>0x0</run_address>
         <size>0x11d0</size>
         <input_file_ref idref="fl-2"/>
      </object_component>
      <object_component id="oc-e1">
         <name>.debug_info</name>
         <load_address>0x11d0</load_address>
         <run_address>0x11d0</run_address>
         <size>0x1c2</size>
         <input_file_ref idref="fl-2"/>
      </object_component>
      <object_component id="oc-1b7">
         <name>.debug_info</name>
         <load_address>0x1392</load_address>
         <run_address>0x1392</run_address>
         <size>0x169</size>
         <input_file_ref idref="fl-2"/>
      </object_component>
      <object_component id="oc-1b4">
         <name>.debug_info</name>
         <load_address>0x14fb</load_address>
         <run_address>0x14fb</run_address>
         <size>0x13a</size>
         <input_file_ref idref="fl-2"/>
      </object_component>
      <object_component id="oc-b1">
         <name>.debug_info</name>
         <load_address>0x1635</load_address>
         <run_address>0x1635</run_address>
         <size>0x8a7</size>
         <input_file_ref idref="fl-2"/>
      </object_component>
      <object_component id="oc-82">
         <name>.debug_info</name>
         <load_address>0x1edc</load_address>
         <run_address>0x1edc</run_address>
         <size>0x20b</size>
         <input_file_ref idref="fl-2"/>
      </object_component>
      <object_component id="oc-1c7">
         <name>.debug_info</name>
         <load_address>0x20e7</load_address>
         <run_address>0x20e7</run_address>
         <size>0x1ea6</size>
         <input_file_ref idref="fl-2"/>
      </object_component>
      <object_component id="oc-1ed">
         <name>.debug_info</name>
         <load_address>0x3f8d</load_address>
         <run_address>0x3f8d</run_address>
         <size>0x37e2</size>
         <input_file_ref idref="fl-2"/>
      </object_component>
      <object_component id="oc-1f2">
         <name>.debug_info</name>
         <load_address>0x776f</load_address>
         <run_address>0x776f</run_address>
         <size>0x1055</size>
         <input_file_ref idref="fl-2"/>
      </object_component>
      <object_component id="oc-1f7">
         <name>.debug_info</name>
         <load_address>0x87c4</load_address>
         <run_address>0x87c4</run_address>
         <size>0x439</size>
         <input_file_ref idref="fl-2"/>
      </object_component>
      <object_component id="oc-1fc">
         <name>.debug_info</name>
         <load_address>0x8bfd</load_address>
         <run_address>0x8bfd</run_address>
         <size>0x8a</size>
         <input_file_ref idref="fl-2"/>
      </object_component>
      <object_component id="oc-201">
         <name>.debug_info</name>
         <load_address>0x8c87</load_address>
         <run_address>0x8c87</run_address>
         <size>0x341</size>
         <input_file_ref idref="fl-2"/>
      </object_component>
      <object_component id="oc-1bd">
         <name>.debug_info</name>
         <load_address>0x8fc8</load_address>
         <run_address>0x8fc8</run_address>
         <size>0x8b</size>
         <input_file_ref idref="fl-2"/>
      </object_component>
      <object_component id="oc-1c2">
         <name>.debug_info</name>
         <load_address>0x9053</load_address>
         <run_address>0x9053</run_address>
         <size>0x18b</size>
         <input_file_ref idref="fl-2"/>
      </object_component>
      <object_component id="oc-363">
         <name>.debug_info</name>
         <load_address>0x91de</load_address>
         <run_address>0x91de</run_address>
         <size>0x131</size>
         <input_file_ref idref="fl-2"/>
      </object_component>
      <object_component id="oc-c5">
         <name>.debug_info</name>
         <load_address>0x930f</load_address>
         <run_address>0x930f</run_address>
         <size>0x193</size>
         <input_file_ref idref="fl-3"/>
      </object_component>
      <object_component id="oc-36">
         <name>.debug_info</name>
         <load_address>0x94a2</load_address>
         <run_address>0x94a2</run_address>
         <size>0x84</size>
         <input_file_ref idref="fl-3"/>
      </object_component>
      <object_component id="oc-23f">
         <name>.debug_info</name>
         <load_address>0x9526</load_address>
         <run_address>0x9526</run_address>
         <size>0x9b0</size>
         <input_file_ref idref="fl-4"/>
      </object_component>
      <object_component id="oc-192">
         <name>.debug_info</name>
         <load_address>0x9ed6</load_address>
         <run_address>0x9ed6</run_address>
         <size>0x175</size>
         <input_file_ref idref="fl-4"/>
      </object_component>
      <object_component id="oc-195">
         <name>.debug_info</name>
         <load_address>0xa04b</load_address>
         <run_address>0xa04b</run_address>
         <size>0x181</size>
         <input_file_ref idref="fl-4"/>
      </object_component>
      <object_component id="oc-3ab">
         <name>.debug_info</name>
         <load_address>0xa1cc</load_address>
         <run_address>0xa1cc</run_address>
         <size>0x156</size>
         <input_file_ref idref="fl-4"/>
      </object_component>
      <object_component id="oc-f9">
         <name>.debug_info</name>
         <load_address>0xa322</load_address>
         <run_address>0xa322</run_address>
         <size>0x448</size>
         <input_file_ref idref="fl-4"/>
      </object_component>
      <object_component id="oc-239">
         <name>.debug_info</name>
         <load_address>0xa76a</load_address>
         <run_address>0xa76a</run_address>
         <size>0x354</size>
         <input_file_ref idref="fl-4"/>
      </object_component>
      <object_component id="oc-ff">
         <name>.debug_info</name>
         <load_address>0xaabe</load_address>
         <run_address>0xaabe</run_address>
         <size>0x2b0</size>
         <input_file_ref idref="fl-4"/>
      </object_component>
      <object_component id="oc-2aa">
         <name>.debug_info</name>
         <load_address>0xad6e</load_address>
         <run_address>0xad6e</run_address>
         <size>0x2f5</size>
         <input_file_ref idref="fl-4"/>
      </object_component>
      <object_component id="oc-2b0">
         <name>.debug_info</name>
         <load_address>0xb063</load_address>
         <run_address>0xb063</run_address>
         <size>0x44a</size>
         <input_file_ref idref="fl-4"/>
      </object_component>
      <object_component id="oc-2b6">
         <name>.debug_info</name>
         <load_address>0xb4ad</load_address>
         <run_address>0xb4ad</run_address>
         <size>0x310</size>
         <input_file_ref idref="fl-4"/>
      </object_component>
      <object_component id="oc-2bc">
         <name>.debug_info</name>
         <load_address>0xb7bd</load_address>
         <run_address>0xb7bd</run_address>
         <size>0x310</size>
         <input_file_ref idref="fl-4"/>
      </object_component>
      <object_component id="oc-2c2">
         <name>.debug_info</name>
         <load_address>0xbacd</load_address>
         <run_address>0xbacd</run_address>
         <size>0x341</size>
         <input_file_ref idref="fl-4"/>
      </object_component>
      <object_component id="oc-2c8">
         <name>.debug_info</name>
         <load_address>0xbe0e</load_address>
         <run_address>0xbe0e</run_address>
         <size>0x25e</size>
         <input_file_ref idref="fl-4"/>
      </object_component>
      <object_component id="oc-2ce">
         <name>.debug_info</name>
         <load_address>0xc06c</load_address>
         <run_address>0xc06c</run_address>
         <size>0x219</size>
         <input_file_ref idref="fl-4"/>
      </object_component>
      <object_component id="oc-2d4">
         <name>.debug_info</name>
         <load_address>0xc285</load_address>
         <run_address>0xc285</run_address>
         <size>0x289</size>
         <input_file_ref idref="fl-4"/>
      </object_component>
      <object_component id="oc-36f">
         <name>.debug_info</name>
         <load_address>0xc50e</load_address>
         <run_address>0xc50e</run_address>
         <size>0x37e2</size>
         <input_file_ref idref="fl-4"/>
      </object_component>
      <object_component id="oc-443">
         <name>.debug_info</name>
         <load_address>0xfcf0</load_address>
         <run_address>0xfcf0</run_address>
         <size>0x8cb</size>
         <input_file_ref idref="fl-5"/>
      </object_component>
      <object_component id="oc-360">
         <name>.debug_info</name>
         <load_address>0x105bb</load_address>
         <run_address>0x105bb</run_address>
         <size>0x169</size>
         <input_file_ref idref="fl-5"/>
      </object_component>
      <object_component id="oc-217">
         <name>.debug_info</name>
         <load_address>0x10724</load_address>
         <run_address>0x10724</run_address>
         <size>0x2c0</size>
         <input_file_ref idref="fl-5"/>
      </object_component>
      <object_component id="oc-21d">
         <name>.debug_info</name>
         <load_address>0x109e4</load_address>
         <run_address>0x109e4</run_address>
         <size>0x289</size>
         <input_file_ref idref="fl-5"/>
      </object_component>
      <object_component id="oc-22f">
         <name>.debug_info</name>
         <load_address>0x10c6d</load_address>
         <run_address>0x10c6d</run_address>
         <size>0x280</size>
         <input_file_ref idref="fl-5"/>
      </object_component>
      <object_component id="oc-235">
         <name>.debug_info</name>
         <load_address>0x10eed</load_address>
         <run_address>0x10eed</run_address>
         <size>0x233</size>
         <input_file_ref idref="fl-5"/>
      </object_component>
      <object_component id="oc-89">
         <name>.debug_info</name>
         <load_address>0x11120</load_address>
         <run_address>0x11120</run_address>
         <size>0x321</size>
         <input_file_ref idref="fl-6"/>
      </object_component>
      <object_component id="oc-2d">
         <name>.debug_info</name>
         <load_address>0x11441</load_address>
         <run_address>0x11441</run_address>
         <size>0x15f</size>
         <input_file_ref idref="fl-6"/>
      </object_component>
      <object_component id="oc-79">
         <name>.debug_info</name>
         <load_address>0x115a0</load_address>
         <run_address>0x115a0</run_address>
         <size>0x1c2</size>
         <input_file_ref idref="fl-6"/>
      </object_component>
      <object_component id="oc-7d">
         <name>.debug_info</name>
         <load_address>0x11762</load_address>
         <run_address>0x11762</run_address>
         <size>0x1aa</size>
         <input_file_ref idref="fl-6"/>
      </object_component>
      <object_component id="oc-24a">
         <name>.debug_info</name>
         <load_address>0x1190c</load_address>
         <run_address>0x1190c</run_address>
         <size>0x55d</size>
         <input_file_ref idref="fl-13"/>
      </object_component>
      <object_component id="oc-108">
         <name>.debug_info</name>
         <load_address>0x11e69</load_address>
         <run_address>0x11e69</run_address>
         <size>0x1eb</size>
         <input_file_ref idref="fl-13"/>
      </object_component>
      <object_component id="oc-114">
         <name>.debug_info</name>
         <load_address>0x12054</load_address>
         <run_address>0x12054</run_address>
         <size>0x1ff</size>
         <input_file_ref idref="fl-13"/>
      </object_component>
      <object_component id="oc-11a">
         <name>.debug_info</name>
         <load_address>0x12253</load_address>
         <run_address>0x12253</run_address>
         <size>0x1cc</size>
         <input_file_ref idref="fl-13"/>
      </object_component>
      <object_component id="oc-10e">
         <name>.debug_info</name>
         <load_address>0x1241f</load_address>
         <run_address>0x1241f</run_address>
         <size>0x1f2</size>
         <input_file_ref idref="fl-13"/>
      </object_component>
      <object_component id="oc-120">
         <name>.debug_info</name>
         <load_address>0x12611</load_address>
         <run_address>0x12611</run_address>
         <size>0x1bf</size>
         <input_file_ref idref="fl-13"/>
      </object_component>
      <object_component id="oc-341">
         <name>.debug_info</name>
         <load_address>0x127d0</load_address>
         <run_address>0x127d0</run_address>
         <size>0x26b</size>
         <input_file_ref idref="fl-13"/>
      </object_component>
      <object_component id="oc-376">
         <name>.debug_info</name>
         <load_address>0x12a3b</load_address>
         <run_address>0x12a3b</run_address>
         <size>0x439</size>
         <input_file_ref idref="fl-13"/>
      </object_component>
      <object_component id="oc-32b">
         <name>.debug_info</name>
         <load_address>0x12e74</load_address>
         <run_address>0x12e74</run_address>
         <size>0x297</size>
         <input_file_ref idref="fl-13"/>
      </object_component>
      <object_component id="oc-292">
         <name>.debug_info</name>
         <load_address>0x1310b</load_address>
         <run_address>0x1310b</run_address>
         <size>0xef</size>
         <input_file_ref idref="fl-13"/>
      </object_component>
      <object_component id="oc-1e3">
         <name>.debug_info</name>
         <load_address>0x131fa</load_address>
         <run_address>0x131fa</run_address>
         <size>0xbb</size>
         <input_file_ref idref="fl-13"/>
      </object_component>
      <object_component id="oc-37c">
         <name>.debug_info</name>
         <load_address>0x132b5</load_address>
         <run_address>0x132b5</run_address>
         <size>0x3f7</size>
         <input_file_ref idref="fl-14"/>
      </object_component>
      <object_component id="oc-38b">
         <name>.debug_info</name>
         <load_address>0x136ac</load_address>
         <run_address>0x136ac</run_address>
         <size>0x1ff</size>
         <input_file_ref idref="fl-14"/>
      </object_component>
      <object_component id="oc-25d">
         <name>.debug_info</name>
         <load_address>0x138ab</load_address>
         <run_address>0x138ab</run_address>
         <size>0x21d</size>
         <input_file_ref idref="fl-14"/>
      </object_component>
      <object_component id="oc-265">
         <name>.debug_info</name>
         <load_address>0x13ac8</load_address>
         <run_address>0x13ac8</run_address>
         <size>0x219</size>
         <input_file_ref idref="fl-14"/>
      </object_component>
      <object_component id="oc-24d">
         <name>.debug_info</name>
         <load_address>0x13ce1</load_address>
         <run_address>0x13ce1</run_address>
         <size>0x1df</size>
         <input_file_ref idref="fl-14"/>
      </object_component>
      <object_component id="oc-256">
         <name>.debug_info</name>
         <load_address>0x13ec0</load_address>
         <run_address>0x13ec0</run_address>
         <size>0x1d7</size>
         <input_file_ref idref="fl-14"/>
      </object_component>
      <object_component id="oc-2e0">
         <name>.debug_info</name>
         <load_address>0x14097</load_address>
         <run_address>0x14097</run_address>
         <size>0x278</size>
         <input_file_ref idref="fl-15"/>
      </object_component>
      <object_component id="oc-2dc">
         <name>.debug_info</name>
         <load_address>0x1430f</load_address>
         <run_address>0x1430f</run_address>
         <size>0x136</size>
         <input_file_ref idref="fl-15"/>
      </object_component>
      <object_component id="oc-198">
         <name>.debug_info</name>
         <load_address>0x14445</load_address>
         <run_address>0x14445</run_address>
         <size>0x12b</size>
         <input_file_ref idref="fl-15"/>
      </object_component>
      <object_component id="oc-262">
         <name>.debug_info</name>
         <load_address>0x14570</load_address>
         <run_address>0x14570</run_address>
         <size>0x537</size>
         <input_file_ref idref="fl-16"/>
      </object_component>
      <object_component id="oc-123">
         <name>.debug_info</name>
         <load_address>0x14aa7</load_address>
         <run_address>0x14aa7</run_address>
         <size>0x212</size>
         <input_file_ref idref="fl-16"/>
      </object_component>
      <object_component id="oc-12a">
         <name>.debug_info</name>
         <load_address>0x14cb9</load_address>
         <run_address>0x14cb9</run_address>
         <size>0x210</size>
         <input_file_ref idref="fl-16"/>
      </object_component>
      <object_component id="oc-277">
         <name>.debug_info</name>
         <load_address>0x14ec9</load_address>
         <run_address>0x14ec9</run_address>
         <size>0x4b6</size>
         <input_file_ref idref="fl-17"/>
      </object_component>
      <object_component id="oc-386">
         <name>.debug_info</name>
         <load_address>0x1537f</load_address>
         <run_address>0x1537f</run_address>
         <size>0x1c1</size>
         <input_file_ref idref="fl-17"/>
      </object_component>
      <object_component id="oc-26c">
         <name>.debug_info</name>
         <load_address>0x15540</load_address>
         <run_address>0x15540</run_address>
         <size>0x28a</size>
         <input_file_ref idref="fl-17"/>
      </object_component>
      <object_component id="oc-272">
         <name>.debug_info</name>
         <load_address>0x157ca</load_address>
         <run_address>0x157ca</run_address>
         <size>0x426</size>
         <input_file_ref idref="fl-17"/>
      </object_component>
      <object_component id="oc-130">
         <name>.debug_info</name>
         <load_address>0x15bf0</load_address>
         <run_address>0x15bf0</run_address>
         <size>0x26a</size>
         <input_file_ref idref="fl-17"/>
      </object_component>
      <object_component id="oc-323">
         <name>.debug_info</name>
         <load_address>0x15e5a</load_address>
         <run_address>0x15e5a</run_address>
         <size>0x38d</size>
         <input_file_ref idref="fl-18"/>
      </object_component>
      <object_component id="oc-1ae">
         <name>.debug_info</name>
         <load_address>0x161e7</load_address>
         <run_address>0x161e7</run_address>
         <size>0x324</size>
         <input_file_ref idref="fl-18"/>
      </object_component>
      <object_component id="oc-303">
         <name>.debug_info</name>
         <load_address>0x1650b</load_address>
         <run_address>0x1650b</run_address>
         <size>0x1ea6</size>
         <input_file_ref idref="fl-18"/>
      </object_component>
      <object_component id="oc-99">
         <name>.debug_info</name>
         <load_address>0x183b1</load_address>
         <run_address>0x183b1</run_address>
         <size>0x2c</size>
         <input_file_ref idref="fl-18"/>
      </object_component>
      <object_component id="oc-308">
         <name>.debug_info</name>
         <load_address>0x183dd</load_address>
         <run_address>0x183dd</run_address>
         <size>0x594</size>
         <input_file_ref idref="fl-19"/>
      </object_component>
      <object_component id="oc-2e2">
         <name>.debug_info</name>
         <load_address>0x18971</load_address>
         <run_address>0x18971</run_address>
         <size>0x149</size>
         <input_file_ref idref="fl-19"/>
      </object_component>
      <object_component id="oc-2e5">
         <name>.debug_info</name>
         <load_address>0x18aba</load_address>
         <run_address>0x18aba</run_address>
         <size>0x14a</size>
         <input_file_ref idref="fl-19"/>
      </object_component>
      <object_component id="oc-19b">
         <name>.debug_info</name>
         <load_address>0x18c04</load_address>
         <run_address>0x18c04</run_address>
         <size>0x2f8</size>
         <input_file_ref idref="fl-19"/>
      </object_component>
      <object_component id="oc-31c">
         <name>.debug_info</name>
         <load_address>0x18efc</load_address>
         <run_address>0x18efc</run_address>
         <size>0x3cc</size>
         <input_file_ref idref="fl-1a"/>
      </object_component>
      <object_component id="oc-1a2">
         <name>.debug_info</name>
         <load_address>0x192c8</load_address>
         <run_address>0x192c8</run_address>
         <size>0x2d4</size>
         <input_file_ref idref="fl-1a"/>
      </object_component>
      <object_component id="oc-317">
         <name>.debug_info</name>
         <load_address>0x1959c</load_address>
         <run_address>0x1959c</run_address>
         <size>0x377</size>
         <input_file_ref idref="fl-1a"/>
      </object_component>
      <object_component id="oc-30b">
         <name>.debug_info</name>
         <load_address>0x19913</load_address>
         <run_address>0x19913</run_address>
         <size>0x36f</size>
         <input_file_ref idref="fl-1a"/>
      </object_component>
      <object_component id="oc-3be">
         <name>.debug_info</name>
         <load_address>0x19c82</load_address>
         <run_address>0x19c82</run_address>
         <size>0x11ea</size>
         <input_file_ref idref="fl-1b"/>
      </object_component>
      <object_component id="oc-300">
         <name>.debug_info</name>
         <load_address>0x1ae6c</load_address>
         <run_address>0x1ae6c</run_address>
         <size>0x155</size>
         <input_file_ref idref="fl-1b"/>
      </object_component>
      <object_component id="oc-2fd">
         <name>.debug_info</name>
         <load_address>0x1afc1</load_address>
         <run_address>0x1afc1</run_address>
         <size>0x155</size>
         <input_file_ref idref="fl-1b"/>
      </object_component>
      <object_component id="oc-2fa">
         <name>.debug_info</name>
         <load_address>0x1b116</load_address>
         <run_address>0x1b116</run_address>
         <size>0x155</size>
         <input_file_ref idref="fl-1b"/>
      </object_component>
      <object_component id="oc-2f7">
         <name>.debug_info</name>
         <load_address>0x1b26b</load_address>
         <run_address>0x1b26b</run_address>
         <size>0x157</size>
         <input_file_ref idref="fl-1b"/>
      </object_component>
      <object_component id="oc-2f4">
         <name>.debug_info</name>
         <load_address>0x1b3c2</load_address>
         <run_address>0x1b3c2</run_address>
         <size>0x157</size>
         <input_file_ref idref="fl-1b"/>
      </object_component>
      <object_component id="oc-2f1">
         <name>.debug_info</name>
         <load_address>0x1b519</load_address>
         <run_address>0x1b519</run_address>
         <size>0x157</size>
         <input_file_ref idref="fl-1b"/>
      </object_component>
      <object_component id="oc-2ee">
         <name>.debug_info</name>
         <load_address>0x1b670</load_address>
         <run_address>0x1b670</run_address>
         <size>0x159</size>
         <input_file_ref idref="fl-1b"/>
      </object_component>
      <object_component id="oc-2eb">
         <name>.debug_info</name>
         <load_address>0x1b7c9</load_address>
         <run_address>0x1b7c9</run_address>
         <size>0x159</size>
         <input_file_ref idref="fl-1b"/>
      </object_component>
      <object_component id="oc-2e8">
         <name>.debug_info</name>
         <load_address>0x1b922</load_address>
         <run_address>0x1b922</run_address>
         <size>0x159</size>
         <input_file_ref idref="fl-1b"/>
      </object_component>
      <object_component id="oc-420">
         <name>.debug_info</name>
         <load_address>0x1ba7b</load_address>
         <run_address>0x1ba7b</run_address>
         <size>0x478</size>
         <input_file_ref idref="fl-1c"/>
      </object_component>
      <object_component id="oc-311">
         <name>.debug_info</name>
         <load_address>0x1bef3</load_address>
         <run_address>0x1bef3</run_address>
         <size>0x34a</size>
         <input_file_ref idref="fl-1c"/>
      </object_component>
      <object_component id="oc-416">
         <name>.debug_info</name>
         <load_address>0x1c23d</load_address>
         <run_address>0x1c23d</run_address>
         <size>0x390</size>
         <input_file_ref idref="fl-1c"/>
      </object_component>
      <object_component id="oc-40a">
         <name>.debug_info</name>
         <load_address>0x1c5cd</load_address>
         <run_address>0x1c5cd</run_address>
         <size>0x3b1</size>
         <input_file_ref idref="fl-1c"/>
      </object_component>
      <object_component id="oc-474">
         <name>.debug_info</name>
         <load_address>0x1c97e</load_address>
         <run_address>0x1c97e</run_address>
         <size>0x3e0</size>
         <input_file_ref idref="fl-1d"/>
      </object_component>
      <object_component id="oc-410">
         <name>.debug_info</name>
         <load_address>0x1cd5e</load_address>
         <run_address>0x1cd5e</run_address>
         <size>0x470</size>
         <input_file_ref idref="fl-1d"/>
      </object_component>
      <object_component id="oc-404">
         <name>.debug_info</name>
[...]
         <name>arm_radix4_butterfly_q15</name>
         <value>0x133f5</value>
         <object_component_ref idref="oc-40e"/>
      </symbol>
      <symbol id="sm-43d">
         <name>arm_bitreversal_32</name>
         <value>0x14b65</value>
         <object_component_ref idref="oc-41a"/>
      </symbol>
      <symbol id="sm-43e">
         <name>arm_bitreversal_16</name>
         <value>0x14bcf</value>
         <object_component_ref idref="oc-41a"/>
      </symbol>
      <symbol id="sm-4af">
         <name>armBitRevIndexTable_fixed_256</name>
         <value>0x11b5c</value>
         <object_component_ref idref="oc-3da"/>
      </symbol>
      <symbol id="sm-4b0">
         <name>twiddleCoef_128_q15</name>
         <value>0x11d3c</value>
         <object_component_ref idref="oc-3df"/>
      </symbol>
      <symbol id="sm-4b1">
         <name>twiddleCoef_16_q15</name>
         <value>0x122d4</value>
         <object_component_ref idref="oc-3f7"/>
      </symbol>
      <symbol id="sm-4b2">
         <name>twiddleCoef_2048_q15</name>
         <value>0xd064</value>
         <object_component_ref idref="oc-3bf"/>
      </symbol>
      <symbol id="sm-4b3">
         <name>armBitRevIndexTable_fixed_16</name>
         <value>0x12340</value>
         <object_component_ref idref="oc-3fa"/>
      </symbol>
      <symbol id="sm-4b4">
         <name>armBitRevIndexTable_fixed_32</name>
         <value>0x122a4</value>
         <object_component_ref idref="oc-3f2"/>
      </symbol>
      <symbol id="sm-4b5">
         <name>armBitRevIndexTable_fixed_1024</name>
         <value>0x103e4</value>
         <object_component_ref idref="oc-3ca"/>
      </symbol>
      <symbol id="sm-4b6">
         <name>armBitRevIndexTable_fixed_4096</name>
         <value>0xb0e4</value>
         <object_component_ref idref="oc-3b9"/>
      </symbol>
      <symbol id="sm-4b7">
         <name>twiddleCoef_64_q15</name>
         <value>0x12064</value>
         <object_component_ref idref="oc-3e7"/>
      </symbol>
      <symbol id="sm-4b8">
         <name>armBitRevIndexTable_fixed_64</name>
         <value>0x121a4</value>
         <object_component_ref idref="oc-3ea"/>
      </symbol>
      <symbol id="sm-4b9">
         <name>armBitRevIndexTable_fixed_128</name>
         <value>0x11ebc</value>
         <object_component_ref idref="oc-3e2"/>
      </symbol>
      <symbol id="sm-4ba">
         <name>twiddleCoef_4096_q15</name>
         <value>0x80e4</value>
         <object_component_ref idref="oc-3b6"/>
      </symbol>
      <symbol id="sm-4bb">
         <name>armBitRevIndexTable_fixed_512</name>
         <value>0x111a4</value>
         <object_component_ref idref="oc-3d2"/>
      </symbol>
      <symbol id="sm-4bc">
         <name>twiddleCoef_32_q15</name>
         <value>0x12214</value>
         <object_component_ref idref="oc-3ef"/>
      </symbol>
      <symbol id="sm-4bd">
         <name>twiddleCoef_256_q15</name>
         <value>0x11564</value>
         <object_component_ref idref="oc-3d7"/>
      </symbol>
      <symbol id="sm-4be">
         <name>twiddleCoef_1024_q15</name>
         <value>0xf7e4</value>
         <object_component_ref idref="oc-3c7"/>
      </symbol>
      <symbol id="sm-4bf">
         <name>armBitRevIndexTable_fixed_2048</name>
         <value>0xe864</value>
         <object_component_ref idref="oc-3c2"/>
      </symbol>
      <symbol id="sm-4c0">
         <name>twiddleCoef_512_q15</name>
         <value>0x10ba4</value>
         <object_component_ref idref="oc-3cf"/>
      </symbol>
      <symbol id="sm-569">
         <name>ADC14_configureSingleSampleMode</name>
         <value>0x157c5</value>
         <object_component_ref idref="oc-16c"/>
      </symbol>
      <symbol id="sm-56a">
         <name>ADC14_setResultFormat</name>
         <value>0x15cf5</value>
         <object_component_ref idref="oc-178"/>
      </symbol>
      <symbol id="sm-56b">
         <name>ADC14_initModule</name>
         <value>0x1581d</value>
         <object_component_ref idref="oc-15a"/>
      </symbol>
      <symbol id="sm-56c">
         <name>ADC14_setSampleHoldTrigger</name>
         <value>0x15a0d</value>
         <object_component_ref idref="oc-160"/>
      </symbol>
      <symbol id="sm-56d">
         <name>ADC14_configureConversionMemory</name>
         <value>0x14e3d</value>
         <object_component_ref idref="oc-172"/>
      </symbol>
      <symbol id="sm-56e">
         <name>ADC14_enableModule</name>
         <value>0x15fb1</value>
         <object_component_ref idref="oc-154"/>
      </symbol>
      <symbol id="sm-5ca">
         <name>DMA_getChannelAttribute</name>
         <value>0x15305</value>
         <object_component_ref idref="oc-cb"/>
      </symbol>
      <symbol id="sm-5cb">
         <name>DMA_enableModule</name>
         <value>0x15fbd</value>
         <object_component_ref idref="oc-17e"/>
      </symbol>
      <symbol id="sm-5cc">
         <name>DMA_setChannelTransfer</name>
         <value>0x1498d</value>
         <object_component_ref idref="oc-d7"/>
      </symbol>
      <symbol id="sm-5cd">
         <name>DMA_setChannelControl</name>
         <value>0x15bdd</value>
         <object_component_ref idref="oc-d1"/>
      </symbol>
      <symbol id="sm-5ce">
         <name>DMA_setControlBase</name>
         <value>0x15f55</value>
         <object_component_ref idref="oc-184"/>
      </symbol>
      <symbol id="sm-5cf">
         <name>DMA_disableChannelAttribute</name>
         <value>0x156a1</value>
         <object_component_ref idref="oc-18a"/>
      </symbol>
      <symbol id="sm-617">
         <name>GPIO_setOutputHighOnPin</name>
         <value>0x15e01</value>
         <object_component_ref idref="oc-226"/>
      </symbol>
      <symbol id="sm-618">
         <name>GPIO_setAsOutputPin</name>
         <value>0x15add</value>
         <object_component_ref idref="oc-34c"/>
      </symbol>
      <symbol id="sm-619">
         <name>GPIO_setOutputLowOnPin</name>
         <value>0x15e29</value>
         <object_component_ref idref="oc-220"/>
      </symbol>
      <symbol id="sm-61a">
         <name>GPIO_setAsPeripheralModuleFunctionOutputPin</name>
         <value>0x1527d</value>
         <object_component_ref idref="oc-346"/>
      </symbol>
      <symbol id="sm-61b">
         <name>GPIO_setAsPeripheralModuleFunctionInputPin</name>
         <value>0x151f5</value>
         <object_component_ref idref="oc-166"/>
      </symbol>
      <symbol id="sm-65b">
         <name>EUSCI_B_SPI_enable</name>
         <value>0x15f13</value>
         <object_component_ref idref="oc-43a"/>
      </symbol>
      <symbol id="sm-65c">
         <name>SPI_enableModule</name>
         <value>0x15e79</value>
         <object_component_ref idref="oc-359"/>
      </symbol>
      <symbol id="sm-65d">
         <name>EUSCI_A_SPI_enable</name>
         <value>0x15efd</value>
         <object_component_ref idref="oc-434"/>
      </symbol>
      <symbol id="sm-65e">
         <name>SPI_initMaster</name>
         <value>0x14d8b</value>
         <object_component_ref idref="oc-353"/>
      </symbol>
      <symbol id="sm-689">
         <name>Timer_A_generatePWM</name>
         <value>0x15479</value>
         <object_component_ref idref="oc-14e"/>
      </symbol>
      <symbol id="sm-69b">
         <name>_c_int00</name>
         <value>0x158c5</value>
         <object_component_ref idref="oc-26"/>
      </symbol>
      <symbol id="sm-69c">
         <name>__stack</name>
         <value>0x2000fe00</value>
         <object_component_ref idref="oc-2f"/>
      </symbol>
      <symbol id="sm-6ba">
         <name>__TI_decompress_lzss</name>
         <value>0x15639</value>
         <object_component_ref idref="oc-14"/>
      </symbol>
      <symbol id="sm-6d1">
         <name>__TI_decompress_none</name>
         <value>0x15fa1</value>
         <object_component_ref idref="oc-1a"/>
      </symbol>
      <symbol id="sm-6e3">
         <name>__TI_zero_init</name>
         <value>0x15fd5</value>
         <object_component_ref idref="oc-20"/>
      </symbol>
      <symbol id="sm-6f5">
         <name>sqrtf</name>
         <value>0x15e51</value>
         <object_component_ref idref="oc-1a6"/>
      </symbol>
      <symbol id="sm-6fd">
         <name>errno</name>
         <value>0x20001e78</value>
         <object_component_ref idref="oc-31d"/>
      </symbol>
      <symbol id="sm-71e">
         <name>C$$EXIT</name>
         <value>0x15919</value>
         <object_component_ref idref="oc-6b"/>
      </symbol>
      <symbol id="sm-71f">
         <name>abort</name>
         <value>0x1591d</value>
         <object_component_ref idref="oc-6b"/>
      </symbol>
      <symbol id="sm-720">
         <name>exit</name>
         <value>0x15925</value>
         <object_component_ref idref="oc-6b"/>
      </symbol>
      <symbol id="sm-721">
         <name>__TI_dtors_ptr</name>
         <value>0x20001e68</value>
         <object_component_ref idref="oc-b8"/>
      </symbol>
      <symbol id="sm-722">
         <name>__TI_cleanup_ptr</name>
         <value>0x20001e64</value>
         <object_component_ref idref="oc-b8"/>
      </symbol>
      <symbol id="sm-723">
         <name>__TI_enable_exit_profile_output</name>
         <value>0x20001e6c</value>
         <object_component_ref idref="oc-b8"/>
      </symbol>
      <symbol id="sm-73a">
         <name>__aeabi_dsub</name>
         <value>0x13a47</value>
         <object_component_ref idref="oc-144"/>
      </symbol>
      <symbol id="sm-73b">
         <name>__aeabi_dadd</name>
         <value>0x13a51</value>
         <object_component_ref idref="oc-144"/>
      </symbol>
      <symbol id="sm-746">
         <name>__aeabi_dmul</name>
         <value>0x14795</value>
         <object_component_ref idref="oc-13f"/>
      </symbol>
      <symbol id="sm-752">
         <name>__aeabi_d2f</name>
         <value>0x1555d</value>
         <object_component_ref idref="oc-149"/>
      </symbol>
      <symbol id="sm-75d">
         <name>__aeabi_f2d</name>
         <value>0x15c51</value>
         <object_component_ref idref="oc-13a"/>
      </symbol>
      <symbol id="sm-778">
         <name>memcpy</name>
         <value>0x15159</value>
         <object_component_ref idref="oc-3b"/>
      </symbol>
      <symbol id="sm-779">
         <name>__aeabi_memcpy</name>
         <value>0x15159</value>
         <object_component_ref idref="oc-3b"/>
      </symbol>
      <symbol id="sm-77a">
         <name>__aeabi_memcpy8</name>
         <value>0x15159</value>
         <object_component_ref idref="oc-3b"/>
      </symbol>
      <symbol id="sm-77b">
         <name>__aeabi_memcpy4</name>
         <value>0x15159</value>
         <object_component_ref idref="oc-3b"/>
      </symbol>
      <symbol id="sm-78a">
         <name>__aeabi_memset</name>
         <value>0x15387</value>
         <object_component_ref idref="oc-47"/>
      </symbol>
      <symbol id="sm-78b">
         <name>memset</name>
         <value>0x1538d</value>
         <object_component_ref idref="oc-47"/>
      </symbol>
      <symbol id="sm-78c">
         <name>__aeabi_memset8</name>
         <value>0x15387</value>
         <object_component_ref idref="oc-47"/>
      </symbol>
      <symbol id="sm-78d">
         <name>__aeabi_memset4</name>
         <value>0x15387</value>
         <object_component_ref idref="oc-47"/>
      </symbol>
      <symbol id="sm-78e">
         <name>__aeabi_memclr8</name>
         <value>0x15385</value>
         <object_component_ref idref="oc-47"/>
      </symbol>
      <symbol id="sm-78f">
         <name>__aeabi_memclr4</name>
         <value>0x15385</value>
         <object_component_ref idref="oc-47"/>
      </symbol>
      <symbol id="sm-790">
         <name>__aeabi_memclr</name>
         <value>0x15385</value>
         <object_component_ref idref="oc-47"/>
      </symbol>
      <symbol id="sm-79a">
         <name>__mpu_init</name>
         <value>0x1498b</value>
         <object_component_ref idref="oc-53"/>
      </symbol>
      <symbol id="sm-7a4">
         <name>_system_pre_init</name>
         <value>0x15feb</value>
         <object_component_ref idref="oc-59"/>
      </symbol>
      <symbol id="sm-7b8">
         <name>cosf</name>
         <value>0x14c25</value>
         <object_component_ref idref="oc-134"/>
      </symbol>
      <symbol id="sm-7c0">
         <name>main_func_sp</name>
         <value>0x20001e7c</value>
         <object_component_ref idref="oc-71"/>
      </symbol>
      <symbol id="sm-7d9">
         <name>_nop</name>
         <value>0x15f77</value>
         <object_component_ref idref="oc-1d5"/>
      </symbol>
      <symbol id="sm-7da">
         <name>_lock</name>
         <value>0x20001e70</value>
         <object_component_ref idref="oc-bb"/>
      </symbol>
      <symbol id="sm-7db">
         <name>_unlock</name>
         <value>0x20001e74</value>
         <object_component_ref idref="oc-bb"/>
      </symbol>
      <symbol id="sm-7dc">
         <name>_register_lock</name>
         <value>0x15f6f</value>
         <object_component_ref idref="oc-1d5"/>
      </symbol>
      <symbol id="sm-7dd">
         <name>_register_unlock</name>
         <value>0x15f69</value>
         <object_component_ref idref="oc-1d5"/>
      </symbol>
      <symbol id="sm-7f1">
         <name>_args_main</name>
         <value>0x15ee5</value>
         <object_component_ref idref="oc-65"/>
      </symbol>
      <symbol id="sm-81b">
         <name>__TI_auto_init</name>
         <value>0x154ed</value>
         <object_component_ref idref="oc-5f"/>
      </symbol>
      <symbol id="sm-835">
         <name>copy_in</name>
         <value>0x159c1</value>
         <object_component_ref idref="oc-a2"/>
      </symbol>
      <symbol id="sm-83f">
         <name>_system_post_cinit</name>
         <value>0x14e3b</value>
         <object_component_ref idref="oc-a8"/>
      </symbol>
      <symbol id="sm-840">
         <name>__TI_static_base__</name>
         <value>0x0</value>
      </symbol>
      <symbol id="sm-843">
         <name>SHT$$INIT_ARRAY$$Limit</name>
         <value>0x0</value>
      </symbol>
      <symbol id="sm-844">
         <name>SHT$$INIT_ARRAY$$Base</name>
         <value>0x0</value>
      </symbol>
      <symbol id="sm-845">
         <name>NMI_Handler</name>
         <value>0x1453b</value>
      </symbol>
      <symbol id="sm-846">
         <name>HardFault_Handler</name>
         <value>0x1453b</value>
      </symbol>
      <symbol id="sm-847">
         <name>MemManage_Handler</name>
         <value>0x1453b</value>
      </symbol>
      <symbol id="sm-848">
         <name>BusFault_Handler</name>
         <value>0x1453b</value>
      </symbol>
      <symbol id="sm-849">
         <name>UsageFault_Handler</name>
         <value>0x1453b</value>
      </symbol>
      <symbol id="sm-84a">
         <name>SVC_Handler</name>
         <value>0x1453b</value>
      </symbol>
      <symbol id="sm-84b">
         <name>DebugMon_Handler</name>
         <value>0x1453b</value>
      </symbol>
      <symbol id="sm-84c">
         <name>PendSV_Handler</name>
         <value>0x1453b</value>
      </symbol>
      <symbol id="sm-84d">
         <name>SysTick_Handler</name>
         <value>0x1453b</value>
      </symbol>
      <symbol id="sm-84e">
         <name>PSS_IRQHandler</name>
         <value>0x1453b</value>
      </symbol>
      <symbol id="sm-84f">
         <name>CS_IRQHandler</name>
         <value>0x1453b</value>
      </symbol>
      <symbol id="sm-850">
         <name>PCM_IRQHandler</name>
         <value>0x1453b</value>
      </symbol>
      <symbol id="sm-851">
         <name>WDT_A_IRQHandler</name>
         <value>0x1453b</value>
      </symbol>
      <symbol id="sm-852">
         <name>FPU_IRQHandler</name>
         <value>0x1453b</value>
      </symbol>
      <symbol id="sm-853">
         <name>FLCTL_IRQHandler</name>
         <value>0x1453b</value>
      </symbol>
      <symbol id="sm-854">
         <name>COMP_E0_IRQHandler</name>
         <value>0x1453b</value>
      </symbol>
      <symbol id="sm-855">
         <name>COMP_E1_IRQHandler</name>
         <value>0x1453b</value>
      </symbol>
      <symbol id="sm-856">
         <name>TA0_0_IRQHandler</name>
         <value>0x1453b</value>
      </symbol>
      <symbol id="sm-857">
         <name>TA0_N_IRQHandler</name>
         <value>0x1453b</value>
      </symbol>
      <symbol id="sm-858">
         <name>TA1_0_IRQHandler</name>
         <value>0x1453b</value>
      </symbol>
      <symbol id="sm-859">
         <name>TA1_N_IRQHandler</name>
         <value>0x1453b</value>
      </symbol>
      <symbol id="sm-85a">
         <name>TA2_0_IRQHandler</name>
         <value>0x1453b</value>
      </symbol>
      <symbol id="sm-85b">
         <name>TA2_N_IRQHandler</name>
         <value>0x1453b</value>
      </symbol>
      <symbol id="sm-85c">
         <name>TA3_0_IRQHandler</name>
         <value>0x1453b</value>
      </symbol>
      <symbol id="sm-85d">
         <name>TA3_N_IRQHandler</name>
         <value>0x1453b</value>
      </symbol>
      <symbol id="sm-85e">
         <name>EUSCIA0_IRQHandler</name>
         <value>0x1453b</value>
      </symbol>
      <symbol id="sm-85f">
         <name>EUSCIA1_IRQHandler</name>
         <value>0x1453b</value>
      </symbol>
      <symbol id="sm-860">
         <name>EUSCIA2_IRQHandler</name>
         <value>0x1453b</value>
      </symbol>
      <symbol id="sm-861">
         <name>EUSCIA3_IRQHandler</name>
         <value>0x1453b</value>
      </symbol>
      <symbol id="sm-862">
         <name>EUSCIB0_IRQHandler</name>
         <value>0x1453b</value>
      </symbol>
      <symbol id="sm-863">
         <name>EUSCIB1_IRQHandler</name>
         <value>0x1453b</value>
      </symbol>
      <symbol id="sm-864">
         <name>EUSCIB2_IRQHandler</name>
         <value>0x1453b</value>
      </symbol>
      <symbol id="sm-865">
         <name>EUSCIB3_IRQHandler</name>
         <value>0x1453b</value>
      </symbol>
      <symbol id="sm-866">
         <name>ADC14_IRQHandler</name>
         <value>0x1453b</value>
      </symbol>
      <symbol id="sm-867">
         <name>T32_INT1_IRQHandler</name>
         <value>0x1453b</value>
      </symbol>
      <symbol id="sm-868">
         <name>T32_INT2_IRQHandler</name>
         <value>0x1453b</value>
      </symbol>
      <symbol id="sm-869">
         <name>T32_INTC_IRQHandler</name>
         <value>0x1453b</value>
      </symbol>
      <symbol id="sm-86a">
         <name>AES256_IRQHandler</name>
         <value>0x1453b</value>
      </symbol>
      <symbol id="sm-86b">
         <name>RTC_C_IRQHandler</name>
         <value>0x1453b</value>
      </symbol>
      <symbol id="sm-86c">
         <name>DMA_ERR_IRQHandler</name>
         <value>0x1453b</value>
      </symbol>
      <symbol id="sm-86d">
         <name>DMA_INT3_IRQHandler</name>
         <value>0x1453b</value>
      </symbol>
      <symbol id="sm-86e">
         <name>DMA_INT2_IRQHandler</name>
         <value>0x1453b</value>
      </symbol>
      <symbol id="sm-86f">
         <name>DMA_INT1_IRQHandler</name>
         <value>0x155cd</value>
      </symbol>
      <symbol id="sm-870">
         <name>DMA_INT0_IRQHandler</name>
         <value>0x1453b</value>
      </symbol>
      <symbol id="sm-871">
         <name>PORT1_IRQHandler</name>
         <value>0x1453b</value>
      </symbol>
      <symbol id="sm-872">
         <name>PORT2_IRQHandler</name>
         <value>0x1453b</value>
      </symbol>
      <symbol id="sm-873">
         <name>PORT3_IRQHandler</name>
         <value>0x1453b</value>
      </symbol>
      <symbol id="sm-874">
         <name>PORT4_IRQHandler</name>
         <value>0x1453b</value>
      </symbol>
      <symbol id="sm-875">
         <name>PORT5_IRQHandler</name>
         <value>0x1453b</value>
      </symbol>
      <symbol id="sm-876">
         <name>PORT6_IRQHandler</name>
         <value>0x1453b</value>
      </symbol>
   </symbol_table>
   <title>Link successful</title>
</link_info>
