<?xml version="1.0"?>
<link_info>
   <banner>TI ARM Linker PC v16.9.6.LTS</banner>
   <copyright>Copyright (c) 1996-2017 Texas Instruments Incorporated</copyright>
   <link_time>0x5efab0c2</link_time>
   <link_errors>0x0</link_errors>
   <output_file>boostxl_edumkii_temperature_msp432p401r_MSP_EXP432P401R_nortos_ccs.out</output_file>
   <entry_point>
      <name>_c_int00</name>
      <address>0x3cf1</address>
   </entry_point>
   <input_file_list>
      <input_file id="fl-2">
         <path>.\</path>
         <kind>object</kind>
         <file>HAL_I2C.obj</file>
         <name>HAL_I2C.obj</name>
      </input_file>
      <input_file id="fl-3">
         <path>.\</path>
         <kind>object</kind>
         <file>HAL_TMP006.obj</file>
         <name>HAL_TMP006.obj</name>
      </input_file>
      <input_file id="fl-4">
         <path>.\</path>
         <kind>object</kind>
         <file>main.obj</file>
         <name>main.obj</name>
      </input_file>
      <input_file id="fl-5">
         <path>.\</path>
         <kind>object</kind>
         <file>system_msp432p401r.obj</file>
         <name>system_msp432p401r.obj</name>
      </input_file>
      <input_file id="fl-6">
         <path>.\LcdDriver\</path>
         <kind>object</kind>
         <file>Crystalfontz128x128_ST7735.obj</file>
         <name>Crystalfontz128x128_ST7735.obj</name>
      </input_file>
      <input_file id="fl-7">
         <path>.\LcdDriver\</path>
         <kind>object</kind>
         <file>HAL_MSP_EXP432P401R_Crystalfontz128x128_ST7735.obj</file>
         <name>HAL_MSP_EXP432P401R_Crystalfontz128x128_ST7735.obj</name>
      </input_file>
      <input_file id="fl-8">
         <path>.\ccs\</path>
         <kind>object</kind>
         <file>startup_msp432p401r_ccs.obj</file>
         <name>startup_msp432p401r_ccs.obj</name>
      </input_file>
      <input_file id="fl-13">
         <kind>object</kind>
         <file>&lt;internal&gt;</file>
         <name>&lt;internal&gt;</name>
      </input_file>
      <input_file id="fl-14">
         <path>C:\ti\simplelink_msp432p4_sdk_2_20_00_12\source\ti\grlib\lib\ccs\m4f\</path>
         <kind>archive</kind>
         <file>grlib.a</file>
         <name>context.obj</name>
      </input_file>
      <input_file id="fl-15">
         <path>C:\ti\simplelink_msp432p4_sdk_2_20_00_12\source\ti\grlib\lib\ccs\m4f\</path>
         <kind>archive</kind>
         <file>grlib.a</file>
         <name>display.obj</name>
      </input_file>
      <input_file id="fl-16">
         <path>C:\ti\simplelink_msp432p4_sdk_2_20_00_12\source\ti\grlib\lib\ccs\m4f\</path>
         <kind>archive</kind>
         <file>grlib.a</file>
         <name>fontfixed6x8.obj</name>
      </input_file>
      <input_file id="fl-17">
         <path>C:\ti\simplelink_msp432p4_sdk_2_20_00_12\source\ti\grlib\lib\ccs\m4f\</path>
         <kind>archive</kind>
         <file>grlib.a</file>
         <name>string.obj</name>
      </input_file>
      <input_file id="fl-18">
         <path>C:\ti\simplelink_msp432p4_sdk_2_20_00_12\source\ti\grlib\lib\ccs\m4f\</path>
         <kind>archive</kind>
         <file>grlib.a</file>
         <name>line.obj</name>
      </input_file>
      <input_file id="fl-19">
         <path>C:\ti\simplelink_msp432p4_sdk_2_20_00_12\source\ti\devices\msp432p4xx\driverlib\ccs\</path>
         <kind>archive</kind>
         <file>msp432p4xx_driverlib.lib</file>
         <name>gpio.o</name>
      </input_file>
      <input_file id="fl-1a">
         <path>C:\ti\simplelink_msp432p4_sdk_2_20_00_12\source\ti\devices\msp432p4xx\driverlib\ccs\</path>
         <kind>archive</kind>
         <file>msp432p4xx_driverlib.lib</file>
         <name>i2c.o</name>
      </input_file>
      <input_file id="fl-1b">
         <path>C:\ti\simplelink_msp432p4_sdk_2_20_00_12\source\ti\devices\msp432p4xx\driverlib\ccs\</path>
         <kind>archive</kind>
         <file>msp432p4xx_driverlib.lib</file>
         <name>interrupt.o</name>
      </input_file>
      <input_file id="fl-1c">
         <path>C:\ti\simplelink_msp432p4_sdk_2_20_00_12\source\ti\devices\msp432p4xx\driverlib\ccs\</path>
         <kind>archive</kind>
         <file>msp432p4xx_driverlib.lib</file>
         <name>spi.o</name>
      </input_file>
      <input_file id="fl-1d">
         <path>C:\ti\simplelink_msp432p4_sdk_2_20_00_12\source\ti\devices\msp432p4xx\driverlib\ccs\</path>
         <kind>archive</kind>
         <file>msp432p4xx_driverlib.lib</file>
         <name>cpu.o</name>
      </input_file>
      <input_file id="fl-d3">
         <path>C:\ti\ccs740\ccsv7\tools\compiler\ti-cgt-arm_16.9.6.LTS\lib\</path>
         <kind>archive</kind>
         <file>rtsv7M4_T_le_v4SPD16_eabi.lib</file>
         <name>boot.obj</name>
      </input_file>
      <input_file id="fl-d4">
         <path>C:\ti\ccs740\ccsv7\tools\compiler\ti-cgt-arm_16.9.6.LTS\lib\</path>
         <kind>archive</kind>
         <file>rtsv7M4_T_le_v4SPD16_eabi.lib</file>
         <name>copy_decompress_lzss.obj</name>
      </input_file>
      <input_file id="fl-d5">
         <path>C:\ti\ccs740\ccsv7\tools\compiler\ti-cgt-arm_16.9.6.LTS\lib\</path>
         <kind>archive</kind>
         <file>rtsv7M4_T_le_v4SPD16_eabi.lib</file>
         <name>copy_decompress_none.obj</name>
      </input_file>
      <input_file id="fl-d6">
         <path>C:\ti\ccs740\ccsv7\tools\compiler\ti-cgt-arm_16.9.6.LTS\lib\</path>
         <kind>archive</kind>
         <file>rtsv7M4_T_le_v4SPD16_eabi.lib</file>
         <name>copy_zero_init.obj</name>
      </input_file>
      <input_file id="fl-d7">
         <path>C:\ti\ccs740\ccsv7\tools\compiler\ti-cgt-arm_16.9.6.LTS\lib\</path>
         <kind>archive</kind>
         <file>rtsv7M4_T_le_v4SPD16_eabi.lib</file>
         <name>e_pow.obj</name>
      </input_file>
      <input_file id="fl-d8">
         <path>C:\ti\ccs740\ccsv7\tools\compiler\ti-cgt-arm_16.9.6.LTS\lib\</path>
         <kind>archive</kind>
         <file>rtsv7M4_T_le_v4SPD16_eabi.lib</file>
         <name>e_sqrt.obj</name>
      </input_file>
      <input_file id="fl-d9">
         <path>C:\ti\ccs740\ccsv7\tools\compiler\ti-cgt-arm_16.9.6.LTS\lib\</path>
         <kind>archive</kind>
         <file>rtsv7M4_T_le_v4SPD16_eabi.lib</file>
         <name>errno.obj</name>
      </input_file>
      <input_file id="fl-da">
         <path>C:\ti\ccs740\ccsv7\tools\compiler\ti-cgt-arm_16.9.6.LTS\lib\</path>
         <kind>archive</kind>
         <file>rtsv7M4_T_le_v4SPD16_eabi.lib</file>
         <name>exit.obj</name>
      </input_file>
      <input_file id="fl-db">
         <path>C:\ti\ccs740\ccsv7\tools\compiler\ti-cgt-arm_16.9.6.LTS\lib\</path>
         <kind>archive</kind>
         <file>rtsv7M4_T_le_v4SPD16_eabi.lib</file>
         <name>fd_add_t2.obj</name>
      </input_file>
      <input_file id="fl-dc">
         <path>C:\ti\ccs740\ccsv7\tools\compiler\ti-cgt-arm_16.9.6.LTS\lib\</path>
         <kind>archive</kind>
         <file>rtsv7M4_T_le_v4SPD16_eabi.lib</file>
         <name>fd_cmp_t2.obj</name>
      </input_file>
      <input_file id="fl-dd">
         <path>C:\ti\ccs740\ccsv7\tools\compiler\ti-cgt-arm_16.9.6.LTS\lib\</path>
         <kind>archive</kind>
         <file>rtsv7M4_T_le_v4SPD16_eabi.lib</file>
         <name>fd_div_t2.obj</name>
      </input_file>
      <input_file id="fl-de">
         <path>C:\ti\ccs740\ccsv7\tools\compiler\ti-cgt-arm_16.9.6.LTS\lib\</path>
         <kind>archive</kind>
         <file>rtsv7M4_T_le_v4SPD16_eabi.lib</file>
         <name>fd_mul_t2.obj</name>
      </input_file>
      <input_file id="fl-df">
         <path>C:\ti\ccs740\ccsv7\tools\compiler\ti-cgt-arm_16.9.6.LTS\lib\</path>
         <kind>archive</kind>
         <file>rtsv7M4_T_le_v4SPD16_eabi.lib</file>
         <name>fd_tos_t2.obj</name>
      </input_file>
      <input_file id="fl-e0">
         <path>C:\ti\ccs740\ccsv7\tools\compiler\ti-cgt-arm_16.9.6.LTS\lib\</path>
         <kind>archive</kind>
         <file>rtsv7M4_T_le_v4SPD16_eabi.lib</file>
         <name>fs_tod_t2.obj</name>
      </input_file>
      <input_file id="fl-e1">
         <path>C:\ti\ccs740\ccsv7\tools\compiler\ti-cgt-arm_16.9.6.LTS\lib\</path>
         <kind>archive</kind>
         <file>rtsv7M4_T_le_v4SPD16_eabi.lib</file>
         <name>i_tofd_t2.obj</name>
      </input_file>
      <input_file id="fl-e2">
         <path>C:\ti\ccs740\ccsv7\tools\compiler\ti-cgt-arm_16.9.6.LTS\lib\</path>
         <kind>archive</kind>
         <file>rtsv7M4_T_le_v4SPD16_eabi.lib</file>
         <name>memcpy_t2.obj</name>
      </input_file>
      <input_file id="fl-e3">
         <path>C:\ti\ccs740\ccsv7\tools\compiler\ti-cgt-arm_16.9.6.LTS\lib\</path>
         <kind>archive</kind>
         <file>rtsv7M4_T_le_v4SPD16_eabi.lib</file>
         <name>memset_t2.obj</name>
      </input_file>
      <input_file id="fl-e4">
         <path>C:\ti\ccs740\ccsv7\tools\compiler\ti-cgt-arm_16.9.6.LTS\lib\</path>
         <kind>archive</kind>
         <file>rtsv7M4_T_le_v4SPD16_eabi.lib</file>
         <name>mpu_init.obj</name>
      </input_file>
      <input_file id="fl-e5">
         <path>C:\ti\ccs740\ccsv7\tools\compiler\ti-cgt-arm_16.9.6.LTS\lib\</path>
         <kind>archive</kind>
         <file>rtsv7M4_T_le_v4SPD16_eabi.lib</file>
         <name>pre_init.obj</name>
      </input_file>
      <input_file id="fl-e6">
         <path>C:\ti\ccs740\ccsv7\tools\compiler\ti-cgt-arm_16.9.6.LTS\lib\</path>
         <kind>archive</kind>
         <file>rtsv7M4_T_le_v4SPD16_eabi.lib</file>
         <name>s_scalbn.obj</name>
      </input_file>
      <input_file id="fl-e7">
         <path>C:\ti\ccs740\ccsv7\tools\compiler\ti-cgt-arm_16.9.6.LTS\lib\</path>
         <kind>archive</kind>
         <file>rtsv7M4_T_le_v4SPD16_eabi.lib</file>
         <name>sprintf.obj</name>
      </input_file>
      <input_file id="fl-e8">
         <path>C:\ti\ccs740\ccsv7\tools\compiler\ti-cgt-arm_16.9.6.LTS\lib\</path>
         <kind>archive</kind>
         <file>rtsv7M4_T_le_v4SPD16_eabi.lib</file>
         <name>stkdepth_vars.obj</name>
      </input_file>
      <input_file id="fl-e9">
         <path>C:\ti\ccs740\ccsv7\tools\compiler\ti-cgt-arm_16.9.6.LTS\lib\</path>
         <kind>archive</kind>
         <file>rtsv7M4_T_le_v4SPD16_eabi.lib</file>
         <name>_lock.obj</name>
      </input_file>
      <input_file id="fl-ea">
         <path>C:\ti\ccs740\ccsv7\tools\compiler\ti-cgt-arm_16.9.6.LTS\lib\</path>
         <kind>archive</kind>
         <file>rtsv7M4_T_le_v4SPD16_eabi.lib</file>
         <name>_printfi.obj</name>
      </input_file>
      <input_file id="fl-eb">
         <path>C:\ti\ccs740\ccsv7\tools\compiler\ti-cgt-arm_16.9.6.LTS\lib\</path>
         <kind>archive</kind>
         <file>rtsv7M4_T_le_v4SPD16_eabi.lib</file>
         <name>args_main.obj</name>
      </input_file>
      <input_file id="fl-ec">
         <path>C:\ti\ccs740\ccsv7\tools\compiler\ti-cgt-arm_16.9.6.LTS\lib\</path>
         <kind>archive</kind>
         <file>rtsv7M4_T_le_v4SPD16_eabi.lib</file>
         <name>atoi.obj</name>
      </input_file>
      <input_file id="fl-ed">
         <path>C:\ti\ccs740\ccsv7\tools\compiler\ti-cgt-arm_16.9.6.LTS\lib\</path>
         <kind>archive</kind>
         <file>rtsv7M4_T_le_v4SPD16_eabi.lib</file>
         <name>autoinit.obj</name>
      </input_file>
      <input_file id="fl-ee">
         <path>C:\ti\ccs740\ccsv7\tools\compiler\ti-cgt-arm_16.9.6.LTS\lib\</path>
         <kind>archive</kind>
         <file>rtsv7M4_T_le_v4SPD16_eabi.lib</file>
         <name>cpy_tbl.obj</name>
      </input_file>
      <input_file id="fl-ef">
         <path>C:\ti\ccs740\ccsv7\tools\compiler\ti-cgt-arm_16.9.6.LTS\lib\</path>
         <kind>archive</kind>
         <file>rtsv7M4_T_le_v4SPD16_eabi.lib</file>
         <name>ctype.obj</name>
      </input_file>
      <input_file id="fl-f0">
         <path>C:\ti\ccs740\ccsv7\tools\compiler\ti-cgt-arm_16.9.6.LTS\lib\</path>
         <kind>archive</kind>
         <file>rtsv7M4_T_le_v4SPD16_eabi.lib</file>
         <name>fd_toi_t2.obj</name>
      </input_file>
      <input_file id="fl-f1">
         <path>C:\ti\ccs740\ccsv7\tools\compiler\ti-cgt-arm_16.9.6.LTS\lib\</path>
         <kind>archive</kind>
         <file>rtsv7M4_T_le_v4SPD16_eabi.lib</file>
         <name>ltoa.obj</name>
      </input_file>
      <input_file id="fl-f2">
         <path>C:\ti\ccs740\ccsv7\tools\compiler\ti-cgt-arm_16.9.6.LTS\lib\</path>
         <kind>archive</kind>
         <file>rtsv7M4_T_le_v4SPD16_eabi.lib</file>
         <name>memccpy.obj</name>
      </input_file>
      <input_file id="fl-f3">
         <path>C:\ti\ccs740\ccsv7\tools\compiler\ti-cgt-arm_16.9.6.LTS\lib\</path>
         <kind>archive</kind>
         <file>rtsv7M4_T_le_v4SPD16_eabi.lib</file>
         <name>s_copysign.obj</name>
      </input_file>
      <input_file id="fl-f4">
         <path>C:\ti\ccs740\ccsv7\tools\compiler\ti-cgt-arm_16.9.6.LTS\lib\</path>
         <kind>archive</kind>
         <file>rtsv7M4_T_le_v4SPD16_eabi.lib</file>
         <name>s_frexp.obj</name>
      </input_file>
      <input_file id="fl-f5">
         <path>C:\ti\ccs740\ccsv7\tools\compiler\ti-cgt-arm_16.9.6.LTS\lib\</path>
         <kind>archive</kind>
         <file>rtsv7M4_T_le_v4SPD16_eabi.lib</file>
         <name>startup.obj</name>
      </input_file>
      <input_file id="fl-f6">
         <path>C:\ti\ccs740\ccsv7\tools\compiler\ti-cgt-arm_16.9.6.LTS\lib\</path>
         <kind>archive</kind>
         <file>rtsv7M4_T_le_v4SPD16_eabi.lib</file>
         <name>strchr.obj</name>
      </input_file>
      <input_file id="fl-f7">
         <path>C:\ti\ccs740\ccsv7\tools\compiler\ti-cgt-arm_16.9.6.LTS\lib\</path>
         <kind>archive</kind>
         <file>rtsv7M4_T_le_v4SPD16_eabi.lib</file>
         <name>strlen.obj</name>
      </input_file>
      <input_file id="fl-f8">
         <path>C:\ti\ccs740\ccsv7\tools\compiler\ti-cgt-arm_16.9.6.LTS\lib\</path>
         <kind>archive</kind>
         <file>rtsv7M4_T_le_v4SPD16_eabi.lib</file>
         <name>ull_div_t2.obj</name>
      </input_file>
   </input_file_list>
   <object_component_list>
      <object_component id="oc-2c">
         <name>.intvecs:retain</name>
         <load_address>0x0</load_address>
         <run_address>0x0</run_address>
         <size>0xe4</size>
         <input_file_ref idref="fl-8"/>
      </object_component>
      <object_component id="oc-221">
         <name>.text</name>
         <load_address>0xe4</load_address>
         <run_address>0xe4</run_address>
         <size>0x113e</size>
         <input_file_ref idref="fl-ea"/>
      </object_component>
      <object_component id="oc-7b">
         <name>.text:Default_Handler</name>
         <load_address>0x1222</load_address>
         <run_address>0x1222</run_address>
         <size>0x2</size>
         <input_file_ref idref="fl-8"/>
      </object_component>
      <object_component id="oc-210">
         <name>.text</name>
         <load_address>0x1224</load_address>
         <run_address>0x1224</run_address>
         <size>0x9ac</size>
         <input_file_ref idref="fl-d7"/>
      </object_component>
      <object_component id="oc-1bc">
         <name>.text:Graphics_drawString</name>
         <load_address>0x1bd0</load_address>
         <run_address>0x1bd0</run_address>
         <size>0x47e</size>
         <input_file_ref idref="fl-17"/>
      </object_component>
      <object_component id="oc-53">
         <name>.text</name>
         <load_address>0x204e</load_address>
         <run_address>0x204e</run_address>
         <size>0x2</size>
         <input_file_ref idref="fl-e4"/>
      </object_component>
      <object_component id="oc-11a">
         <name>.text:TMP006_getTemp</name>
         <load_address>0x2050</load_address>
         <run_address>0x2050</run_address>
         <size>0x3a0</size>
         <input_file_ref idref="fl-3"/>
      </object_component>
      <object_component id="oc-33f">
         <name>.text</name>
         <load_address>0x23f0</load_address>
         <run_address>0x23f0</run_address>
         <size>0x1f4</size>
         <input_file_ref idref="fl-f8"/>
      </object_component>
      <object_component id="oc-247">
         <name>.text:Crystalfontz128x128_PixelDrawMultiple</name>
         <load_address>0x25e4</load_address>
         <run_address>0x25e4</run_address>
         <size>0x1d8</size>
         <input_file_ref idref="fl-6"/>
      </object_component>
      <object_component id="oc-20b">
         <name>.text</name>
         <load_address>0x27bc</load_address>
         <run_address>0x27bc</run_address>
         <size>0x1b6</size>
         <input_file_ref idref="fl-db"/>
      </object_component>
      <object_component id="oc-a2">
         <name>.text</name>
         <load_address>0x2972</load_address>
         <run_address>0x2972</run_address>
         <size>0x2</size>
         <input_file_ref idref="fl-f5"/>
      </object_component>
      <object_component id="oc-aa">
         <name>.text:main</name>
         <load_address>0x2974</load_address>
         <run_address>0x2974</run_address>
         <size>0x190</size>
         <input_file_ref idref="fl-4"/>
      </object_component>
      <object_component id="oc-318">
         <name>.text</name>
         <load_address>0x2b04</load_address>
         <run_address>0x2b04</run_address>
         <size>0x170</size>
         <input_file_ref idref="fl-d8"/>
      </object_component>
      <object_component id="oc-216">
         <name>.text</name>
         <load_address>0x2c74</load_address>
         <run_address>0x2c74</run_address>
         <size>0x136</size>
         <input_file_ref idref="fl-dd"/>
      </object_component>
      <object_component id="oc-189">
         <name>.text:Crystalfontz128x128_SetDrawFrame</name>
         <load_address>0x2dac</load_address>
         <run_address>0x2dac</run_address>
         <size>0x134</size>
         <input_file_ref idref="fl-6"/>
      </object_component>
      <object_component id="oc-d8">
         <name>.text:Crystalfontz128x128_Init</name>
         <load_address>0x2ee0</load_address>
         <run_address>0x2ee0</run_address>
         <size>0x12c</size>
         <input_file_ref idref="fl-6"/>
      </object_component>
      <object_component id="oc-206">
         <name>.text</name>
         <load_address>0x300c</load_address>
         <run_address>0x300c</run_address>
         <size>0xfc</size>
         <input_file_ref idref="fl-de"/>
      </object_component>
      <object_component id="oc-32e">
         <name>.text</name>
         <load_address>0x3108</load_address>
         <run_address>0x3108</run_address>
         <size>0xfc</size>
         <input_file_ref idref="fl-e6"/>
      </object_component>
      <object_component id="oc-1b6">
         <name>.text:Graphics_getStringWidth</name>
         <load_address>0x3204</load_address>
         <run_address>0x3204</run_address>
         <size>0xfa</size>
         <input_file_ref idref="fl-17"/>
      </object_component>
      <object_component id="oc-283">
         <name>.text:SPI_initMaster</name>
         <load_address>0x32fe</load_address>
         <run_address>0x32fe</run_address>
         <size>0xb0</size>
         <input_file_ref idref="fl-1c"/>
      </object_component>
      <object_component id="oc-259">
         <name>.text:Crystalfontz128x128_RectFill</name>
         <load_address>0x33ae</load_address>
         <run_address>0x33ae</run_address>
         <size>0x9c</size>
         <input_file_ref idref="fl-6"/>
      </object_component>
      <object_component id="oc-2c7">
         <name>.text:Graphics_drawLineH</name>
         <load_address>0x344a</load_address>
         <run_address>0x344a</run_address>
         <size>0x9c</size>
         <input_file_ref idref="fl-18"/>
      </object_component>
      <object_component id="oc-3b">
         <name>.text</name>
         <load_address>0x34e6</load_address>
         <run_address>0x34e6</run_address>
         <size>0x9c</size>
         <input_file_ref idref="fl-e2"/>
      </object_component>
      <object_component id="oc-30c">
         <name>.text:I2C_read16</name>
         <load_address>0x3584</load_address>
         <run_address>0x3584</run_address>
         <size>0x8c</size>
         <input_file_ref idref="fl-2"/>
      </object_component>
      <object_component id="oc-1c4">
         <name>.text:GPIO_setAsPeripheralModuleFunctionOutputPin</name>
         <load_address>0x3610</load_address>
         <run_address>0x3610</run_address>
         <size>0x88</size>
         <input_file_ref idref="fl-19"/>
      </object_component>
      <object_component id="oc-324">
         <name>.text:__aeabi_cdcmple</name>
         <load_address>0x3698</load_address>
         <run_address>0x3698</run_address>
         <size>0x86</size>
         <input_file_ref idref="fl-dc"/>
      </object_component>
      <object_component id="oc-329">
         <name>.text:__aeabi_cdrcmple</name>
         <load_address>0x371e</load_address>
         <run_address>0x371e</run_address>
         <size>0x86</size>
         <input_file_ref idref="fl-dc"/>
      </object_component>
      <object_component id="oc-47">
         <name>.text</name>
         <load_address>0x37a4</load_address>
         <run_address>0x37a4</run_address>
         <size>0x7a</size>
         <input_file_ref idref="fl-e3"/>
      </object_component>
      <object_component id="oc-bd">
         <name>.text:SystemInit</name>
         <load_address>0x3820</load_address>
         <run_address>0x3820</run_address>
         <size>0x78</size>
         <input_file_ref idref="fl-5"/>
      </object_component>
      <object_component id="oc-5f">
         <name>.text</name>
         <load_address>0x3898</load_address>
         <run_address>0x3898</run_address>
         <size>0x70</size>
         <input_file_ref idref="fl-ed"/>
      </object_component>
      <object_component id="oc-120">
         <name>.text</name>
         <load_address>0x3908</load_address>
         <run_address>0x3908</run_address>
         <size>0x6e</size>
         <input_file_ref idref="fl-df"/>
      </object_component>
      <object_component id="oc-303">
         <name>.text:I2C_masterSendMultiByteFinish</name>
         <load_address>0x3978</load_address>
         <run_address>0x3978</run_address>
         <size>0x6c</size>
         <input_file_ref idref="fl-1a"/>
      </object_component>
      <object_component id="oc-2f7">
         <name>.text:I2C_masterSendMultiByteStart</name>
         <load_address>0x39e4</load_address>
         <run_address>0x39e4</run_address>
         <size>0x68</size>
         <input_file_ref idref="fl-1a"/>
      </object_component>
      <object_component id="oc-14">
         <name>.text:decompress:lzss</name>
         <load_address>0x3a4c</load_address>
         <run_address>0x3a4c</run_address>
         <size>0x68</size>
         <input_file_ref idref="fl-d4"/>
      </object_component>
      <object_component id="oc-355">
         <name>.text</name>
         <load_address>0x3ab4</load_address>
         <run_address>0x3ab4</run_address>
         <size>0x64</size>
         <input_file_ref idref="fl-f4"/>
      </object_component>
      <object_component id="oc-1cb">
         <name>.text:I2C_initMaster</name>
         <load_address>0x3b18</load_address>
         <run_address>0x3b18</run_address>
         <size>0x62</size>
         <input_file_ref idref="fl-1a"/>
      </object_component>
      <object_component id="oc-24d">
         <name>.text:Crystalfontz128x128_LineDrawH</name>
         <load_address>0x3b7a</load_address>
         <run_address>0x3b7a</run_address>
         <size>0x60</size>
         <input_file_ref idref="fl-6"/>
      </object_component>
      <object_component id="oc-253">
         <name>.text:Crystalfontz128x128_LineDrawV</name>
         <load_address>0x3bda</load_address>
         <run_address>0x3bda</run_address>
         <size>0x60</size>
         <input_file_ref idref="fl-6"/>
      </object_component>
      <object_component id="oc-12a">
         <name>.text</name>
         <load_address>0x3c3c</load_address>
         <run_address>0x3c3c</run_address>
         <size>0x60</size>
         <input_file_ref idref="fl-e7"/>
      </object_component>
      <object_component id="oc-de">
         <name>.text:Crystalfontz128x128_SetOrientation</name>
         <load_address>0x3c9c</load_address>
         <run_address>0x3c9c</run_address>
         <size>0x54</size>
         <input_file_ref idref="fl-6"/>
      </object_component>
      <object_component id="oc-26">
         <name>.text</name>
         <load_address>0x3cf0</load_address>
         <run_address>0x3cf0</run_address>
         <size>0x54</size>
         <input_file_ref idref="fl-d3"/>
      </object_component>
      <object_component id="oc-6b">
         <name>.text</name>
         <load_address>0x3d44</load_address>
         <run_address>0x3d44</run_address>
         <size>0x54</size>
         <input_file_ref idref="fl-da"/>
      </object_component>
      <object_component id="oc-34f">
         <name>.text</name>
         <load_address>0x3d98</load_address>
         <run_address>0x3d98</run_address>
         <size>0x54</size>
         <input_file_ref idref="fl-f1"/>
      </object_component>
      <object_component id="oc-e4">
         <name>.text:Graphics_initContext</name>
         <load_address>0x3dec</load_address>
         <run_address>0x3dec</run_address>
         <size>0x52</size>
         <input_file_ref idref="fl-14"/>
      </object_component>
      <object_component id="oc-361">
         <name>.text</name>
         <load_address>0x3e40</load_address>
         <run_address>0x3e40</run_address>
         <size>0x4c</size>
         <input_file_ref idref="fl-ec"/>
      </object_component>
      <object_component id="oc-9c">
         <name>.text</name>
         <load_address>0x3e8c</load_address>
         <run_address>0x3e8c</run_address>
         <size>0x4c</size>
         <input_file_ref idref="fl-ee"/>
      </object_component>
      <object_component id="oc-102">
         <name>.text:Graphics_drawStringCentered</name>
         <load_address>0x3ed8</load_address>
         <run_address>0x3ed8</run_address>
         <size>0x48</size>
         <input_file_ref idref="fl-17"/>
      </object_component>
      <object_component id="oc-1e7">
         <name>.text:I2C_write16</name>
         <load_address>0x3f20</load_address>
         <run_address>0x3f20</run_address>
         <size>0x48</size>
         <input_file_ref idref="fl-2"/>
      </object_component>
      <object_component id="oc-34a">
         <name>.text</name>
         <load_address>0x3f68</load_address>
         <run_address>0x3f68</run_address>
         <size>0x48</size>
         <input_file_ref idref="fl-f0"/>
      </object_component>
      <object_component id="oc-241">
         <name>.text:Crystalfontz128x128_PixelDraw</name>
         <load_address>0x3fb0</load_address>
         <run_address>0x3fb0</run_address>
         <size>0x40</size>
         <input_file_ref idref="fl-6"/>
      </object_component>
      <object_component id="oc-27c">
         <name>.text:GPIO_setAsOutputPin</name>
         <load_address>0x3ff0</load_address>
         <run_address>0x3ff0</run_address>
         <size>0x40</size>
         <input_file_ref idref="fl-19"/>
      </object_component>
      <object_component id="oc-2c1">
         <name>.text:Graphics_getNumberOfLeadingZeros</name>
         <load_address>0x4030</load_address>
         <run_address>0x4030</run_address>
         <size>0x40</size>
         <input_file_ref idref="fl-17"/>
      </object_component>
      <object_component id="oc-16b">
         <name>.text:HAL_LCD_SpiInit</name>
         <load_address>0x4070</load_address>
         <run_address>0x4070</run_address>
         <size>0x40</size>
         <input_file_ref idref="fl-7"/>
      </object_component>
      <object_component id="oc-3ee">
         <name>.text:I2C_masterReceiveMultiByteFinish</name>
         <load_address>0x40b0</load_address>
         <run_address>0x40b0</run_address>
         <size>0x40</size>
         <input_file_ref idref="fl-1a"/>
      </object_component>
      <object_component id="oc-390">
         <name>.text:is_A_Module</name>
         <load_address>0x40f0</load_address>
         <run_address>0x40f0</run_address>
         <size>0x40</size>
         <input_file_ref idref="fl-1c"/>
      </object_component>
      <object_component id="oc-17d">
         <name>.text:HAL_LCD_writeCommand</name>
         <load_address>0x4130</load_address>
         <run_address>0x4130</run_address>
         <size>0x38</size>
         <input_file_ref idref="fl-7"/>
      </object_component>
      <object_component id="oc-3dc">
         <name>.text:I2C_masterSendMultiByteStop</name>
         <load_address>0x4168</load_address>
         <run_address>0x4168</run_address>
         <size>0x38</size>
         <input_file_ref idref="fl-1a"/>
      </object_component>
      <object_component id="oc-125">
         <name>.text</name>
         <load_address>0x41a0</load_address>
         <run_address>0x41a0</run_address>
         <size>0x38</size>
         <input_file_ref idref="fl-e0"/>
      </object_component>
      <object_component id="oc-3ae">
         <name>.text:Graphics_drawHorizontalLineOnDisplay</name>
         <load_address>0x41d8</load_address>
         <run_address>0x41d8</run_address>
         <size>0x36</size>
         <input_file_ref idref="fl-15"/>
      </object_component>
      <object_component id="oc-114">
         <name>.text:TMP006_init</name>
         <load_address>0x420e</load_address>
         <run_address>0x420e</run_address>
         <size>0x36</size>
         <input_file_ref idref="fl-3"/>
      </object_component>
      <object_component id="oc-2fd">
         <name>.text:I2C_masterSendMultiByteNext</name>
         <load_address>0x4244</load_address>
         <run_address>0x4244</run_address>
         <size>0x34</size>
         <input_file_ref idref="fl-1a"/>
      </object_component>
      <object_component id="oc-165">
         <name>.text:HAL_LCD_PortInit</name>
         <load_address>0x4278</load_address>
         <run_address>0x4278</run_address>
         <size>0x30</size>
         <input_file_ref idref="fl-7"/>
      </object_component>
      <object_component id="oc-201">
         <name>.text</name>
         <load_address>0x42a8</load_address>
         <run_address>0x42a8</run_address>
         <size>0x2e</size>
         <input_file_ref idref="fl-e1"/>
      </object_component>
      <object_component id="oc-26b">
         <name>.text:Crystalfontz128x128_ClearScreen</name>
         <load_address>0x42d8</load_address>
         <run_address>0x42d8</run_address>
         <size>0x2c</size>
         <input_file_ref idref="fl-6"/>
      </object_component>
      <object_component id="oc-2cd">
         <name>.text:Graphics_drawPixelOnDisplay</name>
         <load_address>0x4304</load_address>
         <run_address>0x4304</run_address>
         <size>0x2c</size>
         <input_file_ref idref="fl-15"/>
      </object_component>
      <object_component id="oc-183">
         <name>.text:HAL_LCD_writeData</name>
         <load_address>0x4330</load_address>
         <run_address>0x4330</run_address>
         <size>0x2c</size>
         <input_file_ref idref="fl-7"/>
      </object_component>
      <object_component id="oc-25f">
         <name>.text:Crystalfontz128x128_ColorTranslate</name>
         <load_address>0x435c</load_address>
         <run_address>0x435c</run_address>
         <size>0x28</size>
         <input_file_ref idref="fl-6"/>
      </object_component>
      <object_component id="oc-177">
         <name>.text:GPIO_setOutputHighOnPin</name>
         <load_address>0x4384</load_address>
         <run_address>0x4384</run_address>
         <size>0x28</size>
         <input_file_ref idref="fl-19"/>
      </object_component>
      <object_component id="oc-171">
         <name>.text:GPIO_setOutputLowOnPin</name>
         <load_address>0x43ac</load_address>
         <run_address>0x43ac</run_address>
         <size>0x28</size>
         <input_file_ref idref="fl-19"/>
      </object_component>
      <object_component id="oc-10e">
         <name>.text:I2C_init</name>
         <load_address>0x43d4</load_address>
         <run_address>0x43d4</run_address>
         <size>0x20</size>
         <input_file_ref idref="fl-2"/>
      </object_component>
      <object_component id="oc-2eb">
         <name>.text:I2C_setMode</name>
         <load_address>0x43f4</load_address>
         <run_address>0x43f4</run_address>
         <size>0x1c</size>
         <input_file_ref idref="fl-1a"/>
      </object_component>
      <object_component id="oc-1e1">
         <name>.text:I2C_setslave</name>
         <load_address>0x4410</load_address>
         <run_address>0x4410</run_address>
         <size>0x1c</size>
         <input_file_ref idref="fl-2"/>
      </object_component>
      <object_component id="oc-289">
         <name>.text:SPI_enableModule</name>
         <load_address>0x442c</load_address>
         <run_address>0x442c</run_address>
         <size>0x1c</size>
         <input_file_ref idref="fl-1c"/>
      </object_component>
      <object_component id="oc-367">
         <name>.text</name>
         <load_address>0x4448</load_address>
         <run_address>0x4448</run_address>
         <size>0x1c</size>
         <input_file_ref idref="fl-f2"/>
      </object_component>
      <object_component id="oc-1af">
         <name>.text:Graphics_clearDisplayOnDisplay</name>
         <load_address>0x4464</load_address>
         <run_address>0x4464</run_address>
         <size>0x1a</size>
         <input_file_ref idref="fl-15"/>
      </object_component>
      <object_component id="oc-f0">
         <name>.text:Graphics_setBackgroundColor</name>
         <load_address>0x447e</load_address>
         <run_address>0x447e</run_address>
         <size>0x1a</size>
         <input_file_ref idref="fl-14"/>
      </object_component>
      <object_component id="oc-f6">
         <name>.text:Graphics_setFont</name>
         <load_address>0x4498</load_address>
         <run_address>0x4498</run_address>
         <size>0x1a</size>
         <input_file_ref idref="fl-14"/>
      </object_component>
      <object_component id="oc-3e2">
         <name>.text:I2C_masterReceiveStart</name>
         <load_address>0x44b2</load_address>
         <run_address>0x44b2</run_address>
         <size>0x1a</size>
         <input_file_ref idref="fl-1a"/>
      </object_component>
      <object_component id="oc-3d6">
         <name>.text:I2C_getInterruptStatus</name>
         <load_address>0x44cc</load_address>
         <run_address>0x44cc</run_address>
         <size>0x18</size>
         <input_file_ref idref="fl-1a"/>
      </object_component>
      <object_component id="oc-2f1">
         <name>.text:I2C_isBusBusy</name>
         <load_address>0x44e4</load_address>
         <run_address>0x44e4</run_address>
         <size>0x18</size>
         <input_file_ref idref="fl-1a"/>
      </object_component>
      <object_component id="oc-108">
         <name>.text:Init_I2C_GPIO</name>
         <load_address>0x44fc</load_address>
         <run_address>0x44fc</run_address>
         <size>0x18</size>
         <input_file_ref idref="fl-2"/>
      </object_component>
      <object_component id="oc-65">
         <name>.text</name>
         <load_address>0x4514</load_address>
         <run_address>0x4514</run_address>
         <size>0x18</size>
         <input_file_ref idref="fl-eb"/>
      </object_component>
      <object_component id="oc-398">
         <name>.text:EUSCI_A_SPI_enable</name>
         <load_address>0x452c</load_address>
         <run_address>0x452c</run_address>
         <size>0x16</size>
         <input_file_ref idref="fl-1c"/>
      </object_component>
      <object_component id="oc-39e">
         <name>.text:EUSCI_B_SPI_enable</name>
         <load_address>0x4542</load_address>
         <run_address>0x4542</run_address>
         <size>0x16</size>
         <input_file_ref idref="fl-1c"/>
      </object_component>
      <object_component id="oc-ea">
         <name>.text:Graphics_setForegroundColor</name>
         <load_address>0x4558</load_address>
         <run_address>0x4558</run_address>
         <size>0x16</size>
         <input_file_ref idref="fl-14"/>
      </object_component>
      <object_component id="oc-1a1">
         <name>.text:Graphics_translateColorOnDisplay</name>
         <load_address>0x456e</load_address>
         <run_address>0x456e</run_address>
         <size>0x16</size>
         <input_file_ref idref="fl-15"/>
      </object_component>
      <object_component id="oc-2e4">
         <name>.text:I2C_clearInterruptFlag</name>
         <load_address>0x4584</load_address>
         <run_address>0x4584</run_address>
         <size>0x16</size>
         <input_file_ref idref="fl-1a"/>
      </object_component>
      <object_component id="oc-1d1">
         <name>.text:I2C_disableModule</name>
         <load_address>0x459a</load_address>
         <run_address>0x459a</run_address>
         <size>0x16</size>
         <input_file_ref idref="fl-1a"/>
      </object_component>
      <object_component id="oc-1d7">
         <name>.text:I2C_enableModule</name>
         <load_address>0x45b0</load_address>
         <run_address>0x45b0</run_address>
         <size>0x16</size>
         <input_file_ref idref="fl-1a"/>
      </object_component>
      <object_component id="oc-35b">
         <name>.text</name>
         <load_address>0x45c6</load_address>
         <run_address>0x45c6</run_address>
         <size>0x16</size>
         <input_file_ref idref="fl-f6"/>
      </object_component>
      <object_component id="oc-3e8">
         <name>.text:I2C_masterReceiveMultiByteNext</name>
         <load_address>0x45dc</load_address>
         <run_address>0x45dc</run_address>
         <size>0x14</size>
         <input_file_ref idref="fl-1a"/>
      </object_component>
      <object_component id="oc-2de">
         <name>.text:I2C_setSlaveAddress</name>
         <load_address>0x45f0</load_address>
         <run_address>0x45f0</run_address>
         <size>0x14</size>
         <input_file_ref idref="fl-1a"/>
      </object_component>
      <object_component id="oc-14c">
         <name>.text</name>
         <load_address>0x4604</load_address>
         <run_address>0x4604</run_address>
         <size>0x14</size>
         <input_file_ref idref="fl-e9"/>
      </object_component>
      <object_component id="oc-3fd">
         <name>.text</name>
         <load_address>0x4618</load_address>
         <run_address>0x4618</run_address>
         <size>0x14</size>
         <input_file_ref idref="fl-f3"/>
      </object_component>
      <object_component id="oc-344">
         <name>.text</name>
         <load_address>0x462c</load_address>
         <run_address>0x462c</run_address>
         <size>0x14</size>
         <input_file_ref idref="fl-f7"/>
      </object_component>
      <object_component id="oc-fc">
         <name>.text:Graphics_clearDisplay</name>
         <load_address>0x4640</load_address>
         <run_address>0x4640</run_address>
         <size>0x12</size>
         <input_file_ref idref="fl-14"/>
      </object_component>
      <object_component id="oc-1fb">
         <name>.text:TMP006_readAmbientTemperature</name>
         <load_address>0x4652</load_address>
         <run_address>0x4652</run_address>
         <size>0x10</size>
         <input_file_ref idref="fl-3"/>
      </object_component>
      <object_component id="oc-1ef">
         <name>.text:TMP006_readDeviceId</name>
         <load_address>0x4662</load_address>
         <run_address>0x4662</run_address>
         <size>0x10</size>
         <input_file_ref idref="fl-3"/>
      </object_component>
      <object_component id="oc-1f5">
         <name>.text:TMP006_readObjectVoltage</name>
         <load_address>0x4672</load_address>
         <run_address>0x4672</run_address>
         <size>0x10</size>
         <input_file_ref idref="fl-3"/>
      </object_component>
      <object_component id="oc-1a">
         <name>.text:decompress:none</name>
         <load_address>0x4682</load_address>
         <run_address>0x4682</run_address>
         <size>0xe</size>
         <input_file_ref idref="fl-d5"/>
      </object_component>
      <object_component id="oc-75">
         <name>.text:Reset_Handler</name>
         <load_address>0x4690</load_address>
         <run_address>0x4690</run_address>
         <size>0xc</size>
         <input_file_ref idref="fl-8"/>
      </object_component>
      <object_component id="oc-20">
         <name>.text:decompress:ZI</name>
         <load_address>0x469c</load_address>
         <run_address>0x469c</run_address>
         <size>0xc</size>
         <input_file_ref idref="fl-d6"/>
      </object_component>
      <object_component id="oc-265">
         <name>.text:Crystalfontz128x128_Flush</name>
         <load_address>0x46a8</load_address>
         <run_address>0x46a8</run_address>
         <size>0xa</size>
         <input_file_ref idref="fl-6"/>
      </object_component>
      <object_component id="oc-59">
         <name>.text</name>
         <load_address>0x46b2</load_address>
         <run_address>0x46b2</run_address>
         <size>0x4</size>
         <input_file_ref idref="fl-e5"/>
      </object_component>
      <object_component id="oc-273">
         <name>.const:.string:g_pucFontFixed6x8Data</name>
         <load_address>0x46b8</load_address>
         <run_address>0x46b8</run_address>
         <size>0x2f8</size>
         <input_file_ref idref="fl-16"/>
      </object_component>
      <object_component id="oc-416">
         <name>.const:.string:_ctypes_</name>
         <load_address>0x49b0</load_address>
         <run_address>0x49b0</run_address>
         <size>0x101</size>
         <input_file_ref idref="fl-ef"/>
      </object_component>
      <object_component id="oc-139">
         <name>.const:g_sFontFixed6x8</name>
         <load_address>0x4ab4</load_address>
         <run_address>0x4ab4</run_address>
         <size>0xc8</size>
         <input_file_ref idref="fl-16"/>
      </object_component>
      <object_component id="oc-321">
         <name>.const:$O1$$</name>
         <load_address>0x4b80</load_address>
         <run_address>0x4b80</run_address>
         <size>0x30</size>
         <input_file_ref idref="fl-d7"/>
      </object_component>
      <object_component id="oc-298">
         <name>.const:GPIO_PORT_TO_BASE</name>
         <load_address>0x4bb0</load_address>
         <run_address>0x4bb0</run_address>
         <size>0x30</size>
         <input_file_ref idref="fl-19"/>
      </object_component>
      <object_component id="oc-136">
         <name>.const:g_sCrystalfontz128x128_funcs</name>
         <load_address>0x4be0</load_address>
         <run_address>0x4be0</run_address>
         <size>0x20</size>
         <input_file_ref idref="fl-6"/>
      </object_component>
      <object_component id="oc-28f">
         <name>.const:$P$T0$1</name>
         <load_address>0x4c00</load_address>
         <run_address>0x4c00</run_address>
         <size>0x1c</size>
         <input_file_ref idref="fl-7"/>
      </object_component>
      <object_component id="oc-1dd">
         <name>.const:i2cConfig</name>
         <load_address>0x4c1c</load_address>
         <run_address>0x4c1c</run_address>
         <size>0x14</size>
         <input_file_ref idref="fl-2"/>
      </object_component>
      <object_component id="oc-387">
         <name>.const:$P$T0$1</name>
         <load_address>0x4c30</load_address>
         <run_address>0x4c30</run_address>
         <size>0x8</size>
         <input_file_ref idref="fl-6"/>
      </object_component>
      <object_component id="oc-479">
         <name>.cinit..data.load</name>
         <load_address>0x4c38</load_address>
         <run_address>0x4c38</run_address>
         <size>0x17</size>
      </object_component>
      <object_component id="oc-477">
         <name>__TI_handler_table</name>
         <load_address>0x4c50</load_address>
         <run_address>0x4c50</run_address>
         <size>0xc</size>
      </object_component>
      <object_component id="oc-47a">
         <name>.cinit..bss.load</name>
         <load_address>0x4c60</load_address>
         <run_address>0x4c60</run_address>
         <size>0x8</size>
      </object_component>
      <object_component id="oc-478">
         <name>__TI_cinit_table</name>
         <load_address>0x4c68</load_address>
         <run_address>0x4c68</run_address>
         <size>0x10</size>
      </object_component>
      <object_component id="oc-454">
         <name>.binit</name>
         <load_address>0x0</load_address>
         <run_address>0x0</run_address>
         <size>0x0</size>
      </object_component>
      <object_component id="oc-21b">
         <name>.data</name>
         <load_address>0x20000028</load_address>
         <run_address>0x20000028</run_address>
         <size>0x8</size>
         <input_file_ref idref="fl-3"/>
      </object_component>
      <object_component id="oc-133">
         <name>.data:g_sCrystalfontz128x128</name>
         <load_address>0x20000000</load_address>
         <run_address>0x20000000</run_address>
         <size>0x10</size>
         <input_file_ref idref="fl-6"/>
      </object_component>
      <object_component id="oc-31e">
         <name>.data</name>
         <load_address>0x20000024</load_address>
         <run_address>0x20000024</run_address>
         <size>0x4</size>
         <input_file_ref idref="fl-d9"/>
      </object_component>
      <object_component id="oc-b2">
         <name>.data:$O1$$</name>
         <load_address>0x20000010</load_address>
         <run_address>0x20000010</run_address>
         <size>0xc</size>
         <input_file_ref idref="fl-da"/>
      </object_component>
      <object_component id="oc-71">
         <name>.data</name>
         <load_address>0x20000030</load_address>
         <run_address>0x20000030</run_address>
         <size>0x4</size>
         <input_file_ref idref="fl-e8"/>
      </object_component>
      <object_component id="oc-b5">
         <name>.data:$O1$$</name>
         <load_address>0x2000001c</load_address>
         <run_address>0x2000001c</run_address>
         <size>0x8</size>
         <input_file_ref idref="fl-e9"/>
      </object_component>
      <object_component id="oc-130">
         <name>.common:g_sContext</name>
         <uninitialized>true</uninitialized>
         <run_address>0x20000034</run_address>
         <size>0x1c</size>
      </object_component>
      <object_component id="oc-13c">
         <name>.common:temp</name>
         <uninitialized>true</uninitialized>
         <run_address>0x20000050</run_address>
         <size>0x4</size>
      </object_component>
      <object_component id="oc-198">
         <name>.common:Lcd_Orientation</name>
         <uninitialized>true</uninitialized>
         <run_address>0x2000005c</run_address>
         <size>0x1</size>
      </object_component>
      <object_component id="oc-18f">
         <name>.common:Lcd_ScreenWidth</name>
         <uninitialized>true</uninitialized>
         <run_address>0x20000056</run_address>
         <size>0x2</size>
      </object_component>
      <object_component id="oc-192">
         <name>.common:Lcd_ScreenHeigth</name>
         <uninitialized>true</uninitialized>
         <run_address>0x20000054</run_address>
         <size>0x2</size>
      </object_component>
      <object_component id="oc-193">
         <name>.common:Lcd_PenSolid</name>
         <uninitialized>true</uninitialized>
         <run_address>0x2000005d</run_address>
         <size>0x1</size>
      </object_component>
      <object_component id="oc-194">
         <name>.common:Lcd_FontSolid</name>
         <uninitialized>true</uninitialized>
         <run_address>0x2000005b</run_address>
         <size>0x1</size>
      </object_component>
      <object_component id="oc-195">
         <name>.common:Lcd_FlagRead</name>
         <uninitialized>true</uninitialized>
         <run_address>0x2000005a</run_address>
         <size>0x1</size>
      </object_component>
      <object_component id="oc-196">
         <name>.common:Lcd_TouchTrim</name>
         <uninitialized>true</uninitialized>
         <run_address>0x20000058</run_address>
         <size>0x2</size>
      </object_component>
      <object_component id="oc-2f">
         <name>.stack</name>
         <uninitialized>true</uninitialized>
         <run_address>0x2000fe00</run_address>
         <size>0x0</size>
         <input_file_ref idref="fl-d3"/>
      </object_component>
      <object_component id="oc-47b">
         <name>.stack</name>
         <uninitialized>true</uninitialized>
         <run_address>0x2000fe00</run_address>
         <size>0x0</size>
      </object_component>
      <object_component id="oc-2dd">
         <name>.debug_info</name>
         <load_address>0x0</load_address>
         <run_address>0x0</run_address>
         <size>0x9f5</size>
         <input_file_ref idref="fl-2"/>
      </object_component>
      <object_component id="oc-1de">
         <name>.debug_info</name>
         <load_address>0x9f5</load_address>
         <run_address>0x9f5</run_address>
         <size>0x13b</size>
         <input_file_ref idref="fl-2"/>
      </object_component>
      <object_component id="oc-109">
         <name>.debug_info</name>
         <load_address>0xb30</load_address>
         <run_address>0xb30</run_address>
         <size>0x1d7</size>
         <input_file_ref idref="fl-2"/>
      </object_component>
      <object_component id="oc-10f">
         <name>.debug_info</name>
         <load_address>0xd07</load_address>
         <run_address>0xd07</run_address>
         <size>0x1ad</size>
         <input_file_ref idref="fl-2"/>
      </object_component>
      <object_component id="oc-30d">
         <name>.debug_info</name>
         <load_address>0xeb4</load_address>
         <run_address>0xeb4</run_address>
         <size>0x31e</size>
         <input_file_ref idref="fl-2"/>
      </object_component>
      <object_component id="oc-1e8">
         <name>.debug_info</name>
         <load_address>0x11d2</load_address>
         <run_address>0x11d2</run_address>
         <size>0x281</size>
         <input_file_ref idref="fl-2"/>
      </object_component>
      <object_component id="oc-1e2">
         <name>.debug_info</name>
         <load_address>0x1453</load_address>
         <run_address>0x1453</run_address>
         <size>0x1db</size>
         <input_file_ref idref="fl-2"/>
      </object_component>
      <object_component id="oc-3ca">
         <name>.debug_info</name>
         <load_address>0x162e</load_address>
         <run_address>0x162e</run_address>
         <size>0x9a</size>
         <input_file_ref idref="fl-2"/>
      </object_component>
      <object_component id="oc-235">
         <name>.debug_info</name>
         <load_address>0x16c8</load_address>
         <run_address>0x16c8</run_address>
         <size>0x1055</size>
         <input_file_ref idref="fl-2"/>
      </object_component>
      <object_component id="oc-230">
         <name>.debug_info</name>
         <load_address>0x271d</load_address>
         <run_address>0x271d</run_address>
         <size>0x37e2</size>
         <input_file_ref idref="fl-2"/>
      </object_component>
      <object_component id="oc-13e">
         <name>.debug_info</name>
         <load_address>0x5eff</load_address>
         <run_address>0x5eff</run_address>
         <size>0x8b</size>
         <input_file_ref idref="fl-2"/>
      </object_component>
      <object_component id="oc-19a">
         <name>.debug_info</name>
         <load_address>0x5f8a</load_address>
         <run_address>0x5f8a</run_address>
         <size>0x18b</size>
         <input_file_ref idref="fl-2"/>
      </object_component>
      <object_component id="oc-293">
         <name>.debug_info</name>
         <load_address>0x6115</load_address>
         <run_address>0x6115</run_address>
         <size>0x131</size>
         <input_file_ref idref="fl-2"/>
      </object_component>
      <object_component id="oc-1ee">
         <name>.debug_info</name>
         <load_address>0x6246</load_address>
         <run_address>0x6246</run_address>
         <size>0x688</size>
         <input_file_ref idref="fl-3"/>
      </object_component>
      <object_component id="oc-21c">
         <name>.debug_info</name>
         <load_address>0x68ce</load_address>
         <run_address>0x68ce</run_address>
         <size>0x12f</size>
         <input_file_ref idref="fl-3"/>
      </object_component>
      <object_component id="oc-115">
         <name>.debug_info</name>
         <load_address>0x69fd</load_address>
         <run_address>0x69fd</run_address>
         <size>0x1bb</size>
         <input_file_ref idref="fl-3"/>
      </object_component>
      <object_component id="oc-1f0">
         <name>.debug_info</name>
         <load_address>0x6bb8</load_address>
         <run_address>0x6bb8</run_address>
         <size>0x1b0</size>
         <input_file_ref idref="fl-3"/>
      </object_component>
      <object_component id="oc-1f6">
         <name>.debug_info</name>
         <load_address>0x6d68</load_address>
         <run_address>0x6d68</run_address>
         <size>0x1ba</size>
         <input_file_ref idref="fl-3"/>
      </object_component>
      <object_component id="oc-1fc">
         <name>.debug_info</name>
         <load_address>0x6f22</load_address>
         <run_address>0x6f22</run_address>
         <size>0x1c4</size>
         <input_file_ref idref="fl-3"/>
      </object_component>
      <object_component id="oc-11b">
         <name>.debug_info</name>
         <load_address>0x70e6</load_address>
         <run_address>0x70e6</run_address>
         <size>0x5b7</size>
         <input_file_ref idref="fl-3"/>
      </object_component>
      <object_component id="oc-36">
         <name>.debug_info</name>
         <load_address>0x769d</load_address>
         <run_address>0x769d</run_address>
         <size>0x84</size>
         <input_file_ref idref="fl-3"/>
      </object_component>
      <object_component id="oc-131">
         <name>.debug_info</name>
         <load_address>0x7721</load_address>
         <run_address>0x7721</run_address>
         <size>0xb28</size>
         <input_file_ref idref="fl-4"/>
      </object_component>
      <object_component id="oc-ab">
         <name>.debug_info</name>
         <load_address>0x8249</load_address>
         <run_address>0x8249</run_address>
         <size>0x38a</size>
         <input_file_ref idref="fl-4"/>
      </object_component>
      <object_component id="oc-23a">
         <name>.debug_info</name>
         <load_address>0x85d3</load_address>
         <run_address>0x85d3</run_address>
         <size>0x439</size>
         <input_file_ref idref="fl-4"/>
      </object_component>
      <object_component id="oc-229">
         <name>.debug_info</name>
         <load_address>0x8a0c</load_address>
         <run_address>0x8a0c</run_address>
         <size>0x4e</size>
         <input_file_ref idref="fl-4"/>
      </object_component>
      <object_component id="oc-be">
         <name>.debug_info</name>
         <load_address>0x8a5a</load_address>
         <run_address>0x8a5a</run_address>
         <size>0x191</size>
         <input_file_ref idref="fl-5"/>
      </object_component>
      <object_component id="oc-190">
         <name>.debug_info</name>
         <load_address>0x8beb</load_address>
         <run_address>0x8beb</run_address>
         <size>0x9ae</size>
         <input_file_ref idref="fl-6"/>
      </object_component>
      <object_component id="oc-134">
         <name>.debug_info</name>
         <load_address>0x9599</load_address>
         <run_address>0x9599</run_address>
         <size>0x173</size>
         <input_file_ref idref="fl-6"/>
      </object_component>
      <object_component id="oc-137">
         <name>.debug_info</name>
         <load_address>0x970c</load_address>
         <run_address>0x970c</run_address>
         <size>0x17f</size>
         <input_file_ref idref="fl-6"/>
      </object_component>
      <object_component id="oc-388">
         <name>.debug_info</name>
         <load_address>0x988b</load_address>
         <run_address>0x988b</run_address>
         <size>0x154</size>
         <input_file_ref idref="fl-6"/>
      </object_component>
      <object_component id="oc-d9">
         <name>.debug_info</name>
         <load_address>0x99df</load_address>
         <run_address>0x99df</run_address>
         <size>0x446</size>
         <input_file_ref idref="fl-6"/>
      </object_component>
      <object_component id="oc-18a">
         <name>.debug_info</name>
         <load_address>0x9e25</load_address>
         <run_address>0x9e25</run_address>
         <size>0x352</size>
         <input_file_ref idref="fl-6"/>
      </object_component>
      <object_component id="oc-df">
         <name>.debug_info</name>
         <load_address>0xa177</load_address>
         <run_address>0xa177</run_address>
         <size>0x2ae</size>
         <input_file_ref idref="fl-6"/>
      </object_component>
      <object_component id="oc-242">
         <name>.debug_info</name>
         <load_address>0xa425</load_address>
         <run_address>0xa425</run_address>
         <size>0x2f3</size>
         <input_file_ref idref="fl-6"/>
      </object_component>
      <object_component id="oc-248">
         <name>.debug_info</name>
         <load_address>0xa718</load_address>
         <run_address>0xa718</run_address>
         <size>0x448</size>
         <input_file_ref idref="fl-6"/>
      </object_component>
      <object_component id="oc-24e">
         <name>.debug_info</name>
         <load_address>0xab60</load_address>
         <run_address>0xab60</run_address>
         <size>0x30e</size>
         <input_file_ref idref="fl-6"/>
      </object_component>
      <object_component id="oc-254">
         <name>.debug_info</name>
         <load_address>0xae6e</load_address>
         <run_address>0xae6e</run_address>
         <size>0x30e</size>
         <input_file_ref idref="fl-6"/>
      </object_component>
      <object_component id="oc-25a">
         <name>.debug_info</name>
         <load_address>0xb17c</load_address>
         <run_address>0xb17c</run_address>
         <size>0x33f</size>
         <input_file_ref idref="fl-6"/>
      </object_component>
      <object_component id="oc-260">
         <name>.debug_info</name>
         <load_address>0xb4bb</load_address>
         <run_address>0xb4bb</run_address>
         <size>0x25c</size>
         <input_file_ref idref="fl-6"/>
      </object_component>
      <object_component id="oc-266">
         <name>.debug_info</name>
         <load_address>0xb717</load_address>
         <run_address>0xb717</run_address>
         <size>0x217</size>
         <input_file_ref idref="fl-6"/>
      </object_component>
      <object_component id="oc-26c">
         <name>.debug_info</name>
         <load_address>0xb92e</load_address>
         <run_address>0xb92e</run_address>
         <size>0x287</size>
         <input_file_ref idref="fl-6"/>
      </object_component>
      <object_component id="oc-2a7">
         <name>.debug_info</name>
         <load_address>0xbbb5</load_address>
         <run_address>0xbbb5</run_address>
         <size>0x37e2</size>
         <input_file_ref idref="fl-6"/>
      </object_component>
      <object_component id="oc-3a7">
         <name>.debug_info</name>
         <load_address>0xf397</load_address>
         <run_address>0xf397</run_address>
         <size>0x8c9</size>
         <input_file_ref idref="fl-7"/>
      </object_component>
      <object_component id="oc-290">
         <name>.debug_info</name>
         <load_address>0xfc60</load_address>
         <run_address>0xfc60</run_address>
         <size>0x167</size>
         <input_file_ref idref="fl-7"/>
      </object_component>
      <object_component id="oc-166">
         <name>.debug_info</name>
         <load_address>0xfdc7</load_address>
         <run_address>0xfdc7</run_address>
         <size>0x2be</size>
         <input_file_ref idref="fl-7"/>
      </object_component>
      <object_component id="oc-16d">
         <name>.debug_info</name>
         <load_address>0x10085</load_address>
         <run_address>0x10085</run_address>
         <size>0x287</size>
         <input_file_ref idref="fl-7"/>
      </object_component>
      <object_component id="oc-17f">
         <name>.debug_info</name>
         <load_address>0x1030c</load_address>
         <run_address>0x1030c</run_address>
         <size>0x27e</size>
         <input_file_ref idref="fl-7"/>
      </object_component>
      <object_component id="oc-185">
         <name>.debug_info</name>
         <load_address>0x1058a</load_address>
         <run_address>0x1058a</run_address>
         <size>0x231</size>
         <input_file_ref idref="fl-7"/>
      </object_component>
      <object_component id="oc-83">
         <name>.debug_info</name>
         <load_address>0x107bb</load_address>
         <run_address>0x107bb</run_address>
         <size>0x31f</size>
         <input_file_ref idref="fl-8"/>
      </object_component>
      <object_component id="oc-2d">
         <name>.debug_info</name>
         <load_address>0x10ada</load_address>
         <run_address>0x10ada</run_address>
         <size>0x15d</size>
         <input_file_ref idref="fl-8"/>
      </object_component>
      <object_component id="oc-79">
         <name>.debug_info</name>
         <load_address>0x10c37</load_address>
         <run_address>0x10c37</run_address>
         <size>0x1c0</size>
         <input_file_ref idref="fl-8"/>
      </object_component>
      <object_component id="oc-7e">
         <name>.debug_info</name>
         <load_address>0x10df7</load_address>
         <run_address>0x10df7</run_address>
         <size>0x1a8</size>
         <input_file_ref idref="fl-8"/>
      </object_component>
      <object_component id="oc-1a0">
         <name>.debug_info</name>
         <load_address>0x10f9f</load_address>
         <run_address>0x10f9f</run_address>
         <size>0x55d</size>
         <input_file_ref idref="fl-14"/>
      </object_component>
      <object_component id="oc-e6">
         <name>.debug_info</name>
         <load_address>0x114fc</load_address>
         <run_address>0x114fc</run_address>
         <size>0x1eb</size>
         <input_file_ref idref="fl-14"/>
      </object_component>
      <object_component id="oc-f1">
         <name>.debug_info</name>
         <load_address>0x116e7</load_address>
         <run_address>0x116e7</run_address>
         <size>0x1ff</size>
         <input_file_ref idref="fl-14"/>
      </object_component>
      <object_component id="oc-f7">
         <name>.debug_info</name>
         <load_address>0x118e6</load_address>
         <run_address>0x118e6</run_address>
         <size>0x1cc</size>
         <input_file_ref idref="fl-14"/>
      </object_component>
      <object_component id="oc-eb">
         <name>.debug_info</name>
         <load_address>0x11ab2</load_address>
         <run_address>0x11ab2</run_address>
         <size>0x1f2</size>
         <input_file_ref idref="fl-14"/>
      </object_component>
      <object_component id="oc-fd">
         <name>.debug_info</name>
         <load_address>0x11ca4</load_address>
         <run_address>0x11ca4</run_address>
         <size>0x1bf</size>
         <input_file_ref idref="fl-14"/>
      </object_component>
      <object_component id="oc-2b3">
         <name>.debug_info</name>
         <load_address>0x11e63</load_address>
         <run_address>0x11e63</run_address>
         <size>0x26b</size>
         <input_file_ref idref="fl-14"/>
      </object_component>
      <object_component id="oc-2ae">
         <name>.debug_info</name>
         <load_address>0x120ce</load_address>
         <run_address>0x120ce</run_address>
         <size>0x439</size>
         <input_file_ref idref="fl-14"/>
      </object_component>
      <object_component id="oc-2ba">
         <name>.debug_info</name>
         <load_address>0x12507</load_address>
         <run_address>0x12507</run_address>
         <size>0x297</size>
         <input_file_ref idref="fl-14"/>
      </object_component>
      <object_component id="oc-29c">
         <name>.debug_info</name>
         <load_address>0x1279e</load_address>
         <run_address>0x1279e</run_address>
         <size>0xef</size>
         <input_file_ref idref="fl-14"/>
      </object_component>
      <object_component id="oc-1a8">
         <name>.debug_info</name>
         <load_address>0x1288d</load_address>
         <run_address>0x1288d</run_address>
         <size>0xbb</size>
         <input_file_ref idref="fl-14"/>
      </object_component>
      <object_component id="oc-2b9">
         <name>.debug_info</name>
         <load_address>0x12948</load_address>
         <run_address>0x12948</run_address>
         <size>0x3f7</size>
         <input_file_ref idref="fl-15"/>
      </object_component>
      <object_component id="oc-2d1">
         <name>.debug_info</name>
         <load_address>0x12d3f</load_address>
         <run_address>0x12d3f</run_address>
         <size>0x1ff</size>
         <input_file_ref idref="fl-15"/>
      </object_component>
      <object_component id="oc-3b2">
         <name>.debug_info</name>
         <load_address>0x12f3e</load_address>
         <run_address>0x12f3e</run_address>
         <size>0x21d</size>
         <input_file_ref idref="fl-15"/>
      </object_component>
      <object_component id="oc-1a5">
         <name>.debug_info</name>
         <load_address>0x1315b</load_address>
         <run_address>0x1315b</run_address>
         <size>0x1df</size>
         <input_file_ref idref="fl-15"/>
      </object_component>
      <object_component id="oc-1b3">
         <name>.debug_info</name>
         <load_address>0x1333a</load_address>
         <run_address>0x1333a</run_address>
         <size>0x1d7</size>
         <input_file_ref idref="fl-15"/>
      </object_component>
      <object_component id="oc-278">
         <name>.debug_info</name>
         <load_address>0x13511</load_address>
         <run_address>0x13511</run_address>
         <size>0x278</size>
         <input_file_ref idref="fl-16"/>
      </object_component>
      <object_component id="oc-274">
         <name>.debug_info</name>
         <load_address>0x13789</load_address>
         <run_address>0x13789</run_address>
         <size>0x136</size>
         <input_file_ref idref="fl-16"/>
      </object_component>
      <object_component id="oc-13a">
         <name>.debug_info</name>
         <load_address>0x138bf</load_address>
         <run_address>0x138bf</run_address>
         <size>0x12b</size>
         <input_file_ref idref="fl-16"/>
      </object_component>
      <object_component id="oc-1c3">
         <name>.debug_info</name>
         <load_address>0x139ea</load_address>
         <run_address>0x139ea</run_address>
         <size>0x4b6</size>
         <input_file_ref idref="fl-17"/>
      </object_component>
      <object_component id="oc-2c4">
         <name>.debug_info</name>
         <load_address>0x13ea0</load_address>
         <run_address>0x13ea0</run_address>
         <size>0x1c1</size>
         <input_file_ref idref="fl-17"/>
      </object_component>
      <object_component id="oc-1b9">
         <name>.debug_info</name>
         <load_address>0x14061</load_address>
         <run_address>0x14061</run_address>
         <size>0x28a</size>
         <input_file_ref idref="fl-17"/>
      </object_component>
      <object_component id="oc-1bf">
         <name>.debug_info</name>
         <load_address>0x142eb</load_address>
         <run_address>0x142eb</run_address>
         <size>0x426</size>
         <input_file_ref idref="fl-17"/>
      </object_component>
      <object_component id="oc-105">
         <name>.debug_info</name>
         <load_address>0x14711</load_address>
         <run_address>0x14711</run_address>
         <size>0x26a</size>
         <input_file_ref idref="fl-17"/>
      </object_component>
      <object_component id="oc-3b5">
         <name>.debug_info</name>
         <load_address>0x1497b</load_address>
         <run_address>0x1497b</run_address>
         <size>0x537</size>
         <input_file_ref idref="fl-18"/>
      </object_component>
      <object_component id="oc-2c8">
         <name>.debug_info</name>
         <load_address>0x14eb2</load_address>
         <run_address>0x14eb2</run_address>
         <size>0x212</size>
         <input_file_ref idref="fl-18"/>
      </object_component>
      <object_component id="oc-3aa">
         <name>.debug_info</name>
         <load_address>0x150c4</load_address>
         <run_address>0x150c4</run_address>
         <size>0x6fd</size>
         <input_file_ref idref="fl-19"/>
      </object_component>
      <object_component id="oc-299">
         <name>.debug_info</name>
         <load_address>0x157c1</load_address>
         <run_address>0x157c1</run_address>
         <size>0x131</size>
         <input_file_ref idref="fl-19"/>
      </object_component>
      <object_component id="oc-27e">
         <name>.debug_info</name>
         <load_address>0x158f2</load_address>
         <run_address>0x158f2</run_address>
         <size>0x24e</size>
         <input_file_ref idref="fl-19"/>
      </object_component>
      <object_component id="oc-1c6">
         <name>.debug_info</name>
         <load_address>0x15b40</load_address>
         <run_address>0x15b40</run_address>
         <size>0x2a1</size>
         <input_file_ref idref="fl-19"/>
      </object_component>
      <object_component id="oc-179">
         <name>.debug_info</name>
         <load_address>0x15de1</load_address>
         <run_address>0x15de1</run_address>
         <size>0x256</size>
         <input_file_ref idref="fl-19"/>
      </object_component>
      <object_component id="oc-173">
         <name>.debug_info</name>
         <load_address>0x16037</load_address>
         <run_address>0x16037</run_address>
         <size>0x254</size>
         <input_file_ref idref="fl-19"/>
      </object_component>
      <object_component id="oc-3c3">
         <name>.debug_info</name>
         <load_address>0x1628b</load_address>
         <run_address>0x1628b</run_address>
         <size>0x1055</size>
         <input_file_ref idref="fl-19"/>
      </object_component>
      <object_component id="oc-3be">
         <name>.debug_info</name>
         <load_address>0x172e0</load_address>
         <run_address>0x172e0</run_address>
         <size>0x431a</size>
         <input_file_ref idref="fl-19"/>
      </object_component>
      <object_component id="oc-2d8">
         <name>.debug_info</name>
         <load_address>0x1b5fa</load_address>
         <run_address>0x1b5fa</run_address>
         <size>0x6ec</size>
         <input_file_ref idref="fl-1a"/>
      </object_component>
      <object_component id="oc-1cc">
         <name>.debug_info</name>
         <load_address>0x1bce6</load_address>
         <run_address>0x1bce6</run_address>
         <size>0x237</size>
         <input_file_ref idref="fl-1a"/>
      </object_component>
      <object_component id="oc-1d8">
         <name>.debug_info</name>
         <load_address>0x1bf1d</load_address>
         <run_address>0x1bf1d</run_address>
         <size>0x1ea</size>
         <input_file_ref idref="fl-1a"/>
      </object_component>
      <object_component id="oc-1d2">
         <name>.debug_info</name>
         <load_address>0x1c107</load_address>
         <run_address>0x1c107</run_address>
         <size>0x1ec</size>
         <input_file_ref idref="fl-1a"/>
      </object_component>
      <object_component id="oc-2df">
         <name>.debug_info</name>
         <load_address>0x1c2f3</load_address>
         <run_address>0x1c2f3</run_address>
         <size>0x233</size>
         <input_file_ref idref="fl-1a"/>
      </object_component>
      <object_component id="oc-2ec">
         <name>.debug_info</name>
         <load_address>0x1c526</load_address>
         <run_address>0x1c526</run_address>
         <size>0x203</size>
         <input_file_ref idref="fl-1a"/>
      </object_component>
      <object_component id="oc-2f2">
         <name>.debug_info</name>
         <load_address>0x1c729</load_address>
         <run_address>0x1c729</run_address>
         <size>0x1e8</size>
         <input_file_ref idref="fl-1a"/>
      </object_component>
      <object_component id="oc-2f8">
         <name>.debug_info</name>
         <load_address>0x1c911</load_address>
         <run_address>0x1c911</run_address>
         <size>0x24e</size>
         <input_file_ref idref="fl-1a"/>
      </object_component>
      <object_component id="oc-2fe">
         <name>.debug_info</name>
         <load_address>0x1cb5f</load_address>
         <run_address>0x1cb5f</run_address>
         <size>0x22e</size>
         <input_file_ref idref="fl-1a"/>
      </object_component>
      <object_component id="oc-304">
         <name>.debug_info</name>
         <load_address>0x1cd8d</load_address>
         <run_address>0x1cd8d</run_address>
         <size>0x236</size>
         <input_file_ref idref="fl-1a"/>
      </object_component>
      <object_component id="oc-3dd">
         <name>.debug_info</name>
         <load_address>0x1cfc3</load_address>
         <run_address>0x1cfc3</run_address>
         <size>0x203</size>
         <input_file_ref idref="fl-1a"/>
      </object_component>
      <object_component id="oc-3e3">
         <name>.debug_info</name>
         <load_address>0x1d1c6</load_address>
         <run_address>0x1d1c6</run_address>
         <size>0x1f9</size>
         <input_file_ref idref="fl-1a"/>
      </object_component>
      <object_component id="oc-3e9">
         <name>.debug_info</name>
         <load_address>0x1d3bf</load_address>
         <run_address>0x1d3bf</run_address>
         <size>0x20d</size>
         <input_file_ref idref="fl-1a"/>
      </object_component>
      <object_component id="oc-3ef">
         <name>.debug_info</name>
         <load_address>0x1d5cc</load_address>
         <run_address>0x1d5cc</run_address>
         <size>0x211</size>
         <input_file_ref idref="fl-1a"/>
      </object_component>
      <object_component id="oc-2e5">
         <name>.debug_info</name>
         <load_address>0x1d7dd</load_address>
         <run_address>0x1d7dd</run_address>
         <size>0x21c</size>
         <input_file_ref idref="fl-1a"/>
      </object_component>
      <object_component id="oc-3d8">
         <name>.debug_info</name>
         <load_address>0x1d9f9</load_address>
         <run_address>0x1d9f9</run_address>
         <size>0x220</size>
         <input_file_ref idref="fl-1a"/>
      </object_component>
      <object_component id="oc-3b9">
         <name>.debug_info</name>
         <load_address>0x1dc19</load_address>
         <run_address>0x1dc19</run_address>
         <size>0x9a</size>
         <input_file_ref idref="fl-1a"/>
      </object_component>
      <object_component id="oc-397">
         <name>.debug_info</name>
         <load_address>0x1dcb3</load_address>
         <run_address>0x1dcb3</run_address>
         <size>0x6f1</size>
         <input_file_ref idref="fl-1c"/>
      </object_component>
      <object_component id="oc-391">
         <name>.debug_info</name>
         <load_address>0x1e3a4</load_address>
         <run_address>0x1e3a4</run_address>
         <size>0x1c3</size>
         <input_file_ref idref="fl-1c"/>
      </object_component>
      <object_component id="oc-284">
         <name>.debug_info</name>
         <load_address>0x1e567</load_address>
         <run_address>0x1e567</run_address>
         <size>0x227</size>
         <input_file_ref idref="fl-1c"/>
      </object_component>
      <object_component id="oc-28a">
         <name>.debug_info</name>
         <load_address>0x1e78e</load_address>
         <run_address>0x1e78e</run_address>
         <size>0x231</size>
         <input_file_ref idref="fl-1c"/>
      </object_component>
      <object_component id="oc-39f">
         <name>.debug_info</name>
         <load_address>0x1e9bf</load_address>
         <run_address>0x1e9bf</run_address>
         <size>0x1e5</size>
         <input_file_ref idref="fl-1c"/>
      </object_component>
      <object_component id="oc-399">
         <name>.debug_info</name>
         <load_address>0x1eba4</load_address>
         <run_address>0x1eba4</run_address>
         <size>0x1e5</size>
         <input_file_ref idref="fl-1c"/>
      </object_component>
      <object_component id="oc-429">
         <name>.debug_info</name>
         <load_address>0x1ed89</load_address>
         <run_address>0x1ed89</run_address>
         <size>0x131</size>
         <input_file_ref idref="fl-1c"/>
      </object_component>
      <object_component id="oc-29">
         <name>.debug_info</name>
         <load_address>0x1eeba</load_address>
         <run_address>0x1eeba</run_address>
         <size>0x160</size>
         <input_file_ref idref="fl-d3"/>
      </object_component>
      <object_component id="oc-89">
         <name>.debug_info</name>
         <load_address>0x1f01a</load_address>
         <run_address>0x1f01a</run_address>
         <size>0x293</size>
         <input_file_ref idref="fl-d4"/>
      </object_component>
      <object_component id="oc-15">
         <name>.debug_info</name>
         <load_address>0x1f2ad</load_address>
         <run_address>0x1f2ad</run_address>
         <size>0x245</size>
         <input_file_ref idref="fl-d4"/>
      </object_component>
      <object_component id="oc-31">
         <name>.debug_info</name>
         <load_address>0x1f4f2</load_address>
         <run_address>0x1f4f2</run_address>
         <size>0x60</size>
         <input_file_ref idref="fl-d4"/>
      </object_component>
      <object_component id="oc-84">
         <name>.debug_info</name>
         <load_address>0x1f552</load_address>
         <run_address>0x1f552</run_address>
         <size>0x46</size>
         <input_file_ref idref="fl-d4"/>
      </object_component>
      <object_component id="oc-46">
         <name>.debug_info</name>
         <load_address>0x1f598</load_address>
         <run_address>0x1f598</run_address>
         <size>0x2da</size>
         <input_file_ref idref="fl-d5"/>
      </object_component>
      <object_component id="oc-1b">
         <name>.debug_info</name>
         <load_address>0x1f872</load_address>
         <run_address>0x1f872</run_address>
         <size>0x1df</size>
         <input_file_ref idref="fl-d5"/>
      </object_component>
      <object_component id="oc-41">
         <name>.debug_info</name>
         <load_address>0x1fa51</load_address>
         <run_address>0x1fa51</run_address>
         <size>0x46</size>
         <input_file_ref idref="fl-d5"/>
      </object_component>
      <object_component id="oc-8b">
         <name>.debug_info</name>
         <load_address>0x1fa97</load_address>
         <run_address>0x1fa97</run_address>
         <size>0x2c</size>
         <input_file_ref idref="fl-d5"/>
      </object_component>
      <object_component id="oc-52">
         <name>.debug_info</name>
         <load_address>0x1fac3</load_address>
         <run_address>0x1fac3</run_address>
         <size>0x2c9</size>
         <input_file_ref idref="fl-d6"/>
      </object_component>
      <object_component id="oc-24">
         <name>.debug_info</name>
         <load_address>0x1fd8c</load_address>
         <run_address>0x1fd8c</run_address>
         <size>0x1aa</size>
         <input_file_ref idref="fl-d6"/>
      </object_component>
      <object_component id="oc-4d">
         <name>.debug_info</name>
         <load_address>0x1ff36</load_address>
         <run_address>0x1ff36</run_address>
         <size>0x46</size>
         <input_file_ref idref="fl-d6"/>
      </object_component>
      <object_component id="oc-93">
         <name>.debug_info</name>
         <load_address>0x1ff7c</load_address>
         <run_address>0x1ff7c</run_address>
[...]
         <name>GPIO_setOutputLowOnPin</name>
         <value>0x43ad</value>
         <object_component_ref idref="oc-171"/>
      </symbol>
      <symbol id="sm-372">
         <name>GPIO_setAsPeripheralModuleFunctionOutputPin</name>
         <value>0x3611</value>
         <object_component_ref idref="oc-1c4"/>
      </symbol>
      <symbol id="sm-416">
         <name>I2C_masterSendMultiByteStop</name>
         <value>0x4169</value>
         <object_component_ref idref="oc-3dc"/>
      </symbol>
      <symbol id="sm-417">
         <name>I2C_masterSendMultiByteFinish</name>
         <value>0x3979</value>
         <object_component_ref idref="oc-303"/>
      </symbol>
      <symbol id="sm-418">
         <name>I2C_masterSendMultiByteNext</name>
         <value>0x4245</value>
         <object_component_ref idref="oc-2fd"/>
      </symbol>
      <symbol id="sm-419">
         <name>I2C_masterSendMultiByteStart</name>
         <value>0x39e5</value>
         <object_component_ref idref="oc-2f7"/>
      </symbol>
      <symbol id="sm-41a">
         <name>I2C_masterReceiveMultiByteNext</name>
         <value>0x45dd</value>
         <object_component_ref idref="oc-3e8"/>
      </symbol>
      <symbol id="sm-41b">
         <name>I2C_getInterruptStatus</name>
         <value>0x44cd</value>
         <object_component_ref idref="oc-3d6"/>
      </symbol>
      <symbol id="sm-41c">
         <name>I2C_setMode</name>
         <value>0x43f5</value>
         <object_component_ref idref="oc-2eb"/>
      </symbol>
      <symbol id="sm-41d">
         <name>I2C_isBusBusy</name>
         <value>0x44e5</value>
         <object_component_ref idref="oc-2f1"/>
      </symbol>
      <symbol id="sm-41e">
         <name>I2C_masterReceiveMultiByteFinish</name>
         <value>0x40b1</value>
         <object_component_ref idref="oc-3ee"/>
      </symbol>
      <symbol id="sm-41f">
         <name>I2C_enableModule</name>
         <value>0x45b1</value>
         <object_component_ref idref="oc-1d7"/>
      </symbol>
      <symbol id="sm-420">
         <name>I2C_masterReceiveStart</name>
         <value>0x44b3</value>
         <object_component_ref idref="oc-3e2"/>
      </symbol>
      <symbol id="sm-421">
         <name>I2C_clearInterruptFlag</name>
         <value>0x4585</value>
         <object_component_ref idref="oc-2e4"/>
      </symbol>
      <symbol id="sm-422">
         <name>I2C_setSlaveAddress</name>
         <value>0x45f1</value>
         <object_component_ref idref="oc-2de"/>
      </symbol>
      <symbol id="sm-423">
         <name>I2C_initMaster</name>
         <value>0x3b19</value>
         <object_component_ref idref="oc-1cb"/>
      </symbol>
      <symbol id="sm-424">
         <name>I2C_disableModule</name>
         <value>0x459b</value>
         <object_component_ref idref="oc-1d1"/>
      </symbol>
      <symbol id="sm-464">
         <name>EUSCI_B_SPI_enable</name>
         <value>0x4543</value>
         <object_component_ref idref="oc-39e"/>
      </symbol>
      <symbol id="sm-465">
         <name>SPI_enableModule</name>
         <value>0x442d</value>
         <object_component_ref idref="oc-289"/>
      </symbol>
      <symbol id="sm-466">
         <name>EUSCI_A_SPI_enable</name>
         <value>0x452d</value>
         <object_component_ref idref="oc-398"/>
      </symbol>
      <symbol id="sm-467">
         <name>SPI_initMaster</name>
         <value>0x32ff</value>
         <object_component_ref idref="oc-283"/>
      </symbol>
      <symbol id="sm-479">
         <name>_c_int00</name>
         <value>0x3cf1</value>
         <object_component_ref idref="oc-26"/>
      </symbol>
      <symbol id="sm-47a">
         <name>__stack</name>
         <value>0x2000fe00</value>
         <object_component_ref idref="oc-2f"/>
      </symbol>
      <symbol id="sm-498">
         <name>__TI_decompress_lzss</name>
         <value>0x3a4d</value>
         <object_component_ref idref="oc-14"/>
      </symbol>
      <symbol id="sm-4af">
         <name>__TI_decompress_none</name>
         <value>0x4683</value>
         <object_component_ref idref="oc-1a"/>
      </symbol>
      <symbol id="sm-4c6">
         <name>__TI_zero_init</name>
         <value>0x469d</value>
         <object_component_ref idref="oc-20"/>
      </symbol>
      <symbol id="sm-559">
         <name>pow</name>
         <value>0x1225</value>
         <object_component_ref idref="oc-210"/>
      </symbol>
      <symbol id="sm-55a">
         <name>powl</name>
         <value>0x1225</value>
         <object_component_ref idref="oc-210"/>
      </symbol>
      <symbol id="sm-57e">
         <name>sqrtl</name>
         <value>0x2b05</value>
         <object_component_ref idref="oc-318"/>
      </symbol>
      <symbol id="sm-57f">
         <name>sqrt</name>
         <value>0x2b05</value>
         <object_component_ref idref="oc-318"/>
      </symbol>
      <symbol id="sm-587">
         <name>errno</name>
         <value>0x20000024</value>
         <object_component_ref idref="oc-31e"/>
      </symbol>
      <symbol id="sm-5a8">
         <name>C$$EXIT</name>
         <value>0x3d45</value>
         <object_component_ref idref="oc-6b"/>
      </symbol>
      <symbol id="sm-5a9">
         <name>abort</name>
         <value>0x3d49</value>
         <object_component_ref idref="oc-6b"/>
      </symbol>
      <symbol id="sm-5aa">
         <name>exit</name>
         <value>0x3d51</value>
         <object_component_ref idref="oc-6b"/>
      </symbol>
      <symbol id="sm-5ab">
         <name>__TI_dtors_ptr</name>
         <value>0x20000014</value>
         <object_component_ref idref="oc-b2"/>
      </symbol>
      <symbol id="sm-5ac">
         <name>__TI_cleanup_ptr</name>
         <value>0x20000010</value>
         <object_component_ref idref="oc-b2"/>
      </symbol>
      <symbol id="sm-5ad">
         <name>__TI_enable_exit_profile_output</name>
         <value>0x20000018</value>
         <object_component_ref idref="oc-b2"/>
      </symbol>
      <symbol id="sm-5c4">
         <name>__aeabi_dsub</name>
         <value>0x27bd</value>
         <object_component_ref idref="oc-20b"/>
      </symbol>
      <symbol id="sm-5c5">
         <name>__aeabi_dadd</name>
         <value>0x27c7</value>
         <object_component_ref idref="oc-20b"/>
      </symbol>
      <symbol id="sm-5e7">
         <name>__aeabi_cdcmpeq</name>
         <value>0x3699</value>
         <object_component_ref idref="oc-324"/>
      </symbol>
      <symbol id="sm-5e8">
         <name>__aeabi_cdcmple</name>
         <value>0x3699</value>
         <object_component_ref idref="oc-324"/>
      </symbol>
      <symbol id="sm-5e9">
         <name>__aeabi_cdrcmple</name>
         <value>0x371f</value>
         <object_component_ref idref="oc-329"/>
      </symbol>
      <symbol id="sm-5fd">
         <name>__aeabi_ddiv</name>
         <value>0x2c75</value>
         <object_component_ref idref="oc-216"/>
      </symbol>
      <symbol id="sm-608">
         <name>__aeabi_dmul</name>
         <value>0x300d</value>
         <object_component_ref idref="oc-206"/>
      </symbol>
      <symbol id="sm-614">
         <name>__aeabi_d2f</name>
         <value>0x3909</value>
         <object_component_ref idref="oc-120"/>
      </symbol>
      <symbol id="sm-61f">
         <name>__aeabi_f2d</name>
         <value>0x41a1</value>
         <object_component_ref idref="oc-125"/>
      </symbol>
      <symbol id="sm-629">
         <name>__aeabi_i2d</name>
         <value>0x42a9</value>
         <object_component_ref idref="oc-201"/>
      </symbol>
      <symbol id="sm-644">
         <name>memcpy</name>
         <value>0x34e7</value>
         <object_component_ref idref="oc-3b"/>
      </symbol>
      <symbol id="sm-645">
         <name>__aeabi_memcpy</name>
         <value>0x34e7</value>
         <object_component_ref idref="oc-3b"/>
      </symbol>
      <symbol id="sm-646">
         <name>__aeabi_memcpy8</name>
         <value>0x34e7</value>
         <object_component_ref idref="oc-3b"/>
      </symbol>
      <symbol id="sm-647">
         <name>__aeabi_memcpy4</name>
         <value>0x34e7</value>
         <object_component_ref idref="oc-3b"/>
      </symbol>
      <symbol id="sm-656">
         <name>__aeabi_memset</name>
         <value>0x37a7</value>
         <object_component_ref idref="oc-47"/>
      </symbol>
      <symbol id="sm-657">
         <name>memset</name>
         <value>0x37ad</value>
         <object_component_ref idref="oc-47"/>
      </symbol>
      <symbol id="sm-658">
         <name>__aeabi_memset8</name>
         <value>0x37a7</value>
         <object_component_ref idref="oc-47"/>
      </symbol>
      <symbol id="sm-659">
         <name>__aeabi_memset4</name>
         <value>0x37a7</value>
         <object_component_ref idref="oc-47"/>
      </symbol>
      <symbol id="sm-65a">
         <name>__aeabi_memclr8</name>
         <value>0x37a5</value>
         <object_component_ref idref="oc-47"/>
      </symbol>
      <symbol id="sm-65b">
         <name>__aeabi_memclr4</name>
         <value>0x37a5</value>
         <object_component_ref idref="oc-47"/>
      </symbol>
      <symbol id="sm-65c">
         <name>__aeabi_memclr</name>
         <value>0x37a5</value>
         <object_component_ref idref="oc-47"/>
      </symbol>
      <symbol id="sm-666">
         <name>__mpu_init</name>
         <value>0x204f</value>
         <object_component_ref idref="oc-53"/>
      </symbol>
      <symbol id="sm-670">
         <name>_system_pre_init</name>
         <value>0x46b3</value>
         <object_component_ref idref="oc-59"/>
      </symbol>
      <symbol id="sm-692">
         <name>scalbn</name>
         <value>0x3109</value>
         <object_component_ref idref="oc-32e"/>
      </symbol>
      <symbol id="sm-693">
         <name>scalbnl</name>
         <value>0x3109</value>
         <object_component_ref idref="oc-32e"/>
      </symbol>
      <symbol id="sm-694">
         <name>ldexpl</name>
         <value>0x3109</value>
         <object_component_ref idref="oc-32e"/>
      </symbol>
      <symbol id="sm-695">
         <name>ldexp</name>
         <value>0x3109</value>
         <object_component_ref idref="oc-32e"/>
      </symbol>
      <symbol id="sm-6ae">
         <name>sprintf</name>
         <value>0x3c3d</value>
         <object_component_ref idref="oc-12a"/>
      </symbol>
      <symbol id="sm-6b6">
         <name>main_func_sp</name>
         <value>0x20000030</value>
         <object_component_ref idref="oc-71"/>
      </symbol>
      <symbol id="sm-6cf">
         <name>_nop</name>
         <value>0x4613</value>
         <object_component_ref idref="oc-14c"/>
      </symbol>
      <symbol id="sm-6d0">
         <name>_lock</name>
         <value>0x2000001c</value>
         <object_component_ref idref="oc-b5"/>
      </symbol>
      <symbol id="sm-6d1">
         <name>_unlock</name>
         <value>0x20000020</value>
         <object_component_ref idref="oc-b5"/>
      </symbol>
      <symbol id="sm-6d2">
         <name>_register_lock</name>
         <value>0x460b</value>
         <object_component_ref idref="oc-14c"/>
      </symbol>
      <symbol id="sm-6d3">
         <name>_register_unlock</name>
         <value>0x4605</value>
         <object_component_ref idref="oc-14c"/>
      </symbol>
      <symbol id="sm-7d4">
         <name>__TI_printfi</name>
         <value>0x929</value>
         <object_component_ref idref="oc-221"/>
      </symbol>
      <symbol id="sm-7e8">
         <name>_args_main</name>
         <value>0x4515</value>
         <object_component_ref idref="oc-65"/>
      </symbol>
      <symbol id="sm-7fe">
         <name>atoi</name>
         <value>0x3e41</value>
         <object_component_ref idref="oc-361"/>
      </symbol>
      <symbol id="sm-828">
         <name>__TI_auto_init</name>
         <value>0x3899</value>
         <object_component_ref idref="oc-5f"/>
      </symbol>
      <symbol id="sm-842">
         <name>copy_in</name>
         <value>0x3e8d</value>
         <object_component_ref idref="oc-9c"/>
      </symbol>
      <symbol id="sm-84d">
         <name>_ctypes_</name>
         <value>0x49b0</value>
         <object_component_ref idref="oc-416"/>
      </symbol>
      <symbol id="sm-857">
         <name>__aeabi_d2iz</name>
         <value>0x3f69</value>
         <object_component_ref idref="oc-34a"/>
      </symbol>
      <symbol id="sm-866">
         <name>ltoa</name>
         <value>0x3d99</value>
         <object_component_ref idref="oc-34f"/>
      </symbol>
      <symbol id="sm-876">
         <name>memccpy</name>
         <value>0x4449</value>
         <object_component_ref idref="oc-367"/>
      </symbol>
      <symbol id="sm-880">
         <name>copysign</name>
         <value>0x4619</value>
         <object_component_ref idref="oc-3fd"/>
      </symbol>
      <symbol id="sm-881">
         <name>copysignl</name>
         <value>0x4619</value>
         <object_component_ref idref="oc-3fd"/>
      </symbol>
      <symbol id="sm-897">
         <name>frexpl</name>
         <value>0x3ab5</value>
         <object_component_ref idref="oc-355"/>
      </symbol>
      <symbol id="sm-898">
         <name>frexp</name>
         <value>0x3ab5</value>
         <object_component_ref idref="oc-355"/>
      </symbol>
      <symbol id="sm-8a2">
         <name>_system_post_cinit</name>
         <value>0x2973</value>
         <object_component_ref idref="oc-a2"/>
      </symbol>
      <symbol id="sm-8b2">
         <name>strchr</name>
         <value>0x45c7</value>
         <object_component_ref idref="oc-35b"/>
      </symbol>
      <symbol id="sm-8c0">
         <name>strlen</name>
         <value>0x462d</value>
         <object_component_ref idref="oc-344"/>
      </symbol>
      <symbol id="sm-8dc">
         <name>__aeabi_uldivmod</name>
         <value>0x23f1</value>
         <object_component_ref idref="oc-33f"/>
      </symbol>
      <symbol id="sm-8dd">
         <name>__TI_static_base__</name>
         <value>0x0</value>
      </symbol>
      <symbol id="sm-8e0">
         <name>SHT$$INIT_ARRAY$$Limit</name>
         <value>0x0</value>
      </symbol>
      <symbol id="sm-8e1">
         <name>SHT$$INIT_ARRAY$$Base</name>
         <value>0x0</value>
      </symbol>
      <symbol id="sm-8e2">
         <name>NMI_Handler</name>
         <value>0x1223</value>
      </symbol>
      <symbol id="sm-8e3">
         <name>HardFault_Handler</name>
         <value>0x1223</value>
      </symbol>
      <symbol id="sm-8e4">
         <name>MemManage_Handler</name>
         <value>0x1223</value>
      </symbol>
      <symbol id="sm-8e5">
         <name>BusFault_Handler</name>
         <value>0x1223</value>
      </symbol>
      <symbol id="sm-8e6">
         <name>UsageFault_Handler</name>
         <value>0x1223</value>
      </symbol>
      <symbol id="sm-8e7">
         <name>SVC_Handler</name>
         <value>0x1223</value>
      </symbol>
      <symbol id="sm-8e8">
         <name>DebugMon_Handler</name>
         <value>0x1223</value>
      </symbol>
      <symbol id="sm-8e9">
         <name>PendSV_Handler</name>
         <value>0x1223</value>
      </symbol>
      <symbol id="sm-8ea">
         <name>SysTick_Handler</name>
         <value>0x1223</value>
      </symbol>
      <symbol id="sm-8eb">
         <name>PSS_IRQHandler</name>
         <value>0x1223</value>
      </symbol>
      <symbol id="sm-8ec">
         <name>CS_IRQHandler</name>
         <value>0x1223</value>
      </symbol>
      <symbol id="sm-8ed">
         <name>PCM_IRQHandler</name>
         <value>0x1223</value>
      </symbol>
      <symbol id="sm-8ee">
         <name>WDT_A_IRQHandler</name>
         <value>0x1223</value>
      </symbol>
      <symbol id="sm-8ef">
         <name>FPU_IRQHandler</name>
         <value>0x1223</value>
      </symbol>
      <symbol id="sm-8f0">
         <name>FLCTL_IRQHandler</name>
         <value>0x1223</value>
      </symbol>
      <symbol id="sm-8f1">
         <name>COMP_E0_IRQHandler</name>
         <value>0x1223</value>
      </symbol>
      <symbol id="sm-8f2">
         <name>COMP_E1_IRQHandler</name>
         <value>0x1223</value>
      </symbol>
      <symbol id="sm-8f3">
         <name>TA0_0_IRQHandler</name>
         <value>0x1223</value>
      </symbol>
      <symbol id="sm-8f4">
         <name>TA0_N_IRQHandler</name>
         <value>0x1223</value>
      </symbol>
      <symbol id="sm-8f5">
         <name>TA1_0_IRQHandler</name>
         <value>0x1223</value>
      </symbol>
      <symbol id="sm-8f6">
         <name>TA1_N_IRQHandler</name>
         <value>0x1223</value>
      </symbol>
      <symbol id="sm-8f7">
         <name>TA2_0_IRQHandler</name>
         <value>0x1223</value>
      </symbol>
      <symbol id="sm-8f8">
         <name>TA2_N_IRQHandler</name>
         <value>0x1223</value>
      </symbol>
      <symbol id="sm-8f9">
         <name>TA3_0_IRQHandler</name>
         <value>0x1223</value>
      </symbol>
      <symbol id="sm-8fa">
         <name>TA3_N_IRQHandler</name>
         <value>0x1223</value>
      </symbol>
      <symbol id="sm-8fb">
         <name>EUSCIA0_IRQHandler</name>
         <value>0x1223</value>
      </symbol>
      <symbol id="sm-8fc">
         <name>EUSCIA1_IRQHandler</name>
         <value>0x1223</value>
      </symbol>
      <symbol id="sm-8fd">
         <name>EUSCIA2_IRQHandler</name>
         <value>0x1223</value>
      </symbol>
      <symbol id="sm-8fe">
         <name>EUSCIA3_IRQHandler</name>
         <value>0x1223</value>
      </symbol>
      <symbol id="sm-8ff">
         <name>EUSCIB0_IRQHandler</name>
         <value>0x1223</value>
      </symbol>
      <symbol id="sm-900">
         <name>EUSCIB1_IRQHandler</name>
         <value>0x1223</value>
      </symbol>
      <symbol id="sm-901">
         <name>EUSCIB2_IRQHandler</name>
         <value>0x1223</value>
      </symbol>
      <symbol id="sm-902">
         <name>EUSCIB3_IRQHandler</name>
         <value>0x1223</value>
      </symbol>
      <symbol id="sm-903">
         <name>ADC14_IRQHandler</name>
         <value>0x1223</value>
      </symbol>
      <symbol id="sm-904">
         <name>T32_INT1_IRQHandler</name>
         <value>0x1223</value>
      </symbol>
      <symbol id="sm-905">
         <name>T32_INT2_IRQHandler</name>
         <value>0x1223</value>
      </symbol>
      <symbol id="sm-906">
         <name>T32_INTC_IRQHandler</name>
         <value>0x1223</value>
      </symbol>
      <symbol id="sm-907">
         <name>AES256_IRQHandler</name>
         <value>0x1223</value>
      </symbol>
      <symbol id="sm-908">
         <name>RTC_C_IRQHandler</name>
         <value>0x1223</value>
      </symbol>
      <symbol id="sm-909">
         <name>DMA_ERR_IRQHandler</name>
         <value>0x1223</value>
      </symbol>
      <symbol id="sm-90a">
         <name>DMA_INT3_IRQHandler</name>
         <value>0x1223</value>
      </symbol>
      <symbol id="sm-90b">
         <name>DMA_INT2_IRQHandler</name>
         <value>0x1223</value>
      </symbol>
      <symbol id="sm-90c">
         <name>DMA_INT1_IRQHandler</name>
         <value>0x1223</value>
      </symbol>
      <symbol id="sm-90d">
         <name>DMA_INT0_IRQHandler</name>
         <value>0x1223</value>
      </symbol>
      <symbol id="sm-90e">
         <name>PORT1_IRQHandler</name>
         <value>0x1223</value>
      </symbol>
      <symbol id="sm-90f">
         <name>PORT2_IRQHandler</name>
         <value>0x1223</value>
      </symbol>
      <symbol id="sm-910">
         <name>PORT3_IRQHandler</name>
         <value>0x1223</value>
      </symbol>
      <symbol id="sm-911">
         <name>PORT4_IRQHandler</name>
         <value>0x1223</value>
      </symbol>
      <symbol id="sm-912">
         <name>PORT5_IRQHandler</name>
         <value>0x1223</value>
      </symbol>
      <symbol id="sm-913">
         <name>PORT6_IRQHandler</name>
         <value>0x1223</value>
      </symbol>
   </symbol_table>
   <title>Link successful</title>
</link_info>
