******************************************************************************
                  TI ARM Linker PC v16.9.6                     
******************************************************************************
>> Linked Tue Jun 30 10:37:32 2020

OUTPUT FILE NAME:   <Lab4_BlinkLED.out>
ENTRY POINT SYMBOL: "_c_int00"  address: 00000bad


MEMORY CONFIGURATION

         name            origin    length      used     unused   attr    fill
----------------------  --------  ---------  --------  --------  ----  --------
  MAIN                  00000000   00040000  00001036  0003efca  R  X
  INFO                  00200000   00004000  00000000  00004000  R  X
  SRAM_CODE             01000000   00010000  00000300  0000fd00  RW X
  SRAM_DATA             20000000   00010000  00000300  0000fd00  RW  


SEGMENT ALLOCATION MAP

run origin  load origin   length   init length attrs members
----------  ----------- ---------- ----------- ----- -------
00000000    00000000    00001038   00001038    r-x
  00000000    00000000    000000e4   000000e4    r-- .intvecs
  000000e4    000000e4    00000ec6   00000ec6    r-x .text
  00000fac    00000fac    00000054   00000054    r-- .const
  00001000    00001000    00000038   00000038    r-- .cinit
20000000    20000000    00000100   00000000    rw-
  20000000    20000000    000000e8   00000000    rw- .vtable
  200000e8    200000e8    00000018   00000000    rw- .data
2000fe00    2000fe00    00000200   00000000    rw-
  2000fe00    2000fe00    00000200   00000000    rw- .stack


SECTION ALLOCATION MAP

 output                                  attributes/
section   page    origin      length       input sections
--------  ----  ----------  ----------   ----------------
.intvecs   0    00000000    000000e4     
                  00000000    000000e4     startup_msp432p401r_ccs.obj (.intvecs:retain)

.binit     0    00000000    00000000     

.text      0    000000e4    00000ec6     
                  000000e4    0000028a     msp432p4xx_driverlib.lib : pcm.o (.text:__PCM_setPowerStateAdvanced)
                  0000036e    00000002     startup_msp432p401r_ccs.obj (.text:Default_Handler)
                  00000370    0000015c     msp432p4xx_driverlib.lib : pcm.o (.text:__PCM_setPowerModeAdvanced)
                  000004cc    00000108                              : pcm.o (.text:__PCM_setCoreVoltageLevelAdvanced)
                  000005d4    0000009c     rtsv7M4_T_le_v4SPD16_eabi.lib : memcpy_t2.obj (.text)
                  00000670    00000084     msp432p4xx_driverlib.lib : gpio.o (.text:GPIO_getEnabledInterruptStatus)
                  000006f4    00000084                              : pcm.o (.text:PCM_gotoLPM3)
                  00000778    00000080                              : interrupt.o (.text:Interrupt_enableInterrupt)
                  000007f8    0000007c     main-Interrupt.obj (.text:main)
                  00000874    0000007a     rtsv7M4_T_le_v4SPD16_eabi.lib : memset_t2.obj (.text)
                  000008ee    00000002                                   : mpu_init.obj (.text)
                  000008f0    00000078     system_msp432p401r.obj (.text:SystemInit)
                  00000968    00000070     rtsv7M4_T_le_v4SPD16_eabi.lib : autoinit.obj (.text)
                  000009d8    00000068                                   : copy_decompress_lzss.obj (.text:decompress:lzss)
                  00000a40    0000005e     msp432p4xx_driverlib.lib : pcm.o (.text:PCM_getCoreVoltageLevel)
                  00000a9e    00000002     rtsv7M4_T_le_v4SPD16_eabi.lib : startup.obj (.text)
                  00000aa0    0000005c     msp432p4xx_driverlib.lib : interrupt.o (.text:Interrupt_registerInterrupt)
                  00000afc    0000005a                              : pcm.o (.text:PCM_getPowerMode)
                  00000b56    00000002     --HOLE-- [fill = 0]
                  00000b58    00000054                              : pcm.o (.text:PCM_shutdownDevice)
                  00000bac    00000054     rtsv7M4_T_le_v4SPD16_eabi.lib : boot.obj (.text)
                  00000c00    00000054                                   : exit.obj (.text)
                  00000c54    0000004c     msp432p4xx_driverlib.lib : gpio.o (.text:GPIO_setAsInputPin)
                  00000ca0    0000004c     rtsv7M4_T_le_v4SPD16_eabi.lib : cpy_tbl.obj (.text)
                  00000cec    00000040     msp432p4xx_driverlib.lib : gpio.o (.text:GPIO_setAsOutputPin)
                  00000d2c    0000003c                              : gpio.o (.text:GPIO_interruptEdgeSelect)
                  00000d68    0000002c                              : rtc_c.o (.text:RTC_C_holdClock)
                  00000d94    00000028                              : gpio.o (.text:GPIO_clearInterruptFlag)
                  00000dbc    00000028                              : gpio.o (.text:GPIO_enableInterrupt)
                  00000de4    00000028                              : gpio.o (.text:GPIO_setOutputHighOnPin)
                  00000e0c    00000028                              : gpio.o (.text:GPIO_setOutputLowOnPin)
                  00000e34    00000028                              : pcm.o (.text:PCM_gotoLPM0)
                  00000e5c    00000024                              : gpio.o (.text:GPIO_getInterruptStatus)
                  00000e80    00000024                              : gpio.o (.text:GPIO_registerInterrupt)
                  00000ea4    00000024                              : wdt_a.o (.text:WDT_A_holdTimer)
                  00000ec8    00000022     main-Interrupt.obj (.text:PORT3_IRQHandler)
                  00000eea    00000022     main-Interrupt.obj (.text:PORT5_IRQHandler)
                  00000f0c    00000018     rtsv7M4_T_le_v4SPD16_eabi.lib : args_main.obj (.text)
                  00000f24    00000014     msp432p4xx_driverlib.lib : pcm.o (.text:PCM_getPowerState)
                  00000f38    00000014     rtsv7M4_T_le_v4SPD16_eabi.lib : _lock.obj (.text)
                  00000f4c    00000010     msp432p4xx_driverlib.lib : pcm.o (.text:PCM_gotoLPM4)
                  00000f5c    00000010                              : pcm.o (.text:PCM_setPowerMode)
                  00000f6c    00000010                              : pcm.o (.text:PCM_setPowerState)
                  00000f7c    0000000e     rtsv7M4_T_le_v4SPD16_eabi.lib : copy_decompress_none.obj (.text:decompress:none)
                  00000f8a    0000000c     startup_msp432p401r_ccs.obj (.text:Reset_Handler)
                  00000f96    0000000c     rtsv7M4_T_le_v4SPD16_eabi.lib : copy_zero_init.obj (.text:decompress:ZI)
                  00000fa2    00000004     msp432p4xx_driverlib.lib : cpu.o (.text:CPU_wfi)
                  00000fa6    00000004     rtsv7M4_T_le_v4SPD16_eabi.lib : pre_init.obj (.text)

.const     0    00000fac    00000054     
                  00000fac    00000030     msp432p4xx_driverlib.lib : gpio.o (.const:GPIO_PORT_TO_BASE)
                  00000fdc    0000001c                              : gpio.o (.const:GPIO_PORT_TO_INT)
                  00000ff8    00000008                              : interrupt.o (.const:g_pulEnRegs)

.cinit     0    00001000    00000038     
                  00001000    00000011     (.cinit..data.load) [load image, compression = lzss]
                  00001011    00000003     --HOLE-- [fill = 0]
                  00001014    0000000c     (__TI_handler_table)
                  00001020    00000008     (.cinit..vtable.load) [load image, compression = zero_init]
                  00001028    00000010     (__TI_cinit_table)

.init_array 
*          0    00000000    00000000     UNINITIALIZED

.vtable    0    20000000    000000e8     UNINITIALIZED
                  20000000    000000e8     msp432p4xx_driverlib.lib : interrupt.o (.vtable)

.data      0    200000e8    00000018     UNINITIALIZED
                  200000e8    0000000c     rtsv7M4_T_le_v4SPD16_eabi.lib : exit.obj (.data:$O1$$)
                  200000f4    00000008                                   : _lock.obj (.data:$O1$$)
                  200000fc    00000004                                   : stkdepth_vars.obj (.data)

.stack     0    2000fe00    00000200     UNINITIALIZED
                  2000fe00    00000200     --HOLE--

MODULE SUMMARY

       Module                        code   ro data   rw data
       ------                        ----   -------   -------
    .\
       main-Interrupt.obj            192    0         0      
       system_msp432p401r.obj        120    0         0      
    +--+-----------------------------+------+---------+---------+
       Total:                        312    0         0      
                                                             
    .\ccs\
       startup_msp432p401r_ccs.obj   14     228       0      
    +--+-----------------------------+------+---------+---------+
       Total:                        14     228       0      
                                                             
    C:/ti/simplelink_msp432p4_sdk_2_20_00_12/source/ti/devices/msp432p4xx/driverlib/ccs/msp432p4xx_driverlib.lib
       pcm.o                         1770   0         0      
       interrupt.o                   220    8         464    
       gpio.o                        564    76        0      
       rtc_c.o                       44     0         0      
       wdt_a.o                       36     0         0      
       cpu.o                         4      0         0      
    +--+-----------------------------+------+---------+---------+
       Total:                        2638   84        464    
                                                             
    C:\ti\ccs740\ccsv7\tools\compiler\ti-cgt-arm_16.9.6.LTS\lib\rtsv7M4_T_le_v4SPD16_eabi.lib
       memcpy_t2.obj                 156    0         0      
       memset_t2.obj                 122    0         0      
       autoinit.obj                  112    0         0      
       exit.obj                      84     0         24     
       copy_decompress_lzss.obj      104    0         0      
       boot.obj                      84     0         0      
       cpy_tbl.obj                   76     0         0      
       _lock.obj                     20     0         16     
       args_main.obj                 24     0         0      
       copy_decompress_none.obj      14     0         0      
       copy_zero_init.obj            12     0         0      
       stkdepth_vars.obj             0      0         8      
       pre_init.obj                  4      0         0      
       mpu_init.obj                  2      0         0      
       startup.obj                   2      0         0      
    +--+-----------------------------+------+---------+---------+
       Total:                        816    0         48     
                                                             
       Stack:                        0      0         1024   
       Linker Generated:             0      53        0      
    +--+-----------------------------+------+---------+---------+
       Grand Total:                  3780   365       1536   


LINKER GENERATED COPY TABLES

__TI_cinit_table @ 00001028 records: 2, size/record: 8, table size: 16
	.data: load addr=00001000, load size=00000011 bytes, run addr=200000e8, run size=00000018 bytes, compression=lzss
	.vtable: load addr=00001020, load size=00000008 bytes, run addr=20000000, run size=000000e8 bytes, compression=zero_init


LINKER GENERATED HANDLER TABLE

__TI_handler_table @ 00001014 records: 3, size/record: 4, table size: 12
	index: 0, handler: __TI_zero_init
	index: 1, handler: __TI_decompress_lzss
	index: 2, handler: __TI_decompress_none


GLOBAL SYMBOLS: SORTED ALPHABETICALLY BY Name 

address   name                           
-------   ----                           
0000036f  ADC14_IRQHandler               
0000036f  AES256_IRQHandler              
0000036f  BusFault_Handler               
00000c01  C$$EXIT                        
0000036f  COMP_E0_IRQHandler             
0000036f  COMP_E1_IRQHandler             
00000fa3  CPU_wfi                        
0000036f  CS_IRQHandler                  
0000036f  DMA_ERR_IRQHandler             
0000036f  DMA_INT0_IRQHandler            
0000036f  DMA_INT1_IRQHandler            
0000036f  DMA_INT2_IRQHandler            
0000036f  DMA_INT3_IRQHandler            
0000036f  DebugMon_Handler               
0000036f  Default_Handler                
0000036f  EUSCIA0_IRQHandler             
0000036f  EUSCIA1_IRQHandler             
0000036f  EUSCIA2_IRQHandler             
0000036f  EUSCIA3_IRQHandler             
0000036f  EUSCIB0_IRQHandler             
0000036f  EUSCIB1_IRQHandler             
0000036f  EUSCIB2_IRQHandler             
0000036f  EUSCIB3_IRQHandler             
0000036f  FLCTL_IRQHandler               
0000036f  FPU_IRQHandler                 
00000d95  GPIO_clearInterruptFlag        
00000dbd  GPIO_enableInterrupt           
00000671  GPIO_getEnabledInterruptStatus 
00000e5d  GPIO_getInterruptStatus        
00000d2d  GPIO_interruptEdgeSelect       
00000e81  GPIO_registerInterrupt         
00000c55  GPIO_setAsInputPin             
00000ced  GPIO_setAsOutputPin            
00000de5  GPIO_setOutputHighOnPin        
00000e0d  GPIO_setOutputLowOnPin         
0000036f  HardFault_Handler              
00000779  Interrupt_enableInterrupt      
00000aa1  Interrupt_registerInterrupt    
0000036f  MemManage_Handler              
0000036f  NMI_Handler                    
0000036f  PCM_IRQHandler                 
00000a41  PCM_getCoreVoltageLevel        
00000afd  PCM_getPowerMode               
00000f25  PCM_getPowerState              
00000e35  PCM_gotoLPM0                   
000006f5  PCM_gotoLPM3                   
00000f4d  PCM_gotoLPM4                   
00000f5d  PCM_setPowerMode               
00000f6d  PCM_setPowerState              
00000b59  PCM_shutdownDevice             
0000036f  PORT1_IRQHandler               
0000036f  PORT2_IRQHandler               
00000ec9  PORT3_IRQHandler               
00000ec9  PORT3_IRQHandler               
0000036f  PORT4_IRQHandler               
00000eeb  PORT5_IRQHandler               
00000eeb  PORT5_IRQHandler               
0000036f  PORT6_IRQHandler               
0000036f  PSS_IRQHandler                 
0000036f  PendSV_Handler                 
0000036f  RTC_C_IRQHandler               
00000d69  RTC_C_holdClock                
00000f8b  Reset_Handler                  
UNDEFED   SHT$$INIT_ARRAY$$Base          
UNDEFED   SHT$$INIT_ARRAY$$Limit         
0000036f  SVC_Handler                    
0000036f  SysTick_Handler                
000008f1  SystemInit                     
0000036f  T32_INT1_IRQHandler            
0000036f  T32_INT2_IRQHandler            
0000036f  T32_INTC_IRQHandler            
0000036f  TA0_0_IRQHandler               
0000036f  TA0_N_IRQHandler               
0000036f  TA1_0_IRQHandler               
0000036f  TA1_N_IRQHandler               
0000036f  TA2_0_IRQHandler               
0000036f  TA2_N_IRQHandler               
0000036f  TA3_0_IRQHandler               
0000036f  TA3_N_IRQHandler               
0000036f  UsageFault_Handler             
4000480c  WDTCTL_SYM                     
0000036f  WDT_A_IRQHandler               
00000ea5  WDT_A_holdTimer                
20010000  __STACK_END                    
00000200  __STACK_SIZE                   
00001028  __TI_CINIT_Base                
00001038  __TI_CINIT_Limit               
00001014  __TI_Handler_Table_Base        
00001020  __TI_Handler_Table_Limit       
00000969  __TI_auto_init                 
200000e8  __TI_cleanup_ptr               
000009d9  __TI_decompress_lzss           
00000f7d  __TI_decompress_none           
200000ec  __TI_dtors_ptr                 
200000f0  __TI_enable_exit_profile_output
ffffffff  __TI_pprof_out_hndl            
ffffffff  __TI_prof_data_size            
ffffffff  __TI_prof_data_start           
00000000  __TI_static_base__             
00000f97  __TI_zero_init                 
00000875  __aeabi_memclr                 
00000875  __aeabi_memclr4                
00000875  __aeabi_memclr8                
000005d5  __aeabi_memcpy                 
000005d5  __aeabi_memcpy4                
000005d5  __aeabi_memcpy8                
00000877  __aeabi_memset                 
00000877  __aeabi_memset4                
00000877  __aeabi_memset8                
ffffffff  __binit__                      
ffffffff  __c_args__                     
000008ef  __mpu_init                     
2000fe00  __stack                        
00000f0d  _args_main                     
00000bad  _c_int00                       
200000f4  _lock                          
00000f47  _nop                           
00000f3f  _register_lock                 
00000f39  _register_unlock               
00000a9f  _system_post_cinit             
00000fa7  _system_pre_init               
200000f8  _unlock                        
00000c05  abort                          
ffffffff  binit                          
00000ca1  copy_in                        
00000c0d  exit                           
20000000  g_pfnRAMVectors                
00000000  interruptVectors               
000007f9  main                           
200000fc  main_func_sp                   
000005d5  memcpy                         
0000087d  memset                         


GLOBAL SYMBOLS: SORTED BY Symbol Address 

address   name                           
-------   ----                           
00000000  __TI_static_base__             
00000000  interruptVectors               
00000200  __STACK_SIZE                   
0000036f  ADC14_IRQHandler               
0000036f  AES256_IRQHandler              
0000036f  BusFault_Handler               
0000036f  COMP_E0_IRQHandler             
0000036f  COMP_E1_IRQHandler             
0000036f  CS_IRQHandler                  
0000036f  DMA_ERR_IRQHandler             
0000036f  DMA_INT0_IRQHandler            
0000036f  DMA_INT1_IRQHandler            
0000036f  DMA_INT2_IRQHandler            
0000036f  DMA_INT3_IRQHandler            
0000036f  DebugMon_Handler               
0000036f  Default_Handler                
0000036f  EUSCIA0_IRQHandler             
0000036f  EUSCIA1_IRQHandler             
0000036f  EUSCIA2_IRQHandler             
0000036f  EUSCIA3_IRQHandler             
0000036f  EUSCIB0_IRQHandler             
0000036f  EUSCIB1_IRQHandler             
0000036f  EUSCIB2_IRQHandler             
0000036f  EUSCIB3_IRQHandler             
0000036f  FLCTL_IRQHandler               
0000036f  FPU_IRQHandler                 
0000036f  HardFault_Handler              
0000036f  MemManage_Handler              
0000036f  NMI_Handler                    
0000036f  PCM_IRQHandler                 
0000036f  PORT1_IRQHandler               
0000036f  PORT2_IRQHandler               
0000036f  PORT4_IRQHandler               
0000036f  PORT6_IRQHandler               
0000036f  PSS_IRQHandler                 
0000036f  PendSV_Handler                 
0000036f  RTC_C_IRQHandler               
0000036f  SVC_Handler                    
0000036f  SysTick_Handler                
0000036f  T32_INT1_IRQHandler            
0000036f  T32_INT2_IRQHandler            
0000036f  T32_INTC_IRQHandler            
0000036f  TA0_0_IRQHandler               
0000036f  TA0_N_IRQHandler               
0000036f  TA1_0_IRQHandler               
0000036f  TA1_N_IRQHandler               
0000036f  TA2_0_IRQHandler               
0000036f  TA2_N_IRQHandler               
0000036f  TA3_0_IRQHandler               
0000036f  TA3_N_IRQHandler               
0000036f  UsageFault_Handler             
0000036f  WDT_A_IRQHandler               
000005d5  __aeabi_memcpy                 
000005d5  __aeabi_memcpy4                
000005d5  __aeabi_memcpy8                
000005d5  memcpy                         
00000671  GPIO_getEnabledInterruptStatus 
000006f5  PCM_gotoLPM3                   
00000779  Interrupt_enableInterrupt      
000007f9  main                           
00000875  __aeabi_memclr                 
00000875  __aeabi_memclr4                
00000875  __aeabi_memclr8                
00000877  __aeabi_memset                 
00000877  __aeabi_memset4                
00000877  __aeabi_memset8                
0000087d  memset                         
000008ef  __mpu_init                     
000008f1  SystemInit                     
00000969  __TI_auto_init                 
000009d9  __TI_decompress_lzss           
00000a41  PCM_getCoreVoltageLevel        
00000a9f  _system_post_cinit             
00000aa1  Interrupt_registerInterrupt    
00000afd  PCM_getPowerMode               
00000b59  PCM_shutdownDevice             
00000bad  _c_int00                       
00000c01  C$$EXIT                        
00000c05  abort                          
00000c0d  exit                           
00000c55  GPIO_setAsInputPin             
00000ca1  copy_in                        
00000ced  GPIO_setAsOutputPin            
00000d2d  GPIO_interruptEdgeSelect       
00000d69  RTC_C_holdClock                
00000d95  GPIO_clearInterruptFlag        
00000dbd  GPIO_enableInterrupt           
00000de5  GPIO_setOutputHighOnPin        
00000e0d  GPIO_setOutputLowOnPin         
00000e35  PCM_gotoLPM0                   
00000e5d  GPIO_getInterruptStatus        
00000e81  GPIO_registerInterrupt         
00000ea5  WDT_A_holdTimer                
00000ec9  PORT3_IRQHandler               
00000ec9  PORT3_IRQHandler               
00000eeb  PORT5_IRQHandler               
00000eeb  PORT5_IRQHandler               
00000f0d  _args_main                     
00000f25  PCM_getPowerState              
00000f39  _register_unlock               
00000f3f  _register_lock                 
00000f47  _nop                           
00000f4d  PCM_gotoLPM4                   
00000f5d  PCM_setPowerMode               
00000f6d  PCM_setPowerState              
00000f7d  __TI_decompress_none           
00000f8b  Reset_Handler                  
00000f97  __TI_zero_init                 
00000fa3  CPU_wfi                        
00000fa7  _system_pre_init               
00001014  __TI_Handler_Table_Base        
00001020  __TI_Handler_Table_Limit       
00001028  __TI_CINIT_Base                
00001038  __TI_CINIT_Limit               
20000000  g_pfnRAMVectors                
200000e8  __TI_cleanup_ptr               
200000ec  __TI_dtors_ptr                 
200000f0  __TI_enable_exit_profile_output
200000f4  _lock                          
200000f8  _unlock                        
200000fc  main_func_sp                   
2000fe00  __stack                        
20010000  __STACK_END                    
4000480c  WDTCTL_SYM                     
ffffffff  __TI_pprof_out_hndl            
ffffffff  __TI_prof_data_size            
ffffffff  __TI_prof_data_start           
ffffffff  __binit__                      
ffffffff  __c_args__                     
ffffffff  binit                          
UNDEFED   SHT$$INIT_ARRAY$$Base          
UNDEFED   SHT$$INIT_ARRAY$$Limit         

[132 symbols]
