******************************************************************************
                  TI ARM Linker PC v16.9.6                     
******************************************************************************
>> Linked Fri Jul 03 13:08:11 2020

OUTPUT FILE NAME:   <Lab4_Optional_Temperature.out>
ENTRY POINT SYMBOL: "_c_int00"  address: 00003cf1


MEMORY CONFIGURATION

         name            origin    length      used     unused   attr    fill
----------------------  --------  ---------  --------  --------  ----  --------
  MAIN                  00000000   00040000  00004c76  0003b38a  R  X
  INFO                  00200000   00004000  00000000  00004000  R  X
  SRAM_CODE             01000000   00010000  0000025e  0000fda2  RW X
  SRAM_DATA             20000000   00010000  0000025e  0000fda2  RW  


SEGMENT ALLOCATION MAP

run origin  load origin   length   init length attrs members
----------  ----------- ---------- ----------- ----- -------
00000000    00000000    00004c78   00004c78    r-x
  00000000    00000000    000000e4   000000e4    r-- .intvecs
  000000e4    000000e4    000045d2   000045d2    r-x .text
  000046b8    000046b8    00000580   00000580    r-- .const
  00004c38    00004c38    00000040   00000040    r-- .cinit
20000000    20000000    0000005e   00000000    rw-
  20000000    20000000    00000034   00000000    rw- .data
  20000034    20000034    0000002a   00000000    rw- .bss
2000fe00    2000fe00    00000200   00000000    rw-
  2000fe00    2000fe00    00000200   00000000    rw- .stack


SECTION ALLOCATION MAP

 output                                  attributes/
section   page    origin      length       input sections
--------  ----  ----------  ----------   ----------------
.intvecs   0    00000000    000000e4     
                  00000000    000000e4     startup_msp432p401r_ccs.obj (.intvecs:retain)

.binit     0    00000000    00000000     

.text      0    000000e4    000045d2     
                  000000e4    0000113e     rtsv7M4_T_le_v4SPD16_eabi.lib : _printfi.obj (.text)
                  00001222    00000002     startup_msp432p401r_ccs.obj (.text:Default_Handler)
                  00001224    000009ac     rtsv7M4_T_le_v4SPD16_eabi.lib : e_pow.obj (.text)
                  00001bd0    0000047e     grlib.a : string.obj (.text:Graphics_drawString)
                  0000204e    00000002     rtsv7M4_T_le_v4SPD16_eabi.lib : mpu_init.obj (.text)
                  00002050    000003a0     HAL_TMP006.obj (.text:TMP006_getTemp)
                  000023f0    000001f4     rtsv7M4_T_le_v4SPD16_eabi.lib : ull_div_t2.obj (.text)
                  000025e4    000001d8     Crystalfontz128x128_ST7735.obj (.text:Crystalfontz128x128_PixelDrawMultiple)
                  000027bc    000001b6     rtsv7M4_T_le_v4SPD16_eabi.lib : fd_add_t2.obj (.text)
                  00002972    00000002                                   : startup.obj (.text)
                  00002974    00000190     main.obj (.text:main)
                  00002b04    00000170     rtsv7M4_T_le_v4SPD16_eabi.lib : e_sqrt.obj (.text)
                  00002c74    00000136                                   : fd_div_t2.obj (.text)
                  00002daa    00000002     --HOLE-- [fill = 0]
                  00002dac    00000134     Crystalfontz128x128_ST7735.obj (.text:Crystalfontz128x128_SetDrawFrame)
                  00002ee0    0000012c     Crystalfontz128x128_ST7735.obj (.text:Crystalfontz128x128_Init)
                  0000300c    000000fc     rtsv7M4_T_le_v4SPD16_eabi.lib : fd_mul_t2.obj (.text)
                  00003108    000000fc                                   : s_scalbn.obj (.text)
                  00003204    000000fa     grlib.a : string.obj (.text:Graphics_getStringWidth)
                  000032fe    000000b0     msp432p4xx_driverlib.lib : spi.o (.text:SPI_initMaster)
                  000033ae    0000009c     Crystalfontz128x128_ST7735.obj (.text:Crystalfontz128x128_RectFill)
                  0000344a    0000009c     grlib.a : line.obj (.text:Graphics_drawLineH)
                  000034e6    0000009c     rtsv7M4_T_le_v4SPD16_eabi.lib : memcpy_t2.obj (.text)
                  00003582    00000002     --HOLE-- [fill = 0]
                  00003584    0000008c     HAL_I2C.obj (.text:I2C_read16)
                  00003610    00000088     msp432p4xx_driverlib.lib : gpio.o (.text:GPIO_setAsPeripheralModuleFunctionOutputPin)
                  00003698    00000086     rtsv7M4_T_le_v4SPD16_eabi.lib : fd_cmp_t2.obj (.text:__aeabi_cdcmple)
                  0000371e    00000086                                   : fd_cmp_t2.obj (.text:__aeabi_cdrcmple)
                  000037a4    0000007a                                   : memset_t2.obj (.text)
                  0000381e    00000002     --HOLE-- [fill = 0]
                  00003820    00000078     system_msp432p401r.obj (.text:SystemInit)
                  00003898    00000070     rtsv7M4_T_le_v4SPD16_eabi.lib : autoinit.obj (.text)
                  00003908    0000006e                                   : fd_tos_t2.obj (.text)
                  00003976    00000002     --HOLE-- [fill = 0]
                  00003978    0000006c     msp432p4xx_driverlib.lib : i2c.o (.text:I2C_masterSendMultiByteFinish)
                  000039e4    00000068                              : i2c.o (.text:I2C_masterSendMultiByteStart)
                  00003a4c    00000068     rtsv7M4_T_le_v4SPD16_eabi.lib : copy_decompress_lzss.obj (.text:decompress:lzss)
                  00003ab4    00000064                                   : s_frexp.obj (.text)
                  00003b18    00000062     msp432p4xx_driverlib.lib : i2c.o (.text:I2C_initMaster)
                  00003b7a    00000060     Crystalfontz128x128_ST7735.obj (.text:Crystalfontz128x128_LineDrawH)
                  00003bda    00000060     Crystalfontz128x128_ST7735.obj (.text:Crystalfontz128x128_LineDrawV)
                  00003c3a    00000002     --HOLE-- [fill = 0]
                  00003c3c    00000060     rtsv7M4_T_le_v4SPD16_eabi.lib : sprintf.obj (.text)
                  00003c9c    00000054     Crystalfontz128x128_ST7735.obj (.text:Crystalfontz128x128_SetOrientation)
                  00003cf0    00000054     rtsv7M4_T_le_v4SPD16_eabi.lib : boot.obj (.text)
                  00003d44    00000054                                   : exit.obj (.text)
                  00003d98    00000054                                   : ltoa.obj (.text)
                  00003dec    00000052     grlib.a : context.obj (.text:Graphics_initContext)
                  00003e3e    00000002     --HOLE-- [fill = 0]
                  00003e40    0000004c     rtsv7M4_T_le_v4SPD16_eabi.lib : atoi.obj (.text)
                  00003e8c    0000004c                                   : cpy_tbl.obj (.text)
                  00003ed8    00000048     grlib.a : string.obj (.text:Graphics_drawStringCentered)
                  00003f20    00000048     HAL_I2C.obj (.text:I2C_write16)
                  00003f68    00000048     rtsv7M4_T_le_v4SPD16_eabi.lib : fd_toi_t2.obj (.text)
                  00003fb0    00000040     Crystalfontz128x128_ST7735.obj (.text:Crystalfontz128x128_PixelDraw)
                  00003ff0    00000040     msp432p4xx_driverlib.lib : gpio.o (.text:GPIO_setAsOutputPin)
                  00004030    00000040     grlib.a : string.obj (.text:Graphics_getNumberOfLeadingZeros)
                  00004070    00000040     HAL_MSP_EXP432P401R_Crystalfontz128x128_ST7735.obj (.text:HAL_LCD_SpiInit)
                  000040b0    00000040     msp432p4xx_driverlib.lib : i2c.o (.text:I2C_masterReceiveMultiByteFinish)
                  000040f0    00000040                              : spi.o (.text:is_A_Module)
                  00004130    00000038     HAL_MSP_EXP432P401R_Crystalfontz128x128_ST7735.obj (.text:HAL_LCD_writeCommand)
                  00004168    00000038     msp432p4xx_driverlib.lib : i2c.o (.text:I2C_masterSendMultiByteStop)
                  000041a0    00000038     rtsv7M4_T_le_v4SPD16_eabi.lib : fs_tod_t2.obj (.text)
                  000041d8    00000036     grlib.a : display.obj (.text:Graphics_drawHorizontalLineOnDisplay)
                  0000420e    00000036     HAL_TMP006.obj (.text:TMP006_init)
                  00004244    00000034     msp432p4xx_driverlib.lib : i2c.o (.text:I2C_masterSendMultiByteNext)
                  00004278    00000030     HAL_MSP_EXP432P401R_Crystalfontz128x128_ST7735.obj (.text:HAL_LCD_PortInit)
                  000042a8    0000002e     rtsv7M4_T_le_v4SPD16_eabi.lib : i_tofd_t2.obj (.text)
                  000042d6    00000002     --HOLE-- [fill = 0]
                  000042d8    0000002c     Crystalfontz128x128_ST7735.obj (.text:Crystalfontz128x128_ClearScreen)
                  00004304    0000002c     grlib.a : display.obj (.text:Graphics_drawPixelOnDisplay)
                  00004330    0000002c     HAL_MSP_EXP432P401R_Crystalfontz128x128_ST7735.obj (.text:HAL_LCD_writeData)
                  0000435c    00000028     Crystalfontz128x128_ST7735.obj (.text:Crystalfontz128x128_ColorTranslate)
                  00004384    00000028     msp432p4xx_driverlib.lib : gpio.o (.text:GPIO_setOutputHighOnPin)
                  000043ac    00000028                              : gpio.o (.text:GPIO_setOutputLowOnPin)
                  000043d4    00000020     HAL_I2C.obj (.text:I2C_init)
                  000043f4    0000001c     msp432p4xx_driverlib.lib : i2c.o (.text:I2C_setMode)
                  00004410    0000001c     HAL_I2C.obj (.text:I2C_setslave)
                  0000442c    0000001c     msp432p4xx_driverlib.lib : spi.o (.text:SPI_enableModule)
                  00004448    0000001c     rtsv7M4_T_le_v4SPD16_eabi.lib : memccpy.obj (.text)
                  00004464    0000001a     grlib.a : display.obj (.text:Graphics_clearDisplayOnDisplay)
                  0000447e    0000001a             : context.obj (.text:Graphics_setBackgroundColor)
                  00004498    0000001a             : context.obj (.text:Graphics_setFont)
                  000044b2    0000001a     msp432p4xx_driverlib.lib : i2c.o (.text:I2C_masterReceiveStart)
                  000044cc    00000018                              : i2c.o (.text:I2C_getInterruptStatus)
                  000044e4    00000018                              : i2c.o (.text:I2C_isBusBusy)
                  000044fc    00000018     HAL_I2C.obj (.text:Init_I2C_GPIO)
                  00004514    00000018     rtsv7M4_T_le_v4SPD16_eabi.lib : args_main.obj (.text)
                  0000452c    00000016     msp432p4xx_driverlib.lib : spi.o (.text:EUSCI_A_SPI_enable)
                  00004542    00000016                              : spi.o (.text:EUSCI_B_SPI_enable)
                  00004558    00000016     grlib.a : context.obj (.text:Graphics_setForegroundColor)
                  0000456e    00000016             : display.obj (.text:Graphics_translateColorOnDisplay)
                  00004584    00000016     msp432p4xx_driverlib.lib : i2c.o (.text:I2C_clearInterruptFlag)
                  0000459a    00000016                              : i2c.o (.text:I2C_disableModule)
                  000045b0    00000016                              : i2c.o (.text:I2C_enableModule)
                  000045c6    00000016     rtsv7M4_T_le_v4SPD16_eabi.lib : strchr.obj (.text)
                  000045dc    00000014     msp432p4xx_driverlib.lib : i2c.o (.text:I2C_masterReceiveMultiByteNext)
                  000045f0    00000014                              : i2c.o (.text:I2C_setSlaveAddress)
                  00004604    00000014     rtsv7M4_T_le_v4SPD16_eabi.lib : _lock.obj (.text)
                  00004618    00000014                                   : s_copysign.obj (.text)
                  0000462c    00000014                                   : strlen.obj (.text)
                  00004640    00000012     grlib.a : context.obj (.text:Graphics_clearDisplay)
                  00004652    00000010     HAL_TMP006.obj (.text:TMP006_readAmbientTemperature)
                  00004662    00000010     HAL_TMP006.obj (.text:TMP006_readDeviceId)
                  00004672    00000010     HAL_TMP006.obj (.text:TMP006_readObjectVoltage)
                  00004682    0000000e     rtsv7M4_T_le_v4SPD16_eabi.lib : copy_decompress_none.obj (.text:decompress:none)
                  00004690    0000000c     startup_msp432p401r_ccs.obj (.text:Reset_Handler)
                  0000469c    0000000c     rtsv7M4_T_le_v4SPD16_eabi.lib : copy_zero_init.obj (.text:decompress:ZI)
                  000046a8    0000000a     Crystalfontz128x128_ST7735.obj (.text:Crystalfontz128x128_Flush)
                  000046b2    00000004     rtsv7M4_T_le_v4SPD16_eabi.lib : pre_init.obj (.text)

.const     0    000046b8    00000580     
                  000046b8    000002f8     grlib.a : fontfixed6x8.obj (.const:.string:g_pucFontFixed6x8Data)
                  000049b0    00000101     rtsv7M4_T_le_v4SPD16_eabi.lib : ctype.obj (.const:.string:_ctypes_)
                  00004ab1    00000003     --HOLE-- [fill = 0]
                  00004ab4    000000c8     grlib.a : fontfixed6x8.obj (.const:g_sFontFixed6x8)
                  00004b7c    00000004     --HOLE-- [fill = 0]
                  00004b80    00000030     rtsv7M4_T_le_v4SPD16_eabi.lib : e_pow.obj (.const:$O1$$)
                  00004bb0    00000030     msp432p4xx_driverlib.lib : gpio.o (.const:GPIO_PORT_TO_BASE)
                  00004be0    00000020     Crystalfontz128x128_ST7735.obj (.const:g_sCrystalfontz128x128_funcs)
                  00004c00    0000001c     HAL_MSP_EXP432P401R_Crystalfontz128x128_ST7735.obj (.const:$P$T0$1)
                  00004c1c    00000014     HAL_I2C.obj (.const:i2cConfig)
                  00004c30    00000008     Crystalfontz128x128_ST7735.obj (.const:$P$T0$1)

.cinit     0    00004c38    00000040     
                  00004c38    00000017     (.cinit..data.load) [load image, compression = lzss]
                  00004c4f    00000001     --HOLE-- [fill = 0]
                  00004c50    0000000c     (__TI_handler_table)
                  00004c5c    00000004     --HOLE-- [fill = 0]
                  00004c60    00000008     (.cinit..bss.load) [load image, compression = zero_init]
                  00004c68    00000010     (__TI_cinit_table)

.init_array 
*          0    00000000    00000000     UNINITIALIZED

.data      0    20000000    00000034     UNINITIALIZED
                  20000000    00000010     Crystalfontz128x128_ST7735.obj (.data:g_sCrystalfontz128x128)
                  20000010    0000000c     rtsv7M4_T_le_v4SPD16_eabi.lib : exit.obj (.data:$O1$$)
                  2000001c    00000008                                   : _lock.obj (.data:$O1$$)
                  20000024    00000004                                   : errno.obj (.data)
                  20000028    00000008     HAL_TMP006.obj (.data)
                  20000030    00000004     rtsv7M4_T_le_v4SPD16_eabi.lib : stkdepth_vars.obj (.data)

.bss       0    20000034    0000002a     UNINITIALIZED
                  20000034    0000001c     (.common:g_sContext)
                  20000050    00000004     (.common:temp)
                  20000054    00000002     (.common:Lcd_ScreenHeigth)
                  20000056    00000002     (.common:Lcd_ScreenWidth)
                  20000058    00000002     (.common:Lcd_TouchTrim)
                  2000005a    00000001     (.common:Lcd_FlagRead)
                  2000005b    00000001     (.common:Lcd_FontSolid)
                  2000005c    00000001     (.common:Lcd_Orientation)
                  2000005d    00000001     (.common:Lcd_PenSolid)

.stack     0    2000fe00    00000200     UNINITIALIZED
                  2000fe00    00000200     --HOLE--

MODULE SUMMARY

       Module                                               code    ro data   rw data
       ------                                               ----    -------   -------
    .\
       HAL_TMP006.obj                                       1030    0         16     
       main.obj                                             400     0         64     
       HAL_I2C.obj                                          296     20        0      
       system_msp432p401r.obj                               120     0         0      
    +--+----------------------------------------------------+-------+---------+---------+
       Total:                                               1846    20        80     
                                                                                     
    .\LcdDriver\
       Crystalfontz128x128_ST7735.obj                       1670    40        52     
       HAL_MSP_EXP432P401R_Crystalfontz128x128_ST7735.obj   212     28        0      
    +--+----------------------------------------------------+-------+---------+---------+
       Total:                                               1882    68        52     
                                                                                     
    .\ccs\
       startup_msp432p401r_ccs.obj                          14      228       0      
    +--+----------------------------------------------------+-------+---------+---------+
       Total:                                               14      228       0      
                                                                                     
    C:/ti/simplelink_msp432p4_sdk_2_20_00_12/source/ti/devices/msp432p4xx/driverlib/ccs/msp432p4xx_driverlib.lib
       i2c.o                                                690     0         0      
       gpio.o                                               280     48        0      
       spi.o                                                312     0         0      
    +--+----------------------------------------------------+-------+---------+---------+
       Total:                                               1282    48        0      
                                                                                     
    C:/ti/simplelink_msp432p4_sdk_2_20_00_12/source/ti/grlib/lib/ccs/m4f/grlib.a
       string.obj                                           1536    0         0      
       fontfixed6x8.obj                                     0       960       0      
       context.obj                                          174     0         0      
       line.obj                                             156     0         0      
       display.obj                                          146     0         0      
    +--+----------------------------------------------------+-------+---------+---------+
       Total:                                               2012    960       0      
                                                                                     
    C:\ti\ccs740\ccsv7\tools\compiler\ti-cgt-arm_16.9.6.LTS\lib\rtsv7M4_T_le_v4SPD16_eabi.lib
       _printfi.obj                                         4414    0         0      
       e_pow.obj                                            2476    48        0      
       ull_div_t2.obj                                       500     0         0      
       fd_add_t2.obj                                        438     0         0      
       e_sqrt.obj                                           368     0         0      
       fd_div_t2.obj                                        310     0         0      
       fd_cmp_t2.obj                                        268     0         0      
       ctype.obj                                            0       257       0      
       fd_mul_t2.obj                                        252     0         0      
       s_scalbn.obj                                         252     0         0      
       memcpy_t2.obj                                        156     0         0      
       memset_t2.obj                                        122     0         0      
       autoinit.obj                                         112     0         0      
       fd_tos_t2.obj                                        110     0         0      
       exit.obj                                             84      0         24     
       copy_decompress_lzss.obj                             104     0         0      
       s_frexp.obj                                          100     0         0      
       sprintf.obj                                          96      0         0      
       boot.obj                                             84      0         0      
       ltoa.obj                                             84      0         0      
       atoi.obj                                             76      0         0      
       cpy_tbl.obj                                          76      0         0      
       fd_toi_t2.obj                                        72      0         0      
       fs_tod_t2.obj                                        56      0         0      
       i_tofd_t2.obj                                        46      0         0      
       _lock.obj                                            20      0         16     
       memccpy.obj                                          28      0         0      
       args_main.obj                                        24      0         0      
       strchr.obj                                           22      0         0      
       s_copysign.obj                                       20      0         0      
       strlen.obj                                           20      0         0      
       copy_decompress_none.obj                             14      0         0      
       copy_zero_init.obj                                   12      0         0      
       errno.obj                                            0       0         8      
       stkdepth_vars.obj                                    0       0         8      
       pre_init.obj                                         4       0         0      
       mpu_init.obj                                         2       0         0      
       startup.obj                                          2       0         0      
    +--+----------------------------------------------------+-------+---------+---------+
       Total:                                               10824   305       56     
                                                                                     
       Stack:                                               0       0         1024   
       Linker Generated:                                    0       59        0      
    +--+----------------------------------------------------+-------+---------+---------+
       Grand Total:                                         17860   1688      1212   


LINKER GENERATED COPY TABLES

__TI_cinit_table @ 00004c68 records: 2, size/record: 8, table size: 16
	.data: load addr=00004c38, load size=00000017 bytes, run addr=20000000, run size=00000034 bytes, compression=lzss
	.bss: load addr=00004c60, load size=00000008 bytes, run addr=20000034, run size=0000002a bytes, compression=zero_init


LINKER GENERATED HANDLER TABLE

__TI_handler_table @ 00004c50 records: 3, size/record: 4, table size: 12
	index: 0, handler: __TI_decompress_lzss
	index: 1, handler: __TI_decompress_none
	index: 2, handler: __TI_zero_init


GLOBAL SYMBOLS: SORTED ALPHABETICALLY BY Name 

address   name                                       
-------   ----                                       
00001223  ADC14_IRQHandler                           
00001223  AES256_IRQHandler                          
00001223  BusFault_Handler                           
00003d45  C$$EXIT                                    
00001223  COMP_E0_IRQHandler                         
00001223  COMP_E1_IRQHandler                         
00001223  CS_IRQHandler                              
00002ee1  Crystalfontz128x128_Init                   
00002dad  Crystalfontz128x128_SetDrawFrame           
00003c9d  Crystalfontz128x128_SetOrientation         
00001223  DMA_ERR_IRQHandler                         
00001223  DMA_INT0_IRQHandler                        
00001223  DMA_INT1_IRQHandler                        
00001223  DMA_INT2_IRQHandler                        
00001223  DMA_INT3_IRQHandler                        
00001223  DebugMon_Handler                           
00001223  Default_Handler                            
00001223  EUSCIA0_IRQHandler                         
00001223  EUSCIA1_IRQHandler                         
00001223  EUSCIA2_IRQHandler                         
00001223  EUSCIA3_IRQHandler                         
00001223  EUSCIB0_IRQHandler                         
00001223  EUSCIB1_IRQHandler                         
00001223  EUSCIB2_IRQHandler                         
00001223  EUSCIB3_IRQHandler                         
0000452d  EUSCI_A_SPI_enable                         
00004543  EUSCI_B_SPI_enable                         
00001223  FLCTL_IRQHandler                           
00001223  FPU_IRQHandler                             
00003ff1  GPIO_setAsOutputPin                        
00003611  GPIO_setAsPeripheralModuleFunctionOutputPin
00004385  GPIO_setOutputHighOnPin                    
000043ad  GPIO_setOutputLowOnPin                     
00004641  Graphics_clearDisplay                      
00004465  Graphics_clearDisplayOnDisplay             
000041d9  Graphics_drawHorizontalLineOnDisplay       
0000344b  Graphics_drawLineH                         
00004305  Graphics_drawPixelOnDisplay                
00001bd1  Graphics_drawString                        
00003ed9  Graphics_drawStringCentered                
00003205  Graphics_getStringWidth                    
00003ded  Graphics_initContext                       
0000447f  Graphics_setBackgroundColor                
00004499  Graphics_setFont                           
00004559  Graphics_setForegroundColor                
0000456f  Graphics_translateColorOnDisplay           
00004279  HAL_LCD_PortInit                           
00004071  HAL_LCD_SpiInit                            
00004131  HAL_LCD_writeCommand                       
00004331  HAL_LCD_writeData                          
00001223  HardFault_Handler                          
00004585  I2C_clearInterruptFlag                     
0000459b  I2C_disableModule                          
000045b1  I2C_enableModule                           
000044cd  I2C_getInterruptStatus                     
000043d5  I2C_init                                   
00003b19  I2C_initMaster                             
000044e5  I2C_isBusBusy                              
000040b1  I2C_masterReceiveMultiByteFinish           
000045dd  I2C_masterReceiveMultiByteNext             
000044b3  I2C_masterReceiveStart                     
00003979  I2C_masterSendMultiByteFinish              
00004245  I2C_masterSendMultiByteNext                
000039e5  I2C_masterSendMultiByteStart               
00004169  I2C_masterSendMultiByteStop                
00003585  I2C_read16                                 
000043f5  I2C_setMode                                
000045f1  I2C_setSlaveAddress                        
00004411  I2C_setslave                               
00003f21  I2C_write16                                
000044fd  Init_I2C_GPIO                              
2000005a  Lcd_FlagRead                               
2000005b  Lcd_FontSolid                              
2000005c  Lcd_Orientation                            
2000005d  Lcd_PenSolid                               
20000054  Lcd_ScreenHeigth                           
20000056  Lcd_ScreenWidth                            
20000058  Lcd_TouchTrim                              
00001223  MemManage_Handler                          
00001223  NMI_Handler                                
00001223  PCM_IRQHandler                             
00001223  PORT1_IRQHandler                           
00001223  PORT2_IRQHandler                           
00001223  PORT3_IRQHandler                           
00001223  PORT4_IRQHandler                           
00001223  PORT5_IRQHandler                           
00001223  PORT6_IRQHandler                           
00001223  PSS_IRQHandler                             
00001223  PendSV_Handler                             
00001223  RTC_C_IRQHandler                           
00004691  Reset_Handler                              
UNDEFED   SHT$$INIT_ARRAY$$Base                      
UNDEFED   SHT$$INIT_ARRAY$$Limit                     
0000442d  SPI_enableModule                           
000032ff  SPI_initMaster                             
00001223  SVC_Handler                                
00001223  SysTick_Handler                            
00003821  SystemInit                                 
00001223  T32_INT1_IRQHandler                        
00001223  T32_INT2_IRQHandler                        
00001223  T32_INTC_IRQHandler                        
00001223  TA0_0_IRQHandler                           
00001223  TA0_N_IRQHandler                           
00001223  TA1_0_IRQHandler                           
00001223  TA1_N_IRQHandler                           
00001223  TA2_0_IRQHandler                           
00001223  TA2_N_IRQHandler                           
00001223  TA3_0_IRQHandler                           
00001223  TA3_N_IRQHandler                           
00002051  TMP006_getTemp                             
0000420f  TMP006_init                                
00004653  TMP006_readAmbientTemperature              
00004663  TMP006_readDeviceId                        
00004673  TMP006_readObjectVoltage                   
00001223  UsageFault_Handler                         
4000480c  WDTCTL_SYM                                 
00001223  WDT_A_IRQHandler                           
20010000  __STACK_END                                
00000200  __STACK_SIZE                               
00004c68  __TI_CINIT_Base                            
00004c78  __TI_CINIT_Limit                           
00004c50  __TI_Handler_Table_Base                    
00004c5c  __TI_Handler_Table_Limit                   
00003899  __TI_auto_init                             
20000010  __TI_cleanup_ptr                           
00003a4d  __TI_decompress_lzss                       
00004683  __TI_decompress_none                       
20000014  __TI_dtors_ptr                             
20000018  __TI_enable_exit_profile_output            
ffffffff  __TI_pprof_out_hndl                        
00000929  __TI_printfi                               
ffffffff  __TI_prof_data_size                        
ffffffff  __TI_prof_data_start                       
00000000  __TI_static_base__                         
0000469d  __TI_zero_init                             
00003699  __aeabi_cdcmpeq                            
00003699  __aeabi_cdcmple                            
0000371f  __aeabi_cdrcmple                           
00003909  __aeabi_d2f                                
00003f69  __aeabi_d2iz                               
000027c7  __aeabi_dadd                               
00002c75  __aeabi_ddiv                               
0000300d  __aeabi_dmul                               
000027bd  __aeabi_dsub                               
000041a1  __aeabi_f2d                                
000042a9  __aeabi_i2d                                
000037a5  __aeabi_memclr                             
000037a5  __aeabi_memclr4                            
000037a5  __aeabi_memclr8                            
000034e7  __aeabi_memcpy                             
000034e7  __aeabi_memcpy4                            
000034e7  __aeabi_memcpy8                            
000037a7  __aeabi_memset                             
000037a7  __aeabi_memset4                            
000037a7  __aeabi_memset8                            
000023f1  __aeabi_uldivmod                           
ffffffff  __binit__                                  
ffffffff  __c_args__                                 
0000204f  __mpu_init                                 
2000fe00  __stack                                    
00004515  _args_main                                 
00003cf1  _c_int00                                   
000049b0  _ctypes_                                   
2000001c  _lock                                      
00004613  _nop                                       
0000460b  _register_lock                             
00004605  _register_unlock                           
00002973  _system_post_cinit                         
000046b3  _system_pre_init                           
20000020  _unlock                                    
00003d49  abort                                      
00003e41  atoi                                       
ffffffff  binit                                      
00003e8d  copy_in                                    
00004619  copysign                                   
00004619  copysignl                                  
20000024  errno                                      
00003d51  exit                                       
00003ab5  frexp                                      
00003ab5  frexpl                                     
20000034  g_sContext                                 
20000000  g_sCrystalfontz128x128                     
00004be0  g_sCrystalfontz128x128_funcs               
00004ab4  g_sFontFixed6x8                            
00004c1c  i2cConfig                                  
00000000  interruptVectors                           
00003109  ldexp                                      
00003109  ldexpl                                     
00003d99  ltoa                                       
00002975  main                                       
20000030  main_func_sp                               
00004449  memccpy                                    
000034e7  memcpy                                     
000037ad  memset                                     
00001225  pow                                        
00001225  powl                                       
00003109  scalbn                                     
00003109  scalbnl                                    
00003c3d  sprintf                                    
00002b05  sqrt                                       
00002b05  sqrtl                                      
000045c7  strchr                                     
0000462d  strlen                                     
20000050  temp                                       


GLOBAL SYMBOLS: SORTED BY Symbol Address 

address   name                                       
-------   ----                                       
00000000  __TI_static_base__                         
00000000  interruptVectors                           
00000200  __STACK_SIZE                               
00000929  __TI_printfi                               
00001223  ADC14_IRQHandler                           
00001223  AES256_IRQHandler                          
00001223  BusFault_Handler                           
00001223  COMP_E0_IRQHandler                         
00001223  COMP_E1_IRQHandler                         
00001223  CS_IRQHandler                              
00001223  DMA_ERR_IRQHandler                         
00001223  DMA_INT0_IRQHandler                        
00001223  DMA_INT1_IRQHandler                        
00001223  DMA_INT2_IRQHandler                        
00001223  DMA_INT3_IRQHandler                        
00001223  DebugMon_Handler                           
00001223  Default_Handler                            
00001223  EUSCIA0_IRQHandler                         
00001223  EUSCIA1_IRQHandler                         
00001223  EUSCIA2_IRQHandler                         
00001223  EUSCIA3_IRQHandler                         
00001223  EUSCIB0_IRQHandler                         
00001223  EUSCIB1_IRQHandler                         
00001223  EUSCIB2_IRQHandler                         
00001223  EUSCIB3_IRQHandler                         
00001223  FLCTL_IRQHandler                           
00001223  FPU_IRQHandler                             
00001223  HardFault_Handler                          
00001223  MemManage_Handler                          
00001223  NMI_Handler                                
00001223  PCM_IRQHandler                             
00001223  PORT1_IRQHandler                           
00001223  PORT2_IRQHandler                           
00001223  PORT3_IRQHandler                           
00001223  PORT4_IRQHandler                           
00001223  PORT5_IRQHandler                           
00001223  PORT6_IRQHandler                           
00001223  PSS_IRQHandler                             
00001223  PendSV_Handler                             
00001223  RTC_C_IRQHandler                           
00001223  SVC_Handler                                
00001223  SysTick_Handler                            
00001223  T32_INT1_IRQHandler                        
00001223  T32_INT2_IRQHandler                        
00001223  T32_INTC_IRQHandler                        
00001223  TA0_0_IRQHandler                           
00001223  TA0_N_IRQHandler                           
00001223  TA1_0_IRQHandler                           
00001223  TA1_N_IRQHandler                           
00001223  TA2_0_IRQHandler                           
00001223  TA2_N_IRQHandler                           
00001223  TA3_0_IRQHandler                           
00001223  TA3_N_IRQHandler                           
00001223  UsageFault_Handler                         
00001223  WDT_A_IRQHandler                           
00001225  pow                                        
00001225  powl                                       
00001bd1  Graphics_drawString                        
0000204f  __mpu_init                                 
00002051  TMP006_getTemp                             
000023f1  __aeabi_uldivmod                           
000027bd  __aeabi_dsub                               
000027c7  __aeabi_dadd                               
00002973  _system_post_cinit                         
00002975  main                                       
00002b05  sqrt                                       
00002b05  sqrtl                                      
00002c75  __aeabi_ddiv                               
00002dad  Crystalfontz128x128_SetDrawFrame           
00002ee1  Crystalfontz128x128_Init                   
0000300d  __aeabi_dmul                               
00003109  ldexp                                      
00003109  ldexpl                                     
00003109  scalbn                                     
00003109  scalbnl                                    
00003205  Graphics_getStringWidth                    
000032ff  SPI_initMaster                             
0000344b  Graphics_drawLineH                         
000034e7  __aeabi_memcpy                             
000034e7  __aeabi_memcpy4                            
000034e7  __aeabi_memcpy8                            
000034e7  memcpy                                     
00003585  I2C_read16                                 
00003611  GPIO_setAsPeripheralModuleFunctionOutputPin
00003699  __aeabi_cdcmpeq                            
00003699  __aeabi_cdcmple                            
0000371f  __aeabi_cdrcmple                           
000037a5  __aeabi_memclr                             
000037a5  __aeabi_memclr4                            
000037a5  __aeabi_memclr8                            
000037a7  __aeabi_memset                             
000037a7  __aeabi_memset4                            
000037a7  __aeabi_memset8                            
000037ad  memset                                     
00003821  SystemInit                                 
00003899  __TI_auto_init                             
00003909  __aeabi_d2f                                
00003979  I2C_masterSendMultiByteFinish              
000039e5  I2C_masterSendMultiByteStart               
00003a4d  __TI_decompress_lzss                       
00003ab5  frexp                                      
00003ab5  frexpl                                     
00003b19  I2C_initMaster                             
00003c3d  sprintf                                    
00003c9d  Crystalfontz128x128_SetOrientation         
00003cf1  _c_int00                                   
00003d45  C$$EXIT                                    
00003d49  abort                                      
00003d51  exit                                       
00003d99  ltoa                                       
00003ded  Graphics_initContext                       
00003e41  atoi                                       
00003e8d  copy_in                                    
00003ed9  Graphics_drawStringCentered                
00003f21  I2C_write16                                
00003f69  __aeabi_d2iz                               
00003ff1  GPIO_setAsOutputPin                        
00004071  HAL_LCD_SpiInit                            
000040b1  I2C_masterReceiveMultiByteFinish           
00004131  HAL_LCD_writeCommand                       
00004169  I2C_masterSendMultiByteStop                
000041a1  __aeabi_f2d                                
000041d9  Graphics_drawHorizontalLineOnDisplay       
0000420f  TMP006_init                                
00004245  I2C_masterSendMultiByteNext                
00004279  HAL_LCD_PortInit                           
000042a9  __aeabi_i2d                                
00004305  Graphics_drawPixelOnDisplay                
00004331  HAL_LCD_writeData                          
00004385  GPIO_setOutputHighOnPin                    
000043ad  GPIO_setOutputLowOnPin                     
000043d5  I2C_init                                   
000043f5  I2C_setMode                                
00004411  I2C_setslave                               
0000442d  SPI_enableModule                           
00004449  memccpy                                    
00004465  Graphics_clearDisplayOnDisplay             
0000447f  Graphics_setBackgroundColor                
00004499  Graphics_setFont                           
000044b3  I2C_masterReceiveStart                     
000044cd  I2C_getInterruptStatus                     
000044e5  I2C_isBusBusy                              
000044fd  Init_I2C_GPIO                              
00004515  _args_main                                 
0000452d  EUSCI_A_SPI_enable                         
00004543  EUSCI_B_SPI_enable                         
00004559  Graphics_setForegroundColor                
0000456f  Graphics_translateColorOnDisplay           
00004585  I2C_clearInterruptFlag                     
0000459b  I2C_disableModule                          
000045b1  I2C_enableModule                           
000045c7  strchr                                     
000045dd  I2C_masterReceiveMultiByteNext             
000045f1  I2C_setSlaveAddress                        
00004605  _register_unlock                           
0000460b  _register_lock                             
00004613  _nop                                       
00004619  copysign                                   
00004619  copysignl                                  
0000462d  strlen                                     
00004641  Graphics_clearDisplay                      
00004653  TMP006_readAmbientTemperature              
00004663  TMP006_readDeviceId                        
00004673  TMP006_readObjectVoltage                   
00004683  __TI_decompress_none                       
00004691  Reset_Handler                              
0000469d  __TI_zero_init                             
000046b3  _system_pre_init                           
000049b0  _ctypes_                                   
00004ab4  g_sFontFixed6x8                            
00004be0  g_sCrystalfontz128x128_funcs               
00004c1c  i2cConfig                                  
00004c50  __TI_Handler_Table_Base                    
00004c5c  __TI_Handler_Table_Limit                   
00004c68  __TI_CINIT_Base                            
00004c78  __TI_CINIT_Limit                           
20000000  g_sCrystalfontz128x128                     
20000010  __TI_cleanup_ptr                           
20000014  __TI_dtors_ptr                             
20000018  __TI_enable_exit_profile_output            
2000001c  _lock                                      
20000020  _unlock                                    
20000024  errno                                      
20000030  main_func_sp                               
20000034  g_sContext                                 
20000050  temp                                       
20000054  Lcd_ScreenHeigth                           
20000056  Lcd_ScreenWidth                            
20000058  Lcd_TouchTrim                              
2000005a  Lcd_FlagRead                               
2000005b  Lcd_FontSolid                              
2000005c  Lcd_Orientation                            
2000005d  Lcd_PenSolid                               
2000fe00  __stack                                    
20010000  __STACK_END                                
4000480c  WDTCTL_SYM                                 
ffffffff  __TI_pprof_out_hndl                        
ffffffff  __TI_prof_data_size                        
ffffffff  __TI_prof_data_start                       
ffffffff  __binit__                                  
ffffffff  __c_args__                                 
ffffffff  binit                                      
UNDEFED   SHT$$INIT_ARRAY$$Base                      
UNDEFED   SHT$$INIT_ARRAY$$Limit                     

[204 symbols]
