<?xml version="1.0"?>
<link_info>
   <banner>TI ARM Linker PC v16.9.6.LTS</banner>
   <copyright>Copyright (c) 1996-2017 Texas Instruments Incorporated</copyright>
   <link_time>0x5efaa7f6</link_time>
   <link_errors>0x0</link_errors>
   <output_file>boostxl_edumkii_accelerometer_msp432p401r_MSP_EXP432P401R_nortos_ccs.out</output_file>
   <entry_point>
      <name>_c_int00</name>
      <address>0x2f0d</address>
   </entry_point>
   <input_file_list>
      <input_file id="fl-2">
         <path>.\</path>
         <kind>object</kind>
         <file>main.obj</file>
         <name>main.obj</name>
      </input_file>
      <input_file id="fl-3">
         <path>.\</path>
         <kind>object</kind>
         <file>system_msp432p401r.obj</file>
         <name>system_msp432p401r.obj</name>
      </input_file>
      <input_file id="fl-4">
         <path>.\LcdDriver\</path>
         <kind>object</kind>
         <file>Crystalfontz128x128_ST7735.obj</file>
         <name>Crystalfontz128x128_ST7735.obj</name>
      </input_file>
      <input_file id="fl-5">
         <path>.\LcdDriver\</path>
         <kind>object</kind>
         <file>HAL_MSP_EXP432P401R_Crystalfontz128x128_ST7735.obj</file>
         <name>HAL_MSP_EXP432P401R_Crystalfontz128x128_ST7735.obj</name>
      </input_file>
      <input_file id="fl-6">
         <path>.\ccs\</path>
         <kind>object</kind>
         <file>startup_msp432p401r_ccs.obj</file>
         <name>startup_msp432p401r_ccs.obj</name>
      </input_file>
      <input_file id="fl-11">
         <kind>object</kind>
         <file>&lt;internal&gt;</file>
         <name>&lt;internal&gt;</name>
      </input_file>
      <input_file id="fl-12">
         <path>C:\ti\simplelink_msp432p4_sdk_2_20_00_12\source\ti\grlib\lib\ccs\m4f\</path>
         <kind>archive</kind>
         <file>grlib.a</file>
         <name>context.obj</name>
      </input_file>
      <input_file id="fl-13">
         <path>C:\ti\simplelink_msp432p4_sdk_2_20_00_12\source\ti\grlib\lib\ccs\m4f\</path>
         <kind>archive</kind>
         <file>grlib.a</file>
         <name>display.obj</name>
      </input_file>
      <input_file id="fl-14">
         <path>C:\ti\simplelink_msp432p4_sdk_2_20_00_12\source\ti\grlib\lib\ccs\m4f\</path>
         <kind>archive</kind>
         <file>grlib.a</file>
         <name>fontfixed6x8.obj</name>
      </input_file>
      <input_file id="fl-15">
         <path>C:\ti\simplelink_msp432p4_sdk_2_20_00_12\source\ti\grlib\lib\ccs\m4f\</path>
         <kind>archive</kind>
         <file>grlib.a</file>
         <name>string.obj</name>
      </input_file>
      <input_file id="fl-16">
         <path>C:\ti\simplelink_msp432p4_sdk_2_20_00_12\source\ti\grlib\lib\ccs\m4f\</path>
         <kind>archive</kind>
         <file>grlib.a</file>
         <name>line.obj</name>
      </input_file>
      <input_file id="fl-17">
         <path>C:\ti\simplelink_msp432p4_sdk_2_20_00_12\source\ti\devices\msp432p4xx\driverlib\ccs\</path>
         <kind>archive</kind>
         <file>msp432p4xx_driverlib.lib</file>
         <name>adc14.o</name>
      </input_file>
      <input_file id="fl-18">
         <path>C:\ti\simplelink_msp432p4_sdk_2_20_00_12\source\ti\devices\msp432p4xx\driverlib\ccs\</path>
         <kind>archive</kind>
         <file>msp432p4xx_driverlib.lib</file>
         <name>gpio.o</name>
      </input_file>
      <input_file id="fl-19">
         <path>C:\ti\simplelink_msp432p4_sdk_2_20_00_12\source\ti\devices\msp432p4xx\driverlib\ccs\</path>
         <kind>archive</kind>
         <file>msp432p4xx_driverlib.lib</file>
         <name>interrupt.o</name>
      </input_file>
      <input_file id="fl-1a">
         <path>C:\ti\simplelink_msp432p4_sdk_2_20_00_12\source\ti\devices\msp432p4xx\driverlib\ccs\</path>
         <kind>archive</kind>
         <file>msp432p4xx_driverlib.lib</file>
         <name>spi.o</name>
      </input_file>
      <input_file id="fl-1b">
         <path>C:\ti\simplelink_msp432p4_sdk_2_20_00_12\source\ti\devices\msp432p4xx\driverlib\ccs\</path>
         <kind>archive</kind>
         <file>msp432p4xx_driverlib.lib</file>
         <name>cpu.o</name>
      </input_file>
      <input_file id="fl-d1">
         <path>C:\ti\ccs740\ccsv7\tools\compiler\ti-cgt-arm_16.9.6.LTS\lib\</path>
         <kind>archive</kind>
         <file>rtsv7M4_T_le_v4SPD16_eabi.lib</file>
         <name>boot.obj</name>
      </input_file>
      <input_file id="fl-d2">
         <path>C:\ti\ccs740\ccsv7\tools\compiler\ti-cgt-arm_16.9.6.LTS\lib\</path>
         <kind>archive</kind>
         <file>rtsv7M4_T_le_v4SPD16_eabi.lib</file>
         <name>copy_decompress_lzss.obj</name>
      </input_file>
      <input_file id="fl-d3">
         <path>C:\ti\ccs740\ccsv7\tools\compiler\ti-cgt-arm_16.9.6.LTS\lib\</path>
         <kind>archive</kind>
         <file>rtsv7M4_T_le_v4SPD16_eabi.lib</file>
         <name>copy_decompress_none.obj</name>
      </input_file>
      <input_file id="fl-d4">
         <path>C:\ti\ccs740\ccsv7\tools\compiler\ti-cgt-arm_16.9.6.LTS\lib\</path>
         <kind>archive</kind>
         <file>rtsv7M4_T_le_v4SPD16_eabi.lib</file>
         <name>copy_zero_init.obj</name>
      </input_file>
      <input_file id="fl-d5">
         <path>C:\ti\ccs740\ccsv7\tools\compiler\ti-cgt-arm_16.9.6.LTS\lib\</path>
         <kind>archive</kind>
         <file>rtsv7M4_T_le_v4SPD16_eabi.lib</file>
         <name>exit.obj</name>
      </input_file>
      <input_file id="fl-d6">
         <path>C:\ti\ccs740\ccsv7\tools\compiler\ti-cgt-arm_16.9.6.LTS\lib\</path>
         <kind>archive</kind>
         <file>rtsv7M4_T_le_v4SPD16_eabi.lib</file>
         <name>memcpy_t2.obj</name>
      </input_file>
      <input_file id="fl-d7">
         <path>C:\ti\ccs740\ccsv7\tools\compiler\ti-cgt-arm_16.9.6.LTS\lib\</path>
         <kind>archive</kind>
         <file>rtsv7M4_T_le_v4SPD16_eabi.lib</file>
         <name>memset_t2.obj</name>
      </input_file>
      <input_file id="fl-d8">
         <path>C:\ti\ccs740\ccsv7\tools\compiler\ti-cgt-arm_16.9.6.LTS\lib\</path>
         <kind>archive</kind>
         <file>rtsv7M4_T_le_v4SPD16_eabi.lib</file>
         <name>mpu_init.obj</name>
      </input_file>
      <input_file id="fl-d9">
         <path>C:\ti\ccs740\ccsv7\tools\compiler\ti-cgt-arm_16.9.6.LTS\lib\</path>
         <kind>archive</kind>
         <file>rtsv7M4_T_le_v4SPD16_eabi.lib</file>
         <name>pre_init.obj</name>
      </input_file>
      <input_file id="fl-da">
         <path>C:\ti\ccs740\ccsv7\tools\compiler\ti-cgt-arm_16.9.6.LTS\lib\</path>
         <kind>archive</kind>
         <file>rtsv7M4_T_le_v4SPD16_eabi.lib</file>
         <name>sprintf.obj</name>
      </input_file>
      <input_file id="fl-db">
         <path>C:\ti\ccs740\ccsv7\tools\compiler\ti-cgt-arm_16.9.6.LTS\lib\</path>
         <kind>archive</kind>
         <file>rtsv7M4_T_le_v4SPD16_eabi.lib</file>
         <name>stkdepth_vars.obj</name>
      </input_file>
      <input_file id="fl-dc">
         <path>C:\ti\ccs740\ccsv7\tools\compiler\ti-cgt-arm_16.9.6.LTS\lib\</path>
         <kind>archive</kind>
         <file>rtsv7M4_T_le_v4SPD16_eabi.lib</file>
         <name>_lock.obj</name>
      </input_file>
      <input_file id="fl-dd">
         <path>C:\ti\ccs740\ccsv7\tools\compiler\ti-cgt-arm_16.9.6.LTS\lib\</path>
         <kind>archive</kind>
         <file>rtsv7M4_T_le_v4SPD16_eabi.lib</file>
         <name>_printfi.obj</name>
      </input_file>
      <input_file id="fl-de">
         <path>C:\ti\ccs740\ccsv7\tools\compiler\ti-cgt-arm_16.9.6.LTS\lib\</path>
         <kind>archive</kind>
         <file>rtsv7M4_T_le_v4SPD16_eabi.lib</file>
         <name>args_main.obj</name>
      </input_file>
      <input_file id="fl-df">
         <path>C:\ti\ccs740\ccsv7\tools\compiler\ti-cgt-arm_16.9.6.LTS\lib\</path>
         <kind>archive</kind>
         <file>rtsv7M4_T_le_v4SPD16_eabi.lib</file>
         <name>atoi.obj</name>
      </input_file>
      <input_file id="fl-e0">
         <path>C:\ti\ccs740\ccsv7\tools\compiler\ti-cgt-arm_16.9.6.LTS\lib\</path>
         <kind>archive</kind>
         <file>rtsv7M4_T_le_v4SPD16_eabi.lib</file>
         <name>autoinit.obj</name>
      </input_file>
      <input_file id="fl-e1">
         <path>C:\ti\ccs740\ccsv7\tools\compiler\ti-cgt-arm_16.9.6.LTS\lib\</path>
         <kind>archive</kind>
         <file>rtsv7M4_T_le_v4SPD16_eabi.lib</file>
         <name>cpy_tbl.obj</name>
      </input_file>
      <input_file id="fl-e2">
         <path>C:\ti\ccs740\ccsv7\tools\compiler\ti-cgt-arm_16.9.6.LTS\lib\</path>
         <kind>archive</kind>
         <file>rtsv7M4_T_le_v4SPD16_eabi.lib</file>
         <name>ctype.obj</name>
      </input_file>
      <input_file id="fl-e3">
         <path>C:\ti\ccs740\ccsv7\tools\compiler\ti-cgt-arm_16.9.6.LTS\lib\</path>
         <kind>archive</kind>
         <file>rtsv7M4_T_le_v4SPD16_eabi.lib</file>
         <name>fd_add_t2.obj</name>
      </input_file>
      <input_file id="fl-e4">
         <path>C:\ti\ccs740\ccsv7\tools\compiler\ti-cgt-arm_16.9.6.LTS\lib\</path>
         <kind>archive</kind>
         <file>rtsv7M4_T_le_v4SPD16_eabi.lib</file>
         <name>fd_cmp_t2.obj</name>
      </input_file>
      <input_file id="fl-e5">
         <path>C:\ti\ccs740\ccsv7\tools\compiler\ti-cgt-arm_16.9.6.LTS\lib\</path>
         <kind>archive</kind>
         <file>rtsv7M4_T_le_v4SPD16_eabi.lib</file>
         <name>fd_div_t2.obj</name>
      </input_file>
      <input_file id="fl-e6">
         <path>C:\ti\ccs740\ccsv7\tools\compiler\ti-cgt-arm_16.9.6.LTS\lib\</path>
         <kind>archive</kind>
         <file>rtsv7M4_T_le_v4SPD16_eabi.lib</file>
         <name>fd_mul_t2.obj</name>
      </input_file>
      <input_file id="fl-e7">
         <path>C:\ti\ccs740\ccsv7\tools\compiler\ti-cgt-arm_16.9.6.LTS\lib\</path>
         <kind>archive</kind>
         <file>rtsv7M4_T_le_v4SPD16_eabi.lib</file>
         <name>fd_toi_t2.obj</name>
      </input_file>
      <input_file id="fl-e8">
         <path>C:\ti\ccs740\ccsv7\tools\compiler\ti-cgt-arm_16.9.6.LTS\lib\</path>
         <kind>archive</kind>
         <file>rtsv7M4_T_le_v4SPD16_eabi.lib</file>
         <name>i_tofd_t2.obj</name>
      </input_file>
      <input_file id="fl-e9">
         <path>C:\ti\ccs740\ccsv7\tools\compiler\ti-cgt-arm_16.9.6.LTS\lib\</path>
         <kind>archive</kind>
         <file>rtsv7M4_T_le_v4SPD16_eabi.lib</file>
         <name>ltoa.obj</name>
      </input_file>
      <input_file id="fl-ea">
         <path>C:\ti\ccs740\ccsv7\tools\compiler\ti-cgt-arm_16.9.6.LTS\lib\</path>
         <kind>archive</kind>
         <file>rtsv7M4_T_le_v4SPD16_eabi.lib</file>
         <name>memccpy.obj</name>
      </input_file>
      <input_file id="fl-eb">
         <path>C:\ti\ccs740\ccsv7\tools\compiler\ti-cgt-arm_16.9.6.LTS\lib\</path>
         <kind>archive</kind>
         <file>rtsv7M4_T_le_v4SPD16_eabi.lib</file>
         <name>s_frexp.obj</name>
      </input_file>
      <input_file id="fl-ec">
         <path>C:\ti\ccs740\ccsv7\tools\compiler\ti-cgt-arm_16.9.6.LTS\lib\</path>
         <kind>archive</kind>
         <file>rtsv7M4_T_le_v4SPD16_eabi.lib</file>
         <name>s_scalbn.obj</name>
      </input_file>
      <input_file id="fl-ed">
         <path>C:\ti\ccs740\ccsv7\tools\compiler\ti-cgt-arm_16.9.6.LTS\lib\</path>
         <kind>archive</kind>
         <file>rtsv7M4_T_le_v4SPD16_eabi.lib</file>
         <name>startup.obj</name>
      </input_file>
      <input_file id="fl-ee">
         <path>C:\ti\ccs740\ccsv7\tools\compiler\ti-cgt-arm_16.9.6.LTS\lib\</path>
         <kind>archive</kind>
         <file>rtsv7M4_T_le_v4SPD16_eabi.lib</file>
         <name>strchr.obj</name>
      </input_file>
      <input_file id="fl-ef">
         <path>C:\ti\ccs740\ccsv7\tools\compiler\ti-cgt-arm_16.9.6.LTS\lib\</path>
         <kind>archive</kind>
         <file>rtsv7M4_T_le_v4SPD16_eabi.lib</file>
         <name>strlen.obj</name>
      </input_file>
      <input_file id="fl-f0">
         <path>C:\ti\ccs740\ccsv7\tools\compiler\ti-cgt-arm_16.9.6.LTS\lib\</path>
         <kind>archive</kind>
         <file>rtsv7M4_T_le_v4SPD16_eabi.lib</file>
         <name>ull_div_t2.obj</name>
      </input_file>
      <input_file id="fl-f1">
         <path>C:\ti\ccs740\ccsv7\tools\compiler\ti-cgt-arm_16.9.6.LTS\lib\</path>
         <kind>archive</kind>
         <file>rtsv7M4_T_le_v4SPD16_eabi.lib</file>
         <name>errno.obj</name>
      </input_file>
      <input_file id="fl-f2">
         <path>C:\ti\ccs740\ccsv7\tools\compiler\ti-cgt-arm_16.9.6.LTS\lib\</path>
         <kind>archive</kind>
         <file>rtsv7M4_T_le_v4SPD16_eabi.lib</file>
         <name>s_copysign.obj</name>
      </input_file>
   </input_file_list>
   <object_component_list>
      <object_component id="oc-2c">
         <name>.intvecs:retain</name>
         <load_address>0x0</load_address>
         <run_address>0x0</run_address>
         <size>0xe4</size>
         <input_file_ref idref="fl-6"/>
      </object_component>
      <object_component id="oc-230">
         <name>.text</name>
         <load_address>0xe4</load_address>
         <run_address>0xe4</run_address>
         <size>0x113e</size>
         <input_file_ref idref="fl-dd"/>
      </object_component>
      <object_component id="oc-228">
         <name>.text:Graphics_drawString</name>
         <load_address>0x1222</load_address>
         <run_address>0x1222</run_address>
         <size>0x47e</size>
         <input_file_ref idref="fl-15"/>
      </object_component>
      <object_component id="oc-2a5">
         <name>.text</name>
         <load_address>0x16a0</load_address>
         <run_address>0x16a0</run_address>
         <size>0x1f4</size>
         <input_file_ref idref="fl-f0"/>
      </object_component>
      <object_component id="oc-1db">
         <name>.text:Crystalfontz128x128_PixelDrawMultiple</name>
         <load_address>0x1894</load_address>
         <run_address>0x1894</run_address>
         <size>0x1d8</size>
         <input_file_ref idref="fl-4"/>
      </object_component>
      <object_component id="oc-2d4">
         <name>.text</name>
         <load_address>0x1a6c</load_address>
         <run_address>0x1a6c</run_address>
         <size>0x1b6</size>
         <input_file_ref idref="fl-e3"/>
      </object_component>
      <object_component id="oc-7b">
         <name>.text:Default_Handler</name>
         <load_address>0x1c22</load_address>
         <run_address>0x1c22</run_address>
         <size>0x2</size>
         <input_file_ref idref="fl-6"/>
      </object_component>
      <object_component id="oc-b0">
         <name>.text:main</name>
         <load_address>0x1c24</load_address>
         <run_address>0x1c24</run_address>
         <size>0x1b4</size>
         <input_file_ref idref="fl-2"/>
      </object_component>
      <object_component id="oc-148">
         <name>.text:_getIndexForMemRegister</name>
         <load_address>0x1dd8</load_address>
         <run_address>0x1dd8</run_address>
         <size>0x160</size>
         <input_file_ref idref="fl-17"/>
      </object_component>
      <object_component id="oc-2ba">
         <name>.text</name>
         <load_address>0x1f38</load_address>
         <run_address>0x1f38</run_address>
         <size>0x136</size>
         <input_file_ref idref="fl-e5"/>
      </object_component>
      <object_component id="oc-53">
         <name>.text</name>
         <load_address>0x206e</load_address>
         <run_address>0x206e</run_address>
         <size>0x2</size>
         <input_file_ref idref="fl-d8"/>
      </object_component>
      <object_component id="oc-1b4">
         <name>.text:Crystalfontz128x128_SetDrawFrame</name>
         <load_address>0x2070</load_address>
         <run_address>0x2070</run_address>
         <size>0x134</size>
         <input_file_ref idref="fl-4"/>
      </object_component>
      <object_component id="oc-102">
         <name>.text:Crystalfontz128x128_Init</name>
         <load_address>0x21a4</load_address>
         <run_address>0x21a4</run_address>
         <size>0x12c</size>
         <input_file_ref idref="fl-4"/>
      </object_component>
      <object_component id="oc-2b5">
         <name>.text</name>
         <load_address>0x22d0</load_address>
         <run_address>0x22d0</run_address>
         <size>0xfc</size>
         <input_file_ref idref="fl-e6"/>
      </object_component>
      <object_component id="oc-2df">
         <name>.text</name>
         <load_address>0x23cc</load_address>
         <run_address>0x23cc</run_address>
         <size>0xfc</size>
         <input_file_ref idref="fl-ec"/>
      </object_component>
      <object_component id="oc-222">
         <name>.text:Graphics_getStringWidth</name>
         <load_address>0x24c8</load_address>
         <run_address>0x24c8</run_address>
         <size>0xfa</size>
         <input_file_ref idref="fl-15"/>
      </object_component>
      <object_component id="oc-a8">
         <name>.text</name>
         <load_address>0x25c2</load_address>
         <run_address>0x25c2</run_address>
         <size>0x2</size>
         <input_file_ref idref="fl-ed"/>
      </object_component>
      <object_component id="oc-81">
         <name>.text:ADC14_IRQHandler</name>
         <load_address>0x25c4</load_address>
         <run_address>0x25c4</run_address>
         <size>0xf8</size>
         <input_file_ref idref="fl-2"/>
      </object_component>
      <object_component id="oc-24a">
         <name>.text:SPI_initMaster</name>
         <load_address>0x26bc</load_address>
         <run_address>0x26bc</run_address>
         <size>0xb0</size>
         <input_file_ref idref="fl-1a"/>
      </object_component>
      <object_component id="oc-1ed">
         <name>.text:Crystalfontz128x128_RectFill</name>
         <load_address>0x276c</load_address>
         <run_address>0x276c</run_address>
         <size>0x9c</size>
         <input_file_ref idref="fl-4"/>
      </object_component>
      <object_component id="oc-296">
         <name>.text:Graphics_drawLineH</name>
         <load_address>0x2808</load_address>
         <run_address>0x2808</run_address>
         <size>0x9c</size>
         <input_file_ref idref="fl-16"/>
      </object_component>
      <object_component id="oc-3b">
         <name>.text</name>
         <load_address>0x28a4</load_address>
         <run_address>0x28a4</run_address>
         <size>0x9c</size>
         <input_file_ref idref="fl-d6"/>
      </object_component>
      <object_component id="oc-dd">
         <name>.text:drawAccelData</name>
         <load_address>0x2940</load_address>
         <run_address>0x2940</run_address>
         <size>0x94</size>
         <input_file_ref idref="fl-2"/>
      </object_component>
      <object_component id="oc-23d">
         <name>.text:GPIO_setAsPeripheralModuleFunctionOutputPin</name>
         <load_address>0x29d4</load_address>
         <run_address>0x29d4</run_address>
         <size>0x88</size>
         <input_file_ref idref="fl-18"/>
      </object_component>
      <object_component id="oc-2b0">
         <name>.text:__aeabi_cdcmple</name>
         <load_address>0x2a5c</load_address>
         <run_address>0x2a5c</run_address>
         <size>0x86</size>
         <input_file_ref idref="fl-e4"/>
      </object_component>
      <object_component id="oc-2bf">
         <name>.text:__aeabi_cdrcmple</name>
         <load_address>0x2ae2</load_address>
         <run_address>0x2ae2</run_address>
         <size>0x86</size>
         <input_file_ref idref="fl-e4"/>
      </object_component>
      <object_component id="oc-47">
         <name>.text</name>
         <load_address>0x2b68</load_address>
         <run_address>0x2b68</run_address>
         <size>0x7a</size>
         <input_file_ref idref="fl-d7"/>
      </object_component>
      <object_component id="oc-c3">
         <name>.text:SystemInit</name>
         <load_address>0x2be4</load_address>
         <run_address>0x2be4</run_address>
         <size>0x78</size>
         <input_file_ref idref="fl-3"/>
      </object_component>
      <object_component id="oc-5f">
         <name>.text</name>
         <load_address>0x2c5c</load_address>
         <run_address>0x2c5c</run_address>
         <size>0x70</size>
         <input_file_ref idref="fl-e0"/>
      </object_component>
      <object_component id="oc-14">
         <name>.text:decompress:lzss</name>
         <load_address>0x2ccc</load_address>
         <run_address>0x2ccc</run_address>
         <size>0x68</size>
         <input_file_ref idref="fl-d2"/>
      </object_component>
      <object_component id="oc-2d9">
         <name>.text</name>
         <load_address>0x2d34</load_address>
         <run_address>0x2d34</run_address>
         <size>0x64</size>
         <input_file_ref idref="fl-eb"/>
      </object_component>
      <object_component id="oc-1e1">
         <name>.text:Crystalfontz128x128_LineDrawH</name>
         <load_address>0x2d98</load_address>
         <run_address>0x2d98</run_address>
         <size>0x60</size>
         <input_file_ref idref="fl-4"/>
      </object_component>
      <object_component id="oc-1e7">
         <name>.text:Crystalfontz128x128_LineDrawV</name>
         <load_address>0x2df8</load_address>
         <run_address>0x2df8</run_address>
         <size>0x60</size>
         <input_file_ref idref="fl-4"/>
      </object_component>
      <object_component id="oc-176">
         <name>.text</name>
         <load_address>0x2e58</load_address>
         <run_address>0x2e58</run_address>
         <size>0x60</size>
         <input_file_ref idref="fl-da"/>
      </object_component>
      <object_component id="oc-d1">
         <name>.text:Crystalfontz128x128_SetOrientation</name>
         <load_address>0x2eb8</load_address>
         <run_address>0x2eb8</run_address>
         <size>0x54</size>
         <input_file_ref idref="fl-4"/>
      </object_component>
      <object_component id="oc-26">
         <name>.text</name>
         <load_address>0x2f0c</load_address>
         <run_address>0x2f0c</run_address>
         <size>0x54</size>
         <input_file_ref idref="fl-d1"/>
      </object_component>
      <object_component id="oc-6b">
         <name>.text</name>
         <load_address>0x2f60</load_address>
         <run_address>0x2f60</run_address>
         <size>0x54</size>
         <input_file_ref idref="fl-d5"/>
      </object_component>
      <object_component id="oc-2c9">
         <name>.text</name>
         <load_address>0x2fb4</load_address>
         <run_address>0x2fb4</run_address>
         <size>0x54</size>
         <input_file_ref idref="fl-e9"/>
      </object_component>
      <object_component id="oc-108">
         <name>.text:Graphics_initContext</name>
         <load_address>0x3008</load_address>
         <run_address>0x3008</run_address>
         <size>0x52</size>
         <input_file_ref idref="fl-12"/>
      </object_component>
      <object_component id="oc-2eb">
         <name>.text</name>
         <load_address>0x305c</load_address>
         <run_address>0x305c</run_address>
         <size>0x4c</size>
         <input_file_ref idref="fl-df"/>
      </object_component>
      <object_component id="oc-a2">
         <name>.text</name>
         <load_address>0x30a8</load_address>
         <run_address>0x30a8</run_address>
         <size>0x4c</size>
         <input_file_ref idref="fl-e1"/>
      </object_component>
      <object_component id="oc-16f">
         <name>.text:Graphics_drawStringCentered</name>
         <load_address>0x30f4</load_address>
         <run_address>0x30f4</run_address>
         <size>0x48</size>
         <input_file_ref idref="fl-15"/>
      </object_component>
      <object_component id="oc-2c4">
         <name>.text</name>
         <load_address>0x313c</load_address>
         <run_address>0x313c</run_address>
         <size>0x48</size>
         <input_file_ref idref="fl-e7"/>
      </object_component>
      <object_component id="oc-1d5">
         <name>.text:Crystalfontz128x128_PixelDraw</name>
         <load_address>0x3184</load_address>
         <run_address>0x3184</run_address>
         <size>0x40</size>
         <input_file_ref idref="fl-4"/>
      </object_component>
      <object_component id="oc-243">
         <name>.text:GPIO_setAsOutputPin</name>
         <load_address>0x31c4</load_address>
         <run_address>0x31c4</run_address>
         <size>0x40</size>
         <input_file_ref idref="fl-18"/>
      </object_component>
      <object_component id="oc-290">
         <name>.text:Graphics_getNumberOfLeadingZeros</name>
         <load_address>0x3204</load_address>
         <run_address>0x3204</run_address>
         <size>0x40</size>
         <input_file_ref idref="fl-15"/>
      </object_component>
      <object_component id="oc-1a2">
         <name>.text:HAL_LCD_SpiInit</name>
         <load_address>0x3244</load_address>
         <run_address>0x3244</run_address>
         <size>0x40</size>
         <input_file_ref idref="fl-5"/>
      </object_component>
      <object_component id="oc-30c">
         <name>.text:is_A_Module</name>
         <load_address>0x3284</load_address>
         <run_address>0x3284</run_address>
         <size>0x40</size>
         <input_file_ref idref="fl-1a"/>
      </object_component>
      <object_component id="oc-15c">
         <name>.text:HAL_LCD_writeCommand</name>
         <load_address>0x32c4</load_address>
         <run_address>0x32c4</run_address>
         <size>0x38</size>
         <input_file_ref idref="fl-5"/>
      </object_component>
      <object_component id="oc-d7">
         <name>.text:drawTitle</name>
         <load_address>0x32fc</load_address>
         <run_address>0x32fc</run_address>
         <size>0x38</size>
         <input_file_ref idref="fl-2"/>
      </object_component>
      <object_component id="oc-32c">
         <name>.text:Graphics_drawHorizontalLineOnDisplay</name>
         <load_address>0x3334</load_address>
         <run_address>0x3334</run_address>
         <size>0x36</size>
         <input_file_ref idref="fl-13"/>
      </object_component>
      <object_component id="oc-19c">
         <name>.text:HAL_LCD_PortInit</name>
         <load_address>0x336a</load_address>
         <run_address>0x336a</run_address>
         <size>0x30</size>
         <input_file_ref idref="fl-5"/>
      </object_component>
      <object_component id="oc-2cf">
         <name>.text</name>
         <load_address>0x339a</load_address>
         <run_address>0x339a</run_address>
         <size>0x2e</size>
         <input_file_ref idref="fl-e8"/>
      </object_component>
      <object_component id="oc-1ff">
         <name>.text:Crystalfontz128x128_ClearScreen</name>
         <load_address>0x33c8</load_address>
         <run_address>0x33c8</run_address>
         <size>0x2c</size>
         <input_file_ref idref="fl-4"/>
      </object_component>
      <object_component id="oc-29c">
         <name>.text:Graphics_drawPixelOnDisplay</name>
         <load_address>0x33f4</load_address>
         <run_address>0x33f4</run_address>
         <size>0x2c</size>
         <input_file_ref idref="fl-13"/>
      </object_component>
      <object_component id="oc-162">
         <name>.text:HAL_LCD_writeData</name>
         <load_address>0x3420</load_address>
         <run_address>0x3420</run_address>
         <size>0x2c</size>
         <input_file_ref idref="fl-5"/>
      </object_component>
      <object_component id="oc-1f3">
         <name>.text:Crystalfontz128x128_ColorTranslate</name>
         <load_address>0x344c</load_address>
         <run_address>0x344c</run_address>
         <size>0x28</size>
         <input_file_ref idref="fl-4"/>
      </object_component>
      <object_component id="oc-1ae">
         <name>.text:GPIO_setOutputHighOnPin</name>
         <load_address>0x3474</load_address>
         <run_address>0x3474</run_address>
         <size>0x28</size>
         <input_file_ref idref="fl-18"/>
      </object_component>
      <object_component id="oc-1a8">
         <name>.text:GPIO_setOutputLowOnPin</name>
         <load_address>0x349c</load_address>
         <run_address>0x349c</run_address>
         <size>0x28</size>
         <input_file_ref idref="fl-18"/>
      </object_component>
      <object_component id="oc-cb">
         <name>.text:ADC14_getResult</name>
         <load_address>0x34c4</load_address>
         <run_address>0x34c4</run_address>
         <size>0x1c</size>
         <input_file_ref idref="fl-17"/>
      </object_component>
      <object_component id="oc-250">
         <name>.text:SPI_enableModule</name>
         <load_address>0x34e0</load_address>
         <run_address>0x34e0</run_address>
         <size>0x1c</size>
         <input_file_ref idref="fl-1a"/>
      </object_component>
      <object_component id="oc-2f1">
         <name>.text</name>
         <load_address>0x34fc</load_address>
         <run_address>0x34fc</run_address>
         <size>0x1c</size>
         <input_file_ref idref="fl-ea"/>
      </object_component>
      <object_component id="oc-21b">
         <name>.text:Graphics_clearDisplayOnDisplay</name>
         <load_address>0x3518</load_address>
         <run_address>0x3518</run_address>
         <size>0x1a</size>
         <input_file_ref idref="fl-13"/>
      </object_component>
      <object_component id="oc-114">
         <name>.text:Graphics_setBackgroundColor</name>
         <load_address>0x3532</load_address>
         <run_address>0x3532</run_address>
         <size>0x1a</size>
         <input_file_ref idref="fl-12"/>
      </object_component>
      <object_component id="oc-11a">
         <name>.text:Graphics_setFont</name>
         <load_address>0x354c</load_address>
         <run_address>0x354c</run_address>
         <size>0x1a</size>
         <input_file_ref idref="fl-12"/>
      </object_component>
      <object_component id="oc-65">
         <name>.text</name>
         <load_address>0x3568</load_address>
         <run_address>0x3568</run_address>
         <size>0x18</size>
         <input_file_ref idref="fl-de"/>
      </object_component>
      <object_component id="oc-314">
         <name>.text:EUSCI_A_SPI_enable</name>
         <load_address>0x3580</load_address>
         <run_address>0x3580</run_address>
         <size>0x16</size>
         <input_file_ref idref="fl-1a"/>
      </object_component>
      <object_component id="oc-31a">
         <name>.text:EUSCI_B_SPI_enable</name>
         <load_address>0x3596</load_address>
         <run_address>0x3596</run_address>
         <size>0x16</size>
         <input_file_ref idref="fl-1a"/>
      </object_component>
      <object_component id="oc-10e">
         <name>.text:Graphics_setForegroundColor</name>
         <load_address>0x35ac</load_address>
         <run_address>0x35ac</run_address>
         <size>0x16</size>
         <input_file_ref idref="fl-12"/>
      </object_component>
      <object_component id="oc-1c3">
         <name>.text:Graphics_translateColorOnDisplay</name>
         <load_address>0x35c2</load_address>
         <run_address>0x35c2</run_address>
         <size>0x16</size>
         <input_file_ref idref="fl-13"/>
      </object_component>
      <object_component id="oc-2e5">
         <name>.text</name>
         <load_address>0x35d8</load_address>
         <run_address>0x35d8</run_address>
         <size>0x16</size>
         <input_file_ref idref="fl-ee"/>
      </object_component>
      <object_component id="oc-13b">
         <name>.text</name>
         <load_address>0x35f0</load_address>
         <run_address>0x35f0</run_address>
         <size>0x14</size>
         <input_file_ref idref="fl-dc"/>
      </object_component>
      <object_component id="oc-348">
         <name>.text</name>
         <load_address>0x3604</load_address>
         <run_address>0x3604</run_address>
         <size>0x14</size>
         <input_file_ref idref="fl-f2"/>
      </object_component>
      <object_component id="oc-2aa">
         <name>.text</name>
         <load_address>0x3618</load_address>
         <run_address>0x3618</run_address>
         <size>0x14</size>
         <input_file_ref idref="fl-ef"/>
      </object_component>
      <object_component id="oc-169">
         <name>.text:Graphics_clearDisplay</name>
         <load_address>0x362c</load_address>
         <run_address>0x362c</run_address>
         <size>0x12</size>
         <input_file_ref idref="fl-12"/>
      </object_component>
      <object_component id="oc-1a">
         <name>.text:decompress:none</name>
         <load_address>0x363e</load_address>
         <run_address>0x363e</run_address>
         <size>0xe</size>
         <input_file_ref idref="fl-d3"/>
      </object_component>
      <object_component id="oc-75">
         <name>.text:Reset_Handler</name>
         <load_address>0x364c</load_address>
         <run_address>0x364c</run_address>
         <size>0xc</size>
         <input_file_ref idref="fl-6"/>
      </object_component>
      <object_component id="oc-20">
         <name>.text:decompress:ZI</name>
         <load_address>0x3658</load_address>
         <run_address>0x3658</run_address>
         <size>0xc</size>
         <input_file_ref idref="fl-d4"/>
      </object_component>
      <object_component id="oc-1f9">
         <name>.text:Crystalfontz128x128_Flush</name>
         <load_address>0x3664</load_address>
         <run_address>0x3664</run_address>
         <size>0xa</size>
         <input_file_ref idref="fl-4"/>
      </object_component>
      <object_component id="oc-59">
         <name>.text</name>
         <load_address>0x366e</load_address>
         <run_address>0x366e</run_address>
         <size>0x4</size>
         <input_file_ref idref="fl-d9"/>
      </object_component>
      <object_component id="oc-207">
         <name>.const:.string:g_pucFontFixed6x8Data</name>
         <load_address>0x3674</load_address>
         <run_address>0x3674</run_address>
         <size>0x2f8</size>
         <input_file_ref idref="fl-14"/>
      </object_component>
      <object_component id="oc-355">
         <name>.const:.string:_ctypes_</name>
         <load_address>0x396c</load_address>
         <run_address>0x396c</run_address>
         <size>0x101</size>
         <input_file_ref idref="fl-e2"/>
      </object_component>
      <object_component id="oc-129">
         <name>.const:g_sFontFixed6x8</name>
         <load_address>0x3a70</load_address>
         <run_address>0x3a70</run_address>
         <size>0xc8</size>
         <input_file_ref idref="fl-14"/>
      </object_component>
      <object_component id="oc-14e">
         <name>.const:_ctlRegs</name>
         <load_address>0x3b38</load_address>
         <run_address>0x3b38</run_address>
         <size>0x80</size>
         <input_file_ref idref="fl-17"/>
      </object_component>
      <object_component id="oc-25f">
         <name>.const:GPIO_PORT_TO_BASE</name>
         <load_address>0x3bb8</load_address>
         <run_address>0x3bb8</run_address>
         <size>0x30</size>
         <input_file_ref idref="fl-18"/>
      </object_component>
      <object_component id="oc-126">
         <name>.const:g_sCrystalfontz128x128_funcs</name>
         <load_address>0x3be8</load_address>
         <run_address>0x3be8</run_address>
         <size>0x20</size>
         <input_file_ref idref="fl-4"/>
      </object_component>
      <object_component id="oc-256">
         <name>.const:$P$T0$1</name>
         <load_address>0x3c08</load_address>
         <run_address>0x3c08</run_address>
         <size>0x1c</size>
         <input_file_ref idref="fl-5"/>
      </object_component>
      <object_component id="oc-27a">
         <name>.const:$P$T0$1</name>
         <load_address>0x3c24</load_address>
         <run_address>0x3c24</run_address>
         <size>0x8</size>
         <input_file_ref idref="fl-4"/>
      </object_component>
      <object_component id="oc-3b1">
         <name>.cinit..data.load</name>
         <load_address>0x3c30</load_address>
         <run_address>0x3c30</run_address>
         <size>0x17</size>
      </object_component>
      <object_component id="oc-3af">
         <name>__TI_handler_table</name>
         <load_address>0x3c48</load_address>
         <run_address>0x3c48</run_address>
         <size>0xc</size>
      </object_component>
      <object_component id="oc-3b2">
         <name>.cinit..bss.load</name>
         <load_address>0x3c58</load_address>
         <run_address>0x3c58</run_address>
         <size>0x8</size>
      </object_component>
      <object_component id="oc-3b0">
         <name>__TI_cinit_table</name>
         <load_address>0x3c60</load_address>
         <run_address>0x3c60</run_address>
         <size>0x10</size>
      </object_component>
      <object_component id="oc-38c">
         <name>.binit</name>
         <load_address>0x0</load_address>
         <run_address>0x0</run_address>
         <size>0x0</size>
      </object_component>
      <object_component id="oc-123">
         <name>.data:g_sCrystalfontz128x128</name>
         <load_address>0x20000030</load_address>
         <run_address>0x20000030</run_address>
         <size>0x10</size>
         <input_file_ref idref="fl-4"/>
      </object_component>
      <object_component id="oc-b8">
         <name>.data:$O1$$</name>
         <load_address>0x20000040</load_address>
         <run_address>0x20000040</run_address>
         <size>0xc</size>
         <input_file_ref idref="fl-d5"/>
      </object_component>
      <object_component id="oc-71">
         <name>.data</name>
         <load_address>0x20000058</load_address>
         <run_address>0x20000058</run_address>
         <size>0x4</size>
         <input_file_ref idref="fl-db"/>
      </object_component>
      <object_component id="oc-bb">
         <name>.data:$O1$$</name>
         <load_address>0x2000004c</load_address>
         <run_address>0x2000004c</run_address>
         <size>0x8</size>
         <input_file_ref idref="fl-dc"/>
      </object_component>
      <object_component id="oc-34e">
         <name>.data</name>
         <load_address>0x20000054</load_address>
         <run_address>0x20000054</run_address>
         <size>0x4</size>
         <input_file_ref idref="fl-f1"/>
      </object_component>
      <object_component id="oc-e3">
         <name>.bss:resultsBuffer</name>
         <uninitialized>true</uninitialized>
         <run_address>0x2000001c</run_address>
         <size>0x8</size>
         <input_file_ref idref="fl-2"/>
      </object_component>
      <object_component id="oc-120">
         <name>.common:g_sContext</name>
         <uninitialized>true</uninitialized>
         <run_address>0x20000000</run_address>
         <size>0x1c</size>
      </object_component>
      <object_component id="oc-e6">
         <name>.common:Lcd_Orientation</name>
         <uninitialized>true</uninitialized>
         <run_address>0x2000002c</run_address>
         <size>0x1</size>
      </object_component>
      <object_component id="oc-1ba">
         <name>.common:Lcd_ScreenWidth</name>
         <uninitialized>true</uninitialized>
         <run_address>0x20000026</run_address>
         <size>0x2</size>
      </object_component>
      <object_component id="oc-1bb">
         <name>.common:Lcd_ScreenHeigth</name>
         <uninitialized>true</uninitialized>
         <run_address>0x20000024</run_address>
         <size>0x2</size>
      </object_component>
      <object_component id="oc-1bc">
         <name>.common:Lcd_PenSolid</name>
         <uninitialized>true</uninitialized>
         <run_address>0x2000002d</run_address>
         <size>0x1</size>
      </object_component>
      <object_component id="oc-1bd">
         <name>.common:Lcd_FontSolid</name>
         <uninitialized>true</uninitialized>
         <run_address>0x2000002b</run_address>
         <size>0x1</size>
      </object_component>
      <object_component id="oc-1be">
         <name>.common:Lcd_FlagRead</name>
         <uninitialized>true</uninitialized>
         <run_address>0x2000002a</run_address>
         <size>0x1</size>
      </object_component>
      <object_component id="oc-1bf">
         <name>.common:Lcd_TouchTrim</name>
         <uninitialized>true</uninitialized>
         <run_address>0x20000028</run_address>
         <size>0x2</size>
      </object_component>
      <object_component id="oc-2f">
         <name>.stack</name>
         <uninitialized>true</uninitialized>
         <run_address>0x2000fe00</run_address>
         <size>0x0</size>
         <input_file_ref idref="fl-d1"/>
      </object_component>
      <object_component id="oc-3b3">
         <name>.stack</name>
         <uninitialized>true</uninitialized>
         <run_address>0x2000fe00</run_address>
         <size>0x0</size>
      </object_component>
      <object_component id="oc-121">
         <name>.debug_info</name>
         <load_address>0x0</load_address>
         <run_address>0x0</run_address>
         <size>0xac5</size>
         <input_file_ref idref="fl-2"/>
      </object_component>
      <object_component id="oc-e4">
         <name>.debug_info</name>
         <load_address>0xac5</load_address>
         <run_address>0xac5</run_address>
         <size>0x141</size>
         <input_file_ref idref="fl-2"/>
      </object_component>
      <object_component id="oc-b1">
         <name>.debug_info</name>
         <load_address>0xc06</load_address>
         <run_address>0xc06</run_address>
         <size>0x2d5</size>
         <input_file_ref idref="fl-2"/>
      </object_component>
      <object_component id="oc-d8">
         <name>.debug_info</name>
         <load_address>0xedb</load_address>
         <run_address>0xedb</run_address>
         <size>0x1b6</size>
         <input_file_ref idref="fl-2"/>
      </object_component>
      <object_component id="oc-de">
         <name>.debug_info</name>
         <load_address>0x1091</load_address>
         <run_address>0x1091</run_address>
         <size>0x212</size>
         <input_file_ref idref="fl-2"/>
      </object_component>
      <object_component id="oc-82">
         <name>.debug_info</name>
         <load_address>0x12a3</load_address>
         <run_address>0x12a3</run_address>
         <size>0x320</size>
         <input_file_ref idref="fl-2"/>
      </object_component>
      <object_component id="oc-186">
         <name>.debug_info</name>
         <load_address>0x15c3</load_address>
         <run_address>0x15c3</run_address>
         <size>0x1055</size>
         <input_file_ref idref="fl-2"/>
      </object_component>
      <object_component id="oc-1ce">
         <name>.debug_info</name>
         <load_address>0x2618</load_address>
         <run_address>0x2618</run_address>
         <size>0x37e2</size>
         <input_file_ref idref="fl-2"/>
      </object_component>
      <object_component id="oc-18b">
         <name>.debug_info</name>
         <load_address>0x5dfa</load_address>
         <run_address>0x5dfa</run_address>
         <size>0x439</size>
         <input_file_ref idref="fl-2"/>
      </object_component>
      <object_component id="oc-12d">
         <name>.debug_info</name>
         <load_address>0x6233</load_address>
         <run_address>0x6233</run_address>
         <size>0x8b</size>
         <input_file_ref idref="fl-2"/>
      </object_component>
      <object_component id="oc-ea">
         <name>.debug_info</name>
         <load_address>0x62be</load_address>
         <run_address>0x62be</run_address>
         <size>0x18b</size>
         <input_file_ref idref="fl-2"/>
      </object_component>
      <object_component id="oc-238">
         <name>.debug_info</name>
         <load_address>0x6449</load_address>
         <run_address>0x6449</run_address>
         <size>0x4e</size>
         <input_file_ref idref="fl-2"/>
      </object_component>
      <object_component id="oc-25a">
         <name>.debug_info</name>
         <load_address>0x6497</load_address>
         <run_address>0x6497</run_address>
         <size>0x131</size>
         <input_file_ref idref="fl-2"/>
      </object_component>
      <object_component id="oc-c6">
         <name>.debug_info</name>
         <load_address>0x65c8</load_address>
         <run_address>0x65c8</run_address>
         <size>0x193</size>
         <input_file_ref idref="fl-3"/>
      </object_component>
      <object_component id="oc-36">
         <name>.debug_info</name>
         <load_address>0x675b</load_address>
         <run_address>0x675b</run_address>
         <size>0x84</size>
         <input_file_ref idref="fl-3"/>
      </object_component>
      <object_component id="oc-e7">
         <name>.debug_info</name>
         <load_address>0x67df</load_address>
         <run_address>0x67df</run_address>
         <size>0x9b0</size>
         <input_file_ref idref="fl-4"/>
      </object_component>
      <object_component id="oc-124">
         <name>.debug_info</name>
         <load_address>0x718f</load_address>
         <run_address>0x718f</run_address>
         <size>0x175</size>
         <input_file_ref idref="fl-4"/>
      </object_component>
      <object_component id="oc-127">
         <name>.debug_info</name>
         <load_address>0x7304</load_address>
         <run_address>0x7304</run_address>
         <size>0x181</size>
         <input_file_ref idref="fl-4"/>
      </object_component>
      <object_component id="oc-27b">
         <name>.debug_info</name>
         <load_address>0x7485</load_address>
         <run_address>0x7485</run_address>
         <size>0x156</size>
         <input_file_ref idref="fl-4"/>
      </object_component>
      <object_component id="oc-103">
         <name>.debug_info</name>
         <load_address>0x75db</load_address>
         <run_address>0x75db</run_address>
         <size>0x448</size>
         <input_file_ref idref="fl-4"/>
      </object_component>
      <object_component id="oc-1b5">
         <name>.debug_info</name>
         <load_address>0x7a23</load_address>
         <run_address>0x7a23</run_address>
         <size>0x354</size>
         <input_file_ref idref="fl-4"/>
      </object_component>
      <object_component id="oc-d2">
         <name>.debug_info</name>
         <load_address>0x7d77</load_address>
         <run_address>0x7d77</run_address>
         <size>0x2b0</size>
         <input_file_ref idref="fl-4"/>
      </object_component>
      <object_component id="oc-1d6">
         <name>.debug_info</name>
         <load_address>0x8027</load_address>
         <run_address>0x8027</run_address>
         <size>0x2f5</size>
         <input_file_ref idref="fl-4"/>
      </object_component>
      <object_component id="oc-1dc">
         <name>.debug_info</name>
         <load_address>0x831c</load_address>
         <run_address>0x831c</run_address>
         <size>0x44a</size>
         <input_file_ref idref="fl-4"/>
      </object_component>
      <object_component id="oc-1e2">
         <name>.debug_info</name>
         <load_address>0x8766</load_address>
         <run_address>0x8766</run_address>
         <size>0x310</size>
         <input_file_ref idref="fl-4"/>
      </object_component>
      <object_component id="oc-1e8">
         <name>.debug_info</name>
         <load_address>0x8a76</load_address>
         <run_address>0x8a76</run_address>
         <size>0x310</size>
         <input_file_ref idref="fl-4"/>
      </object_component>
      <object_component id="oc-1ee">
         <name>.debug_info</name>
         <load_address>0x8d86</load_address>
         <run_address>0x8d86</run_address>
         <size>0x341</size>
         <input_file_ref idref="fl-4"/>
      </object_component>
      <object_component id="oc-1f4">
         <name>.debug_info</name>
         <load_address>0x90c7</load_address>
         <run_address>0x90c7</run_address>
         <size>0x25e</size>
         <input_file_ref idref="fl-4"/>
      </object_component>
      <object_component id="oc-1fa">
         <name>.debug_info</name>
         <load_address>0x9325</load_address>
         <run_address>0x9325</run_address>
         <size>0x219</size>
         <input_file_ref idref="fl-4"/>
      </object_component>
      <object_component id="oc-200">
         <name>.debug_info</name>
         <load_address>0x953e</load_address>
         <run_address>0x953e</run_address>
         <size>0x289</size>
         <input_file_ref idref="fl-4"/>
      </object_component>
      <object_component id="oc-181">
         <name>.debug_info</name>
         <load_address>0x97c7</load_address>
         <run_address>0x97c7</run_address>
         <size>0x37e2</size>
         <input_file_ref idref="fl-4"/>
      </object_component>
      <object_component id="oc-323">
         <name>.debug_info</name>
         <load_address>0xcfa9</load_address>
         <run_address>0xcfa9</run_address>
         <size>0x8cb</size>
         <input_file_ref idref="fl-5"/>
      </object_component>
      <object_component id="oc-257">
         <name>.debug_info</name>
         <load_address>0xd874</load_address>
         <run_address>0xd874</run_address>
         <size>0x169</size>
         <input_file_ref idref="fl-5"/>
      </object_component>
      <object_component id="oc-19e">
         <name>.debug_info</name>
         <load_address>0xd9dd</load_address>
         <run_address>0xd9dd</run_address>
         <size>0x2c0</size>
         <input_file_ref idref="fl-5"/>
      </object_component>
      <object_component id="oc-1a4">
         <name>.debug_info</name>
         <load_address>0xdc9d</load_address>
         <run_address>0xdc9d</run_address>
         <size>0x289</size>
         <input_file_ref idref="fl-5"/>
      </object_component>
      <object_component id="oc-15d">
         <name>.debug_info</name>
         <load_address>0xdf26</load_address>
         <run_address>0xdf26</run_address>
         <size>0x280</size>
         <input_file_ref idref="fl-5"/>
      </object_component>
      <object_component id="oc-163">
         <name>.debug_info</name>
         <load_address>0xe1a6</load_address>
         <run_address>0xe1a6</run_address>
         <size>0x233</size>
         <input_file_ref idref="fl-5"/>
      </object_component>
      <object_component id="oc-89">
         <name>.debug_info</name>
         <load_address>0xe3d9</load_address>
         <run_address>0xe3d9</run_address>
         <size>0x321</size>
         <input_file_ref idref="fl-6"/>
      </object_component>
      <object_component id="oc-2d">
         <name>.debug_info</name>
         <load_address>0xe6fa</load_address>
         <run_address>0xe6fa</run_address>
         <size>0x15f</size>
         <input_file_ref idref="fl-6"/>
      </object_component>
      <object_component id="oc-77">
         <name>.debug_info</name>
         <load_address>0xe859</load_address>
         <run_address>0xe859</run_address>
         <size>0x1c2</size>
         <input_file_ref idref="fl-6"/>
      </object_component>
      <object_component id="oc-7d">
         <name>.debug_info</name>
         <load_address>0xea1b</load_address>
         <run_address>0xea1b</run_address>
         <size>0x1aa</size>
         <input_file_ref idref="fl-6"/>
      </object_component>
      <object_component id="oc-1c2">
         <name>.debug_info</name>
         <load_address>0xebc5</load_address>
         <run_address>0xebc5</run_address>
         <size>0x55d</size>
         <input_file_ref idref="fl-12"/>
      </object_component>
      <object_component id="oc-10a">
         <name>.debug_info</name>
         <load_address>0xf122</load_address>
         <run_address>0xf122</run_address>
         <size>0x1eb</size>
         <input_file_ref idref="fl-12"/>
      </object_component>
      <object_component id="oc-116">
         <name>.debug_info</name>
         <load_address>0xf30d</load_address>
         <run_address>0xf30d</run_address>
         <size>0x1ff</size>
         <input_file_ref idref="fl-12"/>
      </object_component>
      <object_component id="oc-11b">
         <name>.debug_info</name>
         <load_address>0xf50c</load_address>
         <run_address>0xf50c</run_address>
         <size>0x1cc</size>
         <input_file_ref idref="fl-12"/>
      </object_component>
      <object_component id="oc-10f">
         <name>.debug_info</name>
         <load_address>0xf6d8</load_address>
         <run_address>0xf6d8</run_address>
         <size>0x1f2</size>
         <input_file_ref idref="fl-12"/>
      </object_component>
      <object_component id="oc-16a">
         <name>.debug_info</name>
         <load_address>0xf8ca</load_address>
         <run_address>0xf8ca</run_address>
         <size>0x1bf</size>
         <input_file_ref idref="fl-12"/>
      </object_component>
      <object_component id="oc-26c">
         <name>.debug_info</name>
         <load_address>0xfa89</load_address>
         <run_address>0xfa89</run_address>
         <size>0x26b</size>
         <input_file_ref idref="fl-12"/>
      </object_component>
      <object_component id="oc-267">
         <name>.debug_info</name>
         <load_address>0xfcf4</load_address>
         <run_address>0xfcf4</run_address>
         <size>0x439</size>
         <input_file_ref idref="fl-12"/>
      </object_component>
      <object_component id="oc-214">
         <name>.debug_info</name>
         <load_address>0x1012d</load_address>
         <run_address>0x1012d</run_address>
         <size>0x297</size>
         <input_file_ref idref="fl-12"/>
      </object_component>
      <object_component id="oc-152">
         <name>.debug_info</name>
         <load_address>0x103c4</load_address>
         <run_address>0x103c4</run_address>
         <size>0xef</size>
         <input_file_ref idref="fl-12"/>
      </object_component>
      <object_component id="oc-157">
         <name>.debug_info</name>
         <load_address>0x104b3</load_address>
         <run_address>0x104b3</run_address>
         <size>0xbb</size>
         <input_file_ref idref="fl-12"/>
      </object_component>
      <object_component id="oc-272">
         <name>.debug_info</name>
         <load_address>0x1056e</load_address>
         <run_address>0x1056e</run_address>
         <size>0x3f7</size>
         <input_file_ref idref="fl-13"/>
      </object_component>
      <object_component id="oc-29f">
         <name>.debug_info</name>
         <load_address>0x10965</load_address>
         <run_address>0x10965</run_address>
         <size>0x1ff</size>
         <input_file_ref idref="fl-13"/>
      </object_component>
      <object_component id="oc-330">
         <name>.debug_info</name>
         <load_address>0x10b64</load_address>
         <run_address>0x10b64</run_address>
         <size>0x21d</size>
         <input_file_ref idref="fl-13"/>
      </object_component>
      <object_component id="oc-1c7">
         <name>.debug_info</name>
         <load_address>0x10d81</load_address>
         <run_address>0x10d81</run_address>
         <size>0x1df</size>
         <input_file_ref idref="fl-13"/>
      </object_component>
      <object_component id="oc-21f">
         <name>.debug_info</name>
         <load_address>0x10f60</load_address>
         <run_address>0x10f60</run_address>
         <size>0x1d7</size>
         <input_file_ref idref="fl-13"/>
      </object_component>
      <object_component id="oc-20c">
         <name>.debug_info</name>
         <load_address>0x11137</load_address>
         <run_address>0x11137</run_address>
         <size>0x278</size>
         <input_file_ref idref="fl-14"/>
      </object_component>
      <object_component id="oc-208">
         <name>.debug_info</name>
         <load_address>0x113af</load_address>
         <run_address>0x113af</run_address>
         <size>0x136</size>
         <input_file_ref idref="fl-14"/>
      </object_component>
      <object_component id="oc-12a">
         <name>.debug_info</name>
         <load_address>0x114e5</load_address>
         <run_address>0x114e5</run_address>
         <size>0x12b</size>
         <input_file_ref idref="fl-14"/>
      </object_component>
      <object_component id="oc-22f">
         <name>.debug_info</name>
         <load_address>0x11610</load_address>
         <run_address>0x11610</run_address>
         <size>0x4b6</size>
         <input_file_ref idref="fl-15"/>
      </object_component>
      <object_component id="oc-293">
         <name>.debug_info</name>
         <load_address>0x11ac6</load_address>
         <run_address>0x11ac6</run_address>
         <size>0x1c1</size>
         <input_file_ref idref="fl-15"/>
      </object_component>
      <object_component id="oc-226">
         <name>.debug_info</name>
         <load_address>0x11c87</load_address>
         <run_address>0x11c87</run_address>
         <size>0x28a</size>
         <input_file_ref idref="fl-15"/>
      </object_component>
      <object_component id="oc-22c">
         <name>.debug_info</name>
         <load_address>0x11f11</load_address>
         <run_address>0x11f11</run_address>
         <size>0x426</size>
         <input_file_ref idref="fl-15"/>
      </object_component>
      <object_component id="oc-173">
         <name>.debug_info</name>
         <load_address>0x12337</load_address>
         <run_address>0x12337</run_address>
         <size>0x26a</size>
         <input_file_ref idref="fl-15"/>
      </object_component>
      <object_component id="oc-333">
         <name>.debug_info</name>
         <load_address>0x125a1</load_address>
         <run_address>0x125a1</run_address>
         <size>0x537</size>
         <input_file_ref idref="fl-16"/>
      </object_component>
      <object_component id="oc-297">
         <name>.debug_info</name>
         <load_address>0x12ad8</load_address>
         <run_address>0x12ad8</run_address>
         <size>0x212</size>
         <input_file_ref idref="fl-16"/>
      </object_component>
      <object_component id="oc-213">
         <name>.debug_info</name>
         <load_address>0x12cea</load_address>
         <run_address>0x12cea</run_address>
         <size>0x702</size>
         <input_file_ref idref="fl-17"/>
      </object_component>
      <object_component id="oc-14f">
         <name>.debug_info</name>
         <load_address>0x133ec</load_address>
         <run_address>0x133ec</run_address>
         <size>0x120</size>
         <input_file_ref idref="fl-17"/>
      </object_component>
      <object_component id="oc-149">
         <name>.debug_info</name>
         <load_address>0x1350c</load_address>
         <run_address>0x1350c</run_address>
         <size>0x1d5</size>
         <input_file_ref idref="fl-17"/>
      </object_component>
      <object_component id="oc-cd">
         <name>.debug_info</name>
         <load_address>0x136e1</load_address>
         <run_address>0x136e1</run_address>
         <size>0x20b</size>
         <input_file_ref idref="fl-17"/>
      </object_component>
      <object_component id="oc-284">
         <name>.debug_info</name>
         <load_address>0x138ec</load_address>
         <run_address>0x138ec</run_address>
         <size>0x431a</size>
         <input_file_ref idref="fl-17"/>
      </object_component>
      <object_component id="oc-289">
         <name>.debug_info</name>
         <load_address>0x17c06</load_address>
         <run_address>0x17c06</run_address>
         <size>0x1055</size>
         <input_file_ref idref="fl-17"/>
      </object_component>
      <object_component id="oc-326">
         <name>.debug_info</name>
         <load_address>0x18c5b</load_address>
         <run_address>0x18c5b</run_address>
         <size>0x6fd</size>
         <input_file_ref idref="fl-18"/>
      </object_component>
      <object_component id="oc-260">
         <name>.debug_info</name>
         <load_address>0x19358</load_address>
         <run_address>0x19358</run_address>
         <size>0x131</size>
         <input_file_ref idref="fl-18"/>
      </object_component>
      <object_component id="oc-244">
         <name>.debug_info</name>
         <load_address>0x19489</load_address>
         <run_address>0x19489</run_address>
         <size>0x24e</size>
         <input_file_ref idref="fl-18"/>
      </object_component>
      <object_component id="oc-23e">
         <name>.debug_info</name>
         <load_address>0x196d7</load_address>
         <run_address>0x196d7</run_address>
         <size>0x2a1</size>
         <input_file_ref idref="fl-18"/>
      </object_component>
      <object_component id="oc-1af">
         <name>.debug_info</name>
         <load_address>0x19978</load_address>
         <run_address>0x19978</run_address>
         <size>0x256</size>
         <input_file_ref idref="fl-18"/>
      </object_component>
      <object_component id="oc-1aa">
         <name>.debug_info</name>
         <load_address>0x19bce</load_address>
         <run_address>0x19bce</run_address>
         <size>0x254</size>
         <input_file_ref idref="fl-18"/>
      </object_component>
      <object_component id="oc-313">
         <name>.debug_info</name>
         <load_address>0x19e22</load_address>
         <run_address>0x19e22</run_address>
         <size>0x6f1</size>
         <input_file_ref idref="fl-1a"/>
      </object_component>
      <object_component id="oc-30e">
         <name>.debug_info</name>
         <load_address>0x1a513</load_address>
         <run_address>0x1a513</run_address>
         <size>0x1c3</size>
         <input_file_ref idref="fl-1a"/>
      </object_component>
      <object_component id="oc-24c">
         <name>.debug_info</name>
         <load_address>0x1a6d6</load_address>
         <run_address>0x1a6d6</run_address>
         <size>0x227</size>
         <input_file_ref idref="fl-1a"/>
      </object_component>
      <object_component id="oc-252">
         <name>.debug_info</name>
         <load_address>0x1a8fd</load_address>
         <run_address>0x1a8fd</run_address>
         <size>0x231</size>
         <input_file_ref idref="fl-1a"/>
      </object_component>
      <object_component id="oc-31b">
         <name>.debug_info</name>
         <load_address>0x1ab2e</load_address>
         <run_address>0x1ab2e</run_address>
         <size>0x1e5</size>
         <input_file_ref idref="fl-1a"/>
      </object_component>
      <object_component id="oc-315">
         <name>.debug_info</name>
         <load_address>0x1ad13</load_address>
         <run_address>0x1ad13</run_address>
         <size>0x1e5</size>
         <input_file_ref idref="fl-1a"/>
      </object_component>
      <object_component id="oc-366">
         <name>.debug_info</name>
         <load_address>0x1aef8</load_address>
         <run_address>0x1aef8</run_address>
         <size>0x131</size>
         <input_file_ref idref="fl-1a"/>
      </object_component>
      <object_component id="oc-29">
         <name>.debug_info</name>
         <load_address>0x1b029</load_address>
         <run_address>0x1b029</run_address>
         <size>0x160</size>
         <input_file_ref idref="fl-d1"/>
      </object_component>
      <object_component id="oc-8f">
         <name>.debug_info</name>
         <load_address>0x1b189</load_address>
         <run_address>0x1b189</run_address>
         <size>0x293</size>
         <input_file_ref idref="fl-d2"/>
      </object_component>
      <object_component id="oc-16">
         <name>.debug_info</name>
         <load_address>0x1b41c</load_address>
         <run_address>0x1b41c</run_address>
         <size>0x245</size>
         <input_file_ref idref="fl-d2"/>
      </object_component>
      <object_component id="oc-31">
         <name>.debug_info</name>
         <load_address>0x1b661</load_address>
         <run_address>0x1b661</run_address>
         <size>0x60</size>
         <input_file_ref idref="fl-d2"/>
      </object_component>
      <object_component id="oc-8a">
         <name>.debug_info</name>
         <load_address>0x1b6c1</load_address>
         <run_address>0x1b6c1</run_address>
         <size>0x46</size>
         <input_file_ref idref="fl-d2"/>
      </object_component>
      <object_component id="oc-46">
         <name>.debug_info</name>
         <load_address>0x1b707</load_address>
         <run_address>0x1b707</run_address>
         <size>0x2da</size>
         <input_file_ref idref="fl-d3"/>
      </object_component>
      <object_component id="oc-1e">
         <name>.debug_info</name>
         <load_address>0x1b9e1</load_address>
         <run_address>0x1b9e1</run_address>
         <size>0x1df</size>
         <input_file_ref idref="fl-d3"/>
      </object_component>
      <object_component id="oc-41">
         <name>.debug_info</name>
         <load_address>0x1bbc0</load_address>
         <run_address>0x1bbc0</run_address>
         <size>0x46</size>
         <input_file_ref idref="fl-d3"/>
      </object_component>
      <object_component id="oc-91">
         <name>.debug_info</name>
         <load_address>0x1bc06</load_address>
         <run_address>0x1bc06</run_address>
         <size>0x2c</size>
         <input_file_ref idref="fl-d3"/>
      </object_component>
      <object_component id="oc-52">
         <name>.debug_info</name>
         <load_address>0x1bc32</load_address>
         <run_address>0x1bc32</run_address>
         <size>0x2c9</size>
         <input_file_ref idref="fl-d4"/>
      </object_component>
      <object_component id="oc-24">
         <name>.debug_info</name>
         <load_address>0x1befb</load_address>
         <run_address>0x1befb</run_address>
         <size>0x1aa</size>
         <input_file_ref idref="fl-d4"/>
      </object_component>
      <object_component id="oc-4d">
         <name>.debug_info</name>
         <load_address>0x1c0a5</load_address>
         <run_address>0x1c0a5</run_address>
         <size>0x46</size>
         <input_file_ref idref="fl-d4"/>
      </object_component>
      <object_component id="oc-99">
         <name>.debug_info</name>
         <load_address>0x1c0eb</load_address>
         <run_address>0x1c0eb</run_address>
         <size>0x2c</size>
         <input_file_ref idref="fl-d4"/>
      </object_component>
      <object_component id="oc-bf">
         <name>.debug_info</name>
         <load_address>0x1c117</load_address>
         <run_address>0x1c117</run_address>
         <size>0x3ce</size>
         <input_file_ref idref="fl-d5"/>
      </object_component>
      <object_component id="oc-b9">
         <name>.debug_info</name>
         <load_address>0x1c4e5</load_address>
         <run_address>0x1c4e5</run_address>
         <size>0x185</size>
         <input_file_ref idref="fl-d5"/>
      </object_component>
      <object_component id="oc-6d">
         <name>.debug_info</name>
         <load_address>0x1c66a</load_address>
         <run_address>0x1c66a</run_address>
         <size>0x214</size>
         <input_file_ref idref="fl-d5"/>
      </object_component>
      <object_component id="oc-3c">
         <name>.debug_info</name>
         <load_address>0x1c87e</load_address>
         <run_address>0x1c87e</run_address>
         <size>0x111</size>
         <input_file_ref idref="fl-d6"/>
      </object_component>
      <object_component id="oc-4a">
         <name>.debug_info</name>
         <load_address>0x1c98f</load_address>
         <run_address>0x1c98f</run_address>
         <size>0x13f</size>
         <input_file_ref idref="fl-d7"/>
      </object_component>
      <object_component id="oc-55">
         <name>.debug_info</name>
         <load_address>0x1cace</load_address>
         <run_address>0x1cace</run_address>
         <size>0x138</size>
         <input_file_ref idref="fl-d8"/>
      </object_component>
      <object_component id="oc-5d">
         <name>.debug_info</name>
         <load_address>0x1cc06</load_address>
         <run_address>0x1cc06</run_address>
         <size>0x148</size>
         <input_file_ref idref="fl-d9"/>
      </object_component>
      <object_component id="oc-237">
         <name>.debug_info</name>
         <load_address>0x1cd4e</load_address>
         <run_address>0x1cd4e</run_address>
         <size>0x355</size>
         <input_file_ref idref="fl-da"/>
      </object_component>
      <object_component id="oc-179">
         <name>.debug_info</name>
         <load_address>0x1d0a3</load_address>
         <run_address>0x1d0a3</run_address>
         <size>0x2e4</size>
         <input_file_ref idref="fl-da"/>
      </object_component>
      <object_component id="oc-303">
         <name>.debug_info</name>
         <load_address>0x1d387</load_address>
         <run_address>0x1d387</run_address>
         <size>0x2c</size>
         <input_file_ref idref="fl-da"/>
      </object_component>
      <object_component id="oc-72">
         <name>.debug_info</name>
         <load_address>0x1d3b3</load_address>
         <run_address>0x1d3b3</run_address>
         <size>0x109</size>
         <input_file_ref idref="fl-db"/>
      </object_component>
      <object_component id="oc-143">
         <name>.debug_info</name>
         <load_address>0x1d4bc</load_address>
         <run_address>0x1d4bc</run_address>
         <size>0x2be</size>
         <input_file_ref idref="fl-dc"/>
      </object_component>
      <object_component id="oc-bc">
         <name>.debug_info</name>
         <load_address>0x1d77a</load_address>
         <run_address>0x1d77a</run_address>
         <size>0x113</size>
         <input_file_ref idref="fl-dc"/>
      </object_component>
      <object_component id="oc-13c">
         <name>.debug_info</name>
         <load_address>0x1d88d</load_address>
         <run_address>0x1d88d</run_address>
         <size>0x21f</size>
         <input_file_ref idref="fl-dc"/>
      </object_component>
      <object_component id="oc-2f8">
         <name>.debug_info</name>
         <load_address>0x1daac</load_address>
         <run_address>0x1daac</run_address>
         <size>0x51f</size>
         <input_file_ref idref="fl-dd"/>
      </object_component>
      <object_component id="oc-231">
         <name>.debug_info</name>
         <load_address>0x1dfcb</load_address>
         <run_address>0x1dfcb</run_address>
         <size>0x1543</size>
         <input_file_ref idref="fl-dd"/>
      </object_component>
      <object_component id="oc-2f9">
         <name>.debug_info</name>
         <load_address>0x1f50e</load_address>
         <run_address>0x1f50e</run_address>
         <size>0x86</size>
         <input_file_ref idref="fl-dd"/>
      </object_component>
      <object_component id="oc-35e">
         <name>.debug_info</name>
         <load_address>0x1f594</load_address>
         <run_address>0x1f594</run_address>
         <size>0x46</size>
         <input_file_ref idref="fl-dd"/>
      </object_component>
      <object_component id="oc-2fe">
         <name>.debug_info</name>
         <load_address>0x1f5da</load_address>
         <run_address>0x1f5da</run_address>
         <size>0x39</size>
         <input_file_ref idref="fl-dd"/>
      </object_component>
      <object_component id="oc-b7">
         <name>.debug_info</name>
         <load_address>0x1f613</load_address>
         <run_address>0x1f613</run_address>
         <size>0x300</size>
         <input_file_ref idref="fl-de"/>
      </object_component>
      <object_component id="oc-69">
         <name>.debug_info</name>
         <load_address>0x1f913</load_address>
         <run_address>0x1f913</run_address>
         <size>0x167</size>
         <input_file_ref idref="fl-de"/>
      </object_component>
      <object_component id="oc-134">
         <name>.debug_info</name>
         <load_address>0x1fa7a</load_address>
         <run_address>0x1fa7a</run_address>
         <size>0x5e</size>
         <input_file_ref idref="fl-de"/>
      </object_component>
      <object_component id="oc-359">
         <name>.debug_info</name>
         <load_address>0x1fad8</load_address>
         <run_address>0x1fad8</run_address>
         <size>0x2ae</size>
         <input_file_ref idref="fl-df"/>
      </object_component>
      <object_component id="oc-2ee">
         <name>.debug_info</name>
         <load_address>0x1fd86</load_address>
         <run_address>0x1fd86</run_address>
         <size>0x171</size>
         <input_file_ref idref="fl-df"/>
      </object_component>
      <object_component id="oc-af">
         <name>.debug_info</name>
         <load_address>0x1fef7</load_address>
         <run_address>0x1fef7</run_address>
         <size>0x483</size>
         <input_file_ref idref="fl-e0"/>
      </object_component>
      <object_component id="oc-61">
         <name>.debug_info</name>
         <load_address>0x2037a</load_address>
         <run_address>0x2037a</run_address>
         <size>0x190</size>
         <input_file_ref idref="fl-e0"/>
      </object_component>
      <object_component id="oc-f8">
         <name>.debug_info</name>
         <load_address>0x2050a</load_address>
         <run_address>0x2050a</run_address>
         <size>0x39</size>
         <input_file_ref idref="fl-e0"/>
      </object_component>
      <object_component id="oc-197">
         <name>.debug_info</name>
         <load_address>0x20543</load_address>
         <run_address>0x20543</run_address>
         <size>0x39</size>
         <input_file_ref idref="fl-e0"/>
      </object_component>
      <object_component id="oc-fd">
         <name>.debug_info</name>
         <load_address>0x2057c</load_address>
         <run_address>0x2057c</run_address>
         <size>0xcd</size>
         <input_file_ref idref="fl-e0"/>
      </object_component>
      <object_component id="oc-f4">
         <name>.debug_info</name>
         <load_address>0x20649</load_address>
         <run_address>0x20649</run_address>
         <size>0x37a</size>
         <input_file_ref idref="fl-e1"/>
      </object_component>
      <object_component id="oc-a4">
         <name>.debug_info</name>
         <load_address>0x209c3</load_address>
         <run_address>0x209c3</run_address>
         <size>0x183</size>
         <input_file_ref idref="fl-e1"/>
      </object_component>
      <object_component id="oc-192">
         <name>.debug_info</name>
         <load_address>0x20b46</load_address>
         <run_address>0x20b46</run_address>
         <size>0x2c</size>
         <input_file_ref idref="fl-e1"/>
      </object_component>
      <object_component id="oc-383">
         <name>.debug_info</name>
         <load_address>0x20b72</load_address>
         <run_address>0x20b72</run_address>
         <size>0xee</size>
         <input_file_ref idref="fl-e2"/>
      </object_component>
      <object_component id="oc-356">
         <name>.debug_info</name>
         <load_address>0x20c60</load_address>
         <run_address>0x20c60</run_address>
         <size>0xfa</size>
         <input_file_ref idref="fl-e2"/>
      </object_component>
      <object_component id="oc-2d5">
         <name>.debug_info</name>
         <load_address>0x20d5a</load_address>
         <run_address>0x20d5a</run_address>
         <size>0x144</size>
         <input_file_ref idref="fl-e3"/>
      </object_component>
      <object_component id="oc-2b2">
         <name>.debug_info</name>
         <load_address>0x20e9e</load_address>
         <run_address>0x20e9e</run_address>
         <size>0x120</size>
         <input_file_ref idref="fl-e4"/>
      </object_component>
      <object_component id="oc-2c0">
         <name>.debug_info</name>
         <load_address>0x20fbe</load_address>
         <run_address>0x20fbe</run_address>
         <size>0x122</size>
         <input_file_ref idref="fl-e4"/>
      </object_component>
      <object_component id="oc-2bc">
         <name>.debug_info</name>
         <load_address>0x210e0</load_address>
         <run_address>0x210e0</run_address>
         <size>0x132</size>
         <input_file_ref idref="fl-e5"/>
      </object_component>
      <object_component id="oc-2b8">
         <name>.debug_info</name>
         <load_address>0x21212</load_address>
         <run_address>0x21212</run_address>
         <size>0x132</size>
         <input_file_ref idref="fl-e6"/>
      </object_component>
      <object_component id="oc-2c5">
         <name>.debug_info</name>
         <load_address>0x21344</load_address>
         <run_address>0x21344</run_address>
         <size>0x126</size>
         <input_file_ref idref="fl-e7"/>
      </object_component>
      <object_component id="oc-2d0">
         <name>.debug_info</name>
         <load_address>0x2146a</load_address>
         <run_address>0x2146a</run_address>
         <size>0x124</size>
         <input_file_ref idref="fl-e8"/>
      </object_component>
      <object_component id="oc-33e">
         <name>.debug_info</name>
         <load_address>0x2158e</load_address>
         <run_address>0x2158e</run_address>
         <size>0x2e6</size>
         <input_file_ref idref="fl-e9"/>
      </object_component>
      <object_component id="oc-2cc">
         <name>.debug_info</name>
         <load_address>0x21874</load_address>
         <run_address>0x21874</run_address>
         <size>0x1c2</size>
         <input_file_ref idref="fl-e9"/>
      </object_component>
      <object_component id="oc-35b">
         <name>.debug_info</name>
         <load_address>0x21a36</load_address>
         <run_address>0x21a36</run_address>
         <size>0x28b</size>
         <input_file_ref idref="fl-ea"/>
      </object_component>
      <object_component id="oc-2f4">
         <name>.debug_info</name>
         <load_address>0x21cc1</load_address>
         <run_address>0x21cc1</run_address>
         <size>0x1ab</size>
         <input_file_ref idref="fl-ea"/>
      </object_component>
      <object_component id="oc-342">
         <name>.debug_info</name>
         <load_address>0x21e6c</load_address>
         <run_address>0x21e6c</run_address>
         <size>0x2d9</size>
         <input_file_ref idref="fl-eb"/>
      </object_component>
      <object_component id="oc-2dc">
         <name>.debug_info</name>
         <load_address>0x22145</load_address>
         <run_address>0x22145</run_address>
         <size>0x18a</size>
         <input_file_ref idref="fl-eb"/>
      </object_component>
      <object_component id="oc-343">
         <name>.debug_info</name>
         <load_address>0x222cf</load_address>
         <run_address>0x222cf</run_address>
         <size>0x2c</size>
         <input_file_ref idref="fl-eb"/>
      </object_component>
      <object_component id="oc-352">
         <name>.debug_info</name>
         <load_address>0x222fb</load_address>
         <run_address>0x222fb</run_address>
         <size>0x316</size>
         <input_file_ref idref="fl-ec"/>
      </object_component>
      <object_component id="oc-2e1">
         <name>.debug_info</name>
         <load_address>0x22611</load_address>
         <run_address>0x22611</run_address>
         <size>0x1d5</size>
         <input_file_ref idref="fl-ec"/>
      </object_component>
      <object_component id="oc-aa">
         <name>.debug_info</name>
         <load_address>0x227e6</load_address>
         <run_address>0x227e6</run_address>
         <size>0x145</size>
         <input_file_ref idref="fl-ed"/>
      </object_component>
      <object_component id="oc-354">
         <name>.debug_info</name>
         <load_address>0x2292b</load_address>
         <run_address>0x2292b</run_address>
         <size>0x28f</size>
         <input_file_ref idref="fl-ee"/>
      </object_component>
      <object_component id="oc-2e6">
         <name>.debug_info</name>
         <load_address>0x22bba</load_address>
         <run_address>0x22bba</run_address>
         <size>0x244</size>
         <input_file_ref idref="fl-ee"/>
      </object_component>
      <object_component id="oc-337">
         <name>.debug_info</name>
         <load_address>0x22dfe</load_address>
         <run_address>0x22dfe</run_address>
         <size>0x284</size>
         <input_file_ref idref="fl-ef"/>
      </object_component>
      <object_component id="oc-2ab">
         <name>.debug_info</name>
         <load_address>0x23082</load_address>
         <run_address>0x23082</run_address>
         <size>0x22a</size>
         <input_file_ref idref="fl-ef"/>
      </object_component>
      <object_component id="oc-2a6">
         <name>.debug_info</name>
         <load_address>0x232ac</load_address>
         <run_address>0x232ac</run_address>
[...]
         <object_component_ref idref="oc-15c"/>
      </symbol>
      <symbol id="sm-1d3">
         <name>Reset_Handler</name>
         <value>0x364d</value>
         <object_component_ref idref="oc-75"/>
      </symbol>
      <symbol id="sm-1d4">
         <name>Default_Handler</name>
         <value>0x1c23</value>
         <object_component_ref idref="oc-7b"/>
      </symbol>
      <symbol id="sm-1d5">
         <name>interruptVectors</name>
         <value>0x0</value>
         <object_component_ref idref="oc-2c"/>
      </symbol>
      <symbol id="sm-21b">
         <name>Graphics_setBackgroundColor</name>
         <value>0x3533</value>
         <object_component_ref idref="oc-114"/>
      </symbol>
      <symbol id="sm-21c">
         <name>Graphics_setFont</name>
         <value>0x354d</value>
         <object_component_ref idref="oc-11a"/>
      </symbol>
      <symbol id="sm-21d">
         <name>Graphics_initContext</name>
         <value>0x3009</value>
         <object_component_ref idref="oc-108"/>
      </symbol>
      <symbol id="sm-21e">
         <name>Graphics_setForegroundColor</name>
         <value>0x35ad</value>
         <object_component_ref idref="oc-10e"/>
      </symbol>
      <symbol id="sm-21f">
         <name>Graphics_clearDisplay</name>
         <value>0x362d</value>
         <object_component_ref idref="oc-169"/>
      </symbol>
      <symbol id="sm-244">
         <name>Graphics_clearDisplayOnDisplay</name>
         <value>0x3519</value>
         <object_component_ref idref="oc-21b"/>
      </symbol>
      <symbol id="sm-245">
         <name>Graphics_drawPixelOnDisplay</name>
         <value>0x33f5</value>
         <object_component_ref idref="oc-29c"/>
      </symbol>
      <symbol id="sm-246">
         <name>Graphics_translateColorOnDisplay</name>
         <value>0x35c3</value>
         <object_component_ref idref="oc-1c3"/>
      </symbol>
      <symbol id="sm-247">
         <name>Graphics_drawHorizontalLineOnDisplay</name>
         <value>0x3335</value>
         <object_component_ref idref="oc-32c"/>
      </symbol>
      <symbol id="sm-259">
         <name>g_sFontFixed6x8</name>
         <value>0x3a70</value>
         <object_component_ref idref="oc-129"/>
      </symbol>
      <symbol id="sm-2b1">
         <name>Graphics_drawStringCentered</name>
         <value>0x30f5</value>
         <object_component_ref idref="oc-16f"/>
      </symbol>
      <symbol id="sm-2b2">
         <name>Graphics_drawString</name>
         <value>0x1223</value>
         <object_component_ref idref="oc-228"/>
      </symbol>
      <symbol id="sm-2b3">
         <name>Graphics_getStringWidth</name>
         <value>0x24c9</value>
         <object_component_ref idref="oc-222"/>
      </symbol>
      <symbol id="sm-2c6">
         <name>Graphics_drawLineH</name>
         <value>0x2809</value>
         <object_component_ref idref="oc-296"/>
      </symbol>
      <symbol id="sm-317">
         <name>ADC14_getResult</name>
         <value>0x34c5</value>
         <object_component_ref idref="oc-cb"/>
      </symbol>
      <symbol id="sm-350">
         <name>GPIO_setOutputHighOnPin</name>
         <value>0x3475</value>
         <object_component_ref idref="oc-1ae"/>
      </symbol>
      <symbol id="sm-351">
         <name>GPIO_setAsOutputPin</name>
         <value>0x31c5</value>
         <object_component_ref idref="oc-243"/>
      </symbol>
      <symbol id="sm-352">
         <name>GPIO_setOutputLowOnPin</name>
         <value>0x349d</value>
         <object_component_ref idref="oc-1a8"/>
      </symbol>
      <symbol id="sm-353">
         <name>GPIO_setAsPeripheralModuleFunctionOutputPin</name>
         <value>0x29d5</value>
         <object_component_ref idref="oc-23d"/>
      </symbol>
      <symbol id="sm-393">
         <name>EUSCI_B_SPI_enable</name>
         <value>0x3597</value>
         <object_component_ref idref="oc-31a"/>
      </symbol>
      <symbol id="sm-394">
         <name>SPI_enableModule</name>
         <value>0x34e1</value>
         <object_component_ref idref="oc-250"/>
      </symbol>
      <symbol id="sm-395">
         <name>EUSCI_A_SPI_enable</name>
         <value>0x3581</value>
         <object_component_ref idref="oc-314"/>
      </symbol>
      <symbol id="sm-396">
         <name>SPI_initMaster</name>
         <value>0x26bd</value>
         <object_component_ref idref="oc-24a"/>
      </symbol>
      <symbol id="sm-3a8">
         <name>_c_int00</name>
         <value>0x2f0d</value>
         <object_component_ref idref="oc-26"/>
      </symbol>
      <symbol id="sm-3a9">
         <name>__stack</name>
         <value>0x2000fe00</value>
         <object_component_ref idref="oc-2f"/>
      </symbol>
      <symbol id="sm-3c7">
         <name>__TI_decompress_lzss</name>
         <value>0x2ccd</value>
         <object_component_ref idref="oc-14"/>
      </symbol>
      <symbol id="sm-3de">
         <name>__TI_decompress_none</name>
         <value>0x363f</value>
         <object_component_ref idref="oc-1a"/>
      </symbol>
      <symbol id="sm-3f5">
         <name>__TI_zero_init</name>
         <value>0x3659</value>
         <object_component_ref idref="oc-20"/>
      </symbol>
      <symbol id="sm-416">
         <name>C$$EXIT</name>
         <value>0x2f61</value>
         <object_component_ref idref="oc-6b"/>
      </symbol>
      <symbol id="sm-417">
         <name>abort</name>
         <value>0x2f65</value>
         <object_component_ref idref="oc-6b"/>
      </symbol>
      <symbol id="sm-418">
         <name>exit</name>
         <value>0x2f6d</value>
         <object_component_ref idref="oc-6b"/>
      </symbol>
      <symbol id="sm-419">
         <name>__TI_dtors_ptr</name>
         <value>0x20000044</value>
         <object_component_ref idref="oc-b8"/>
      </symbol>
      <symbol id="sm-41a">
         <name>__TI_cleanup_ptr</name>
         <value>0x20000040</value>
         <object_component_ref idref="oc-b8"/>
      </symbol>
      <symbol id="sm-41b">
         <name>__TI_enable_exit_profile_output</name>
         <value>0x20000048</value>
         <object_component_ref idref="oc-b8"/>
      </symbol>
      <symbol id="sm-436">
         <name>memcpy</name>
         <value>0x28a5</value>
         <object_component_ref idref="oc-3b"/>
      </symbol>
      <symbol id="sm-437">
         <name>__aeabi_memcpy</name>
         <value>0x28a5</value>
         <object_component_ref idref="oc-3b"/>
      </symbol>
      <symbol id="sm-438">
         <name>__aeabi_memcpy8</name>
         <value>0x28a5</value>
         <object_component_ref idref="oc-3b"/>
      </symbol>
      <symbol id="sm-439">
         <name>__aeabi_memcpy4</name>
         <value>0x28a5</value>
         <object_component_ref idref="oc-3b"/>
      </symbol>
      <symbol id="sm-448">
         <name>__aeabi_memset</name>
         <value>0x2b6b</value>
         <object_component_ref idref="oc-47"/>
      </symbol>
      <symbol id="sm-449">
         <name>memset</name>
         <value>0x2b71</value>
         <object_component_ref idref="oc-47"/>
      </symbol>
      <symbol id="sm-44a">
         <name>__aeabi_memset8</name>
         <value>0x2b6b</value>
         <object_component_ref idref="oc-47"/>
      </symbol>
      <symbol id="sm-44b">
         <name>__aeabi_memset4</name>
         <value>0x2b6b</value>
         <object_component_ref idref="oc-47"/>
      </symbol>
      <symbol id="sm-44c">
         <name>__aeabi_memclr8</name>
         <value>0x2b69</value>
         <object_component_ref idref="oc-47"/>
      </symbol>
      <symbol id="sm-44d">
         <name>__aeabi_memclr4</name>
         <value>0x2b69</value>
         <object_component_ref idref="oc-47"/>
      </symbol>
      <symbol id="sm-44e">
         <name>__aeabi_memclr</name>
         <value>0x2b69</value>
         <object_component_ref idref="oc-47"/>
      </symbol>
      <symbol id="sm-458">
         <name>__mpu_init</name>
         <value>0x206f</value>
         <object_component_ref idref="oc-53"/>
      </symbol>
      <symbol id="sm-462">
         <name>_system_pre_init</name>
         <value>0x366f</value>
         <object_component_ref idref="oc-59"/>
      </symbol>
      <symbol id="sm-47b">
         <name>sprintf</name>
         <value>0x2e59</value>
         <object_component_ref idref="oc-176"/>
      </symbol>
      <symbol id="sm-483">
         <name>main_func_sp</name>
         <value>0x20000058</value>
         <object_component_ref idref="oc-71"/>
      </symbol>
      <symbol id="sm-49c">
         <name>_nop</name>
         <value>0x35ff</value>
         <object_component_ref idref="oc-13b"/>
      </symbol>
      <symbol id="sm-49d">
         <name>_lock</name>
         <value>0x2000004c</value>
         <object_component_ref idref="oc-bb"/>
      </symbol>
      <symbol id="sm-49e">
         <name>_unlock</name>
         <value>0x20000050</value>
         <object_component_ref idref="oc-bb"/>
      </symbol>
      <symbol id="sm-49f">
         <name>_register_lock</name>
         <value>0x35f7</value>
         <object_component_ref idref="oc-13b"/>
      </symbol>
      <symbol id="sm-4a0">
         <name>_register_unlock</name>
         <value>0x35f1</value>
         <object_component_ref idref="oc-13b"/>
      </symbol>
      <symbol id="sm-5a1">
         <name>__TI_printfi</name>
         <value>0x929</value>
         <object_component_ref idref="oc-230"/>
      </symbol>
      <symbol id="sm-5b5">
         <name>_args_main</name>
         <value>0x3569</value>
         <object_component_ref idref="oc-65"/>
      </symbol>
      <symbol id="sm-5cb">
         <name>atoi</name>
         <value>0x305d</value>
         <object_component_ref idref="oc-2eb"/>
      </symbol>
      <symbol id="sm-5f5">
         <name>__TI_auto_init</name>
         <value>0x2c5d</value>
         <object_component_ref idref="oc-5f"/>
      </symbol>
      <symbol id="sm-60f">
         <name>copy_in</name>
         <value>0x30a9</value>
         <object_component_ref idref="oc-a2"/>
      </symbol>
      <symbol id="sm-61a">
         <name>_ctypes_</name>
         <value>0x396c</value>
         <object_component_ref idref="oc-355"/>
      </symbol>
      <symbol id="sm-631">
         <name>__aeabi_dsub</name>
         <value>0x1a6d</value>
         <object_component_ref idref="oc-2d4"/>
      </symbol>
      <symbol id="sm-632">
         <name>__aeabi_dadd</name>
         <value>0x1a77</value>
         <object_component_ref idref="oc-2d4"/>
      </symbol>
      <symbol id="sm-654">
         <name>__aeabi_cdcmpeq</name>
         <value>0x2a5d</value>
         <object_component_ref idref="oc-2b0"/>
      </symbol>
      <symbol id="sm-655">
         <name>__aeabi_cdcmple</name>
         <value>0x2a5d</value>
         <object_component_ref idref="oc-2b0"/>
      </symbol>
      <symbol id="sm-656">
         <name>__aeabi_cdrcmple</name>
         <value>0x2ae3</value>
         <object_component_ref idref="oc-2bf"/>
      </symbol>
      <symbol id="sm-66a">
         <name>__aeabi_ddiv</name>
         <value>0x1f39</value>
         <object_component_ref idref="oc-2ba"/>
      </symbol>
      <symbol id="sm-675">
         <name>__aeabi_dmul</name>
         <value>0x22d1</value>
         <object_component_ref idref="oc-2b5"/>
      </symbol>
      <symbol id="sm-67f">
         <name>__aeabi_d2iz</name>
         <value>0x313d</value>
         <object_component_ref idref="oc-2c4"/>
      </symbol>
      <symbol id="sm-689">
         <name>__aeabi_i2d</name>
         <value>0x339b</value>
         <object_component_ref idref="oc-2cf"/>
      </symbol>
      <symbol id="sm-698">
         <name>ltoa</name>
         <value>0x2fb5</value>
         <object_component_ref idref="oc-2c9"/>
      </symbol>
      <symbol id="sm-6a8">
         <name>memccpy</name>
         <value>0x34fd</value>
         <object_component_ref idref="oc-2f1"/>
      </symbol>
      <symbol id="sm-6c3">
         <name>frexpl</name>
         <value>0x2d35</value>
         <object_component_ref idref="oc-2d9"/>
      </symbol>
      <symbol id="sm-6c4">
         <name>frexp</name>
         <value>0x2d35</value>
         <object_component_ref idref="oc-2d9"/>
      </symbol>
      <symbol id="sm-6e1">
         <name>scalbn</name>
         <value>0x23cd</value>
         <object_component_ref idref="oc-2df"/>
      </symbol>
      <symbol id="sm-6e2">
         <name>scalbnl</name>
         <value>0x23cd</value>
         <object_component_ref idref="oc-2df"/>
      </symbol>
      <symbol id="sm-6e3">
         <name>ldexpl</name>
         <value>0x23cd</value>
         <object_component_ref idref="oc-2df"/>
      </symbol>
      <symbol id="sm-6e4">
         <name>ldexp</name>
         <value>0x23cd</value>
         <object_component_ref idref="oc-2df"/>
      </symbol>
      <symbol id="sm-6ee">
         <name>_system_post_cinit</name>
         <value>0x25c3</value>
         <object_component_ref idref="oc-a8"/>
      </symbol>
      <symbol id="sm-6fe">
         <name>strchr</name>
         <value>0x35d9</value>
         <object_component_ref idref="oc-2e5"/>
      </symbol>
      <symbol id="sm-70c">
         <name>strlen</name>
         <value>0x3619</value>
         <object_component_ref idref="oc-2aa"/>
      </symbol>
      <symbol id="sm-728">
         <name>__aeabi_uldivmod</name>
         <value>0x16a1</value>
         <object_component_ref idref="oc-2a5"/>
      </symbol>
      <symbol id="sm-730">
         <name>errno</name>
         <value>0x20000054</value>
         <object_component_ref idref="oc-34e"/>
      </symbol>
      <symbol id="sm-73a">
         <name>copysign</name>
         <value>0x3605</value>
         <object_component_ref idref="oc-348"/>
      </symbol>
      <symbol id="sm-73b">
         <name>copysignl</name>
         <value>0x3605</value>
         <object_component_ref idref="oc-348"/>
      </symbol>
      <symbol id="sm-73c">
         <name>__TI_static_base__</name>
         <value>0x0</value>
      </symbol>
      <symbol id="sm-73f">
         <name>SHT$$INIT_ARRAY$$Limit</name>
         <value>0x0</value>
      </symbol>
      <symbol id="sm-740">
         <name>SHT$$INIT_ARRAY$$Base</name>
         <value>0x0</value>
      </symbol>
      <symbol id="sm-741">
         <name>NMI_Handler</name>
         <value>0x1c23</value>
      </symbol>
      <symbol id="sm-742">
         <name>HardFault_Handler</name>
         <value>0x1c23</value>
      </symbol>
      <symbol id="sm-743">
         <name>MemManage_Handler</name>
         <value>0x1c23</value>
      </symbol>
      <symbol id="sm-744">
         <name>BusFault_Handler</name>
         <value>0x1c23</value>
      </symbol>
      <symbol id="sm-745">
         <name>UsageFault_Handler</name>
         <value>0x1c23</value>
      </symbol>
      <symbol id="sm-746">
         <name>SVC_Handler</name>
         <value>0x1c23</value>
      </symbol>
      <symbol id="sm-747">
         <name>DebugMon_Handler</name>
         <value>0x1c23</value>
      </symbol>
      <symbol id="sm-748">
         <name>PendSV_Handler</name>
         <value>0x1c23</value>
      </symbol>
      <symbol id="sm-749">
         <name>SysTick_Handler</name>
         <value>0x1c23</value>
      </symbol>
      <symbol id="sm-74a">
         <name>PSS_IRQHandler</name>
         <value>0x1c23</value>
      </symbol>
      <symbol id="sm-74b">
         <name>CS_IRQHandler</name>
         <value>0x1c23</value>
      </symbol>
      <symbol id="sm-74c">
         <name>PCM_IRQHandler</name>
         <value>0x1c23</value>
      </symbol>
      <symbol id="sm-74d">
         <name>WDT_A_IRQHandler</name>
         <value>0x1c23</value>
      </symbol>
      <symbol id="sm-74e">
         <name>FPU_IRQHandler</name>
         <value>0x1c23</value>
      </symbol>
      <symbol id="sm-74f">
         <name>FLCTL_IRQHandler</name>
         <value>0x1c23</value>
      </symbol>
      <symbol id="sm-750">
         <name>COMP_E0_IRQHandler</name>
         <value>0x1c23</value>
      </symbol>
      <symbol id="sm-751">
         <name>COMP_E1_IRQHandler</name>
         <value>0x1c23</value>
      </symbol>
      <symbol id="sm-752">
         <name>TA0_0_IRQHandler</name>
         <value>0x1c23</value>
      </symbol>
      <symbol id="sm-753">
         <name>TA0_N_IRQHandler</name>
         <value>0x1c23</value>
      </symbol>
      <symbol id="sm-754">
         <name>TA1_0_IRQHandler</name>
         <value>0x1c23</value>
      </symbol>
      <symbol id="sm-755">
         <name>TA1_N_IRQHandler</name>
         <value>0x1c23</value>
      </symbol>
      <symbol id="sm-756">
         <name>TA2_0_IRQHandler</name>
         <value>0x1c23</value>
      </symbol>
      <symbol id="sm-757">
         <name>TA2_N_IRQHandler</name>
         <value>0x1c23</value>
      </symbol>
      <symbol id="sm-758">
         <name>TA3_0_IRQHandler</name>
         <value>0x1c23</value>
      </symbol>
      <symbol id="sm-759">
         <name>TA3_N_IRQHandler</name>
         <value>0x1c23</value>
      </symbol>
      <symbol id="sm-75a">
         <name>EUSCIA0_IRQHandler</name>
         <value>0x1c23</value>
      </symbol>
      <symbol id="sm-75b">
         <name>EUSCIA1_IRQHandler</name>
         <value>0x1c23</value>
      </symbol>
      <symbol id="sm-75c">
         <name>EUSCIA2_IRQHandler</name>
         <value>0x1c23</value>
      </symbol>
      <symbol id="sm-75d">
         <name>EUSCIA3_IRQHandler</name>
         <value>0x1c23</value>
      </symbol>
      <symbol id="sm-75e">
         <name>EUSCIB0_IRQHandler</name>
         <value>0x1c23</value>
      </symbol>
      <symbol id="sm-75f">
         <name>EUSCIB1_IRQHandler</name>
         <value>0x1c23</value>
      </symbol>
      <symbol id="sm-760">
         <name>EUSCIB2_IRQHandler</name>
         <value>0x1c23</value>
      </symbol>
      <symbol id="sm-761">
         <name>EUSCIB3_IRQHandler</name>
         <value>0x1c23</value>
      </symbol>
      <symbol id="sm-762">
         <name>ADC14_IRQHandler</name>
         <value>0x25c5</value>
      </symbol>
      <symbol id="sm-763">
         <name>T32_INT1_IRQHandler</name>
         <value>0x1c23</value>
      </symbol>
      <symbol id="sm-764">
         <name>T32_INT2_IRQHandler</name>
         <value>0x1c23</value>
      </symbol>
      <symbol id="sm-765">
         <name>T32_INTC_IRQHandler</name>
         <value>0x1c23</value>
      </symbol>
      <symbol id="sm-766">
         <name>AES256_IRQHandler</name>
         <value>0x1c23</value>
      </symbol>
      <symbol id="sm-767">
         <name>RTC_C_IRQHandler</name>
         <value>0x1c23</value>
      </symbol>
      <symbol id="sm-768">
         <name>DMA_ERR_IRQHandler</name>
         <value>0x1c23</value>
      </symbol>
      <symbol id="sm-769">
         <name>DMA_INT3_IRQHandler</name>
         <value>0x1c23</value>
      </symbol>
      <symbol id="sm-76a">
         <name>DMA_INT2_IRQHandler</name>
         <value>0x1c23</value>
      </symbol>
      <symbol id="sm-76b">
         <name>DMA_INT1_IRQHandler</name>
         <value>0x1c23</value>
      </symbol>
      <symbol id="sm-76c">
         <name>DMA_INT0_IRQHandler</name>
         <value>0x1c23</value>
      </symbol>
      <symbol id="sm-76d">
         <name>PORT1_IRQHandler</name>
         <value>0x1c23</value>
      </symbol>
      <symbol id="sm-76e">
         <name>PORT2_IRQHandler</name>
         <value>0x1c23</value>
      </symbol>
      <symbol id="sm-76f">
         <name>PORT3_IRQHandler</name>
         <value>0x1c23</value>
      </symbol>
      <symbol id="sm-770">
         <name>PORT4_IRQHandler</name>
         <value>0x1c23</value>
      </symbol>
      <symbol id="sm-771">
         <name>PORT5_IRQHandler</name>
         <value>0x1c23</value>
      </symbol>
      <symbol id="sm-772">
         <name>PORT6_IRQHandler</name>
         <value>0x1c23</value>
      </symbol>
   </symbol_table>
   <title>Link successful</title>
</link_info>
