******************************************************************************
                  TI ARM Linker PC v16.9.6                     
******************************************************************************
>> Linked Tue Jun 30 10:48:22 2020

OUTPUT FILE NAME:   <boostxl_edumkii_accelerometer_msp432p401r_MSP_EXP432P401R_nortos_ccs.out>
ENTRY POINT SYMBOL: "_c_int00"  address: 00002f0d


MEMORY CONFIGURATION

         name            origin    length      used     unused   attr    fill
----------------------  --------  ---------  --------  --------  ----  --------
  MAIN                  00000000   00040000  00003c6a  0003c396  R  X
  INFO                  00200000   00004000  00000000  00004000  R  X
  SRAM_CODE             01000000   00010000  0000025a  0000fda6  RW X
  SRAM_DATA             20000000   00010000  0000025a  0000fda6  RW  


SEGMENT ALLOCATION MAP

run origin  load origin   length   init length attrs members
----------  ----------- ---------- ----------- ----- -------
00000000    00000000    00003c70   00003c70    r-x
  00000000    00000000    000000e4   000000e4    r-- .intvecs
  000000e4    000000e4    0000358e   0000358e    r-x .text
  00003674    00003674    000005b8   000005b8    r-- .const
  00003c30    00003c30    00000040   00000040    r-- .cinit
20000000    20000000    0000005c   00000000    rw-
  20000000    20000000    0000002e   00000000    rw- .bss
  20000030    20000030    0000002c   00000000    rw- .data
2000fe00    2000fe00    00000200   00000000    rw-
  2000fe00    2000fe00    00000200   00000000    rw- .stack


SECTION ALLOCATION MAP

 output                                  attributes/
section   page    origin      length       input sections
--------  ----  ----------  ----------   ----------------
.intvecs   0    00000000    000000e4     
                  00000000    000000e4     startup_msp432p401r_ccs.obj (.intvecs:retain)

.binit     0    00000000    00000000     

.text      0    000000e4    0000358e     
                  000000e4    0000113e     rtsv7M4_T_le_v4SPD16_eabi.lib : _printfi.obj (.text)
                  00001222    0000047e     grlib.a : string.obj (.text:Graphics_drawString)
                  000016a0    000001f4     rtsv7M4_T_le_v4SPD16_eabi.lib : ull_div_t2.obj (.text)
                  00001894    000001d8     Crystalfontz128x128_ST7735.obj (.text:Crystalfontz128x128_PixelDrawMultiple)
                  00001a6c    000001b6     rtsv7M4_T_le_v4SPD16_eabi.lib : fd_add_t2.obj (.text)
                  00001c22    00000002     startup_msp432p401r_ccs.obj (.text:Default_Handler)
                  00001c24    000001b4     main.obj (.text:main)
                  00001dd8    00000160     msp432p4xx_driverlib.lib : adc14.o (.text:_getIndexForMemRegister)
                  00001f38    00000136     rtsv7M4_T_le_v4SPD16_eabi.lib : fd_div_t2.obj (.text)
                  0000206e    00000002                                   : mpu_init.obj (.text)
                  00002070    00000134     Crystalfontz128x128_ST7735.obj (.text:Crystalfontz128x128_SetDrawFrame)
                  000021a4    0000012c     Crystalfontz128x128_ST7735.obj (.text:Crystalfontz128x128_Init)
                  000022d0    000000fc     rtsv7M4_T_le_v4SPD16_eabi.lib : fd_mul_t2.obj (.text)
                  000023cc    000000fc                                   : s_scalbn.obj (.text)
                  000024c8    000000fa     grlib.a : string.obj (.text:Graphics_getStringWidth)
                  000025c2    00000002     rtsv7M4_T_le_v4SPD16_eabi.lib : startup.obj (.text)
                  000025c4    000000f8     main.obj (.text:ADC14_IRQHandler)
                  000026bc    000000b0     msp432p4xx_driverlib.lib : spi.o (.text:SPI_initMaster)
                  0000276c    0000009c     Crystalfontz128x128_ST7735.obj (.text:Crystalfontz128x128_RectFill)
                  00002808    0000009c     grlib.a : line.obj (.text:Graphics_drawLineH)
                  000028a4    0000009c     rtsv7M4_T_le_v4SPD16_eabi.lib : memcpy_t2.obj (.text)
                  00002940    00000094     main.obj (.text:drawAccelData)
                  000029d4    00000088     msp432p4xx_driverlib.lib : gpio.o (.text:GPIO_setAsPeripheralModuleFunctionOutputPin)
                  00002a5c    00000086     rtsv7M4_T_le_v4SPD16_eabi.lib : fd_cmp_t2.obj (.text:__aeabi_cdcmple)
                  00002ae2    00000086                                   : fd_cmp_t2.obj (.text:__aeabi_cdrcmple)
                  00002b68    0000007a                                   : memset_t2.obj (.text)
                  00002be2    00000002     --HOLE-- [fill = 0]
                  00002be4    00000078     system_msp432p401r.obj (.text:SystemInit)
                  00002c5c    00000070     rtsv7M4_T_le_v4SPD16_eabi.lib : autoinit.obj (.text)
                  00002ccc    00000068                                   : copy_decompress_lzss.obj (.text:decompress:lzss)
                  00002d34    00000064                                   : s_frexp.obj (.text)
                  00002d98    00000060     Crystalfontz128x128_ST7735.obj (.text:Crystalfontz128x128_LineDrawH)
                  00002df8    00000060     Crystalfontz128x128_ST7735.obj (.text:Crystalfontz128x128_LineDrawV)
                  00002e58    00000060     rtsv7M4_T_le_v4SPD16_eabi.lib : sprintf.obj (.text)
                  00002eb8    00000054     Crystalfontz128x128_ST7735.obj (.text:Crystalfontz128x128_SetOrientation)
                  00002f0c    00000054     rtsv7M4_T_le_v4SPD16_eabi.lib : boot.obj (.text)
                  00002f60    00000054                                   : exit.obj (.text)
                  00002fb4    00000054                                   : ltoa.obj (.text)
                  00003008    00000052     grlib.a : context.obj (.text:Graphics_initContext)
                  0000305a    00000002     --HOLE-- [fill = 0]
                  0000305c    0000004c     rtsv7M4_T_le_v4SPD16_eabi.lib : atoi.obj (.text)
                  000030a8    0000004c                                   : cpy_tbl.obj (.text)
                  000030f4    00000048     grlib.a : string.obj (.text:Graphics_drawStringCentered)
                  0000313c    00000048     rtsv7M4_T_le_v4SPD16_eabi.lib : fd_toi_t2.obj (.text)
                  00003184    00000040     Crystalfontz128x128_ST7735.obj (.text:Crystalfontz128x128_PixelDraw)
                  000031c4    00000040     msp432p4xx_driverlib.lib : gpio.o (.text:GPIO_setAsOutputPin)
                  00003204    00000040     grlib.a : string.obj (.text:Graphics_getNumberOfLeadingZeros)
                  00003244    00000040     HAL_MSP_EXP432P401R_Crystalfontz128x128_ST7735.obj (.text:HAL_LCD_SpiInit)
                  00003284    00000040     msp432p4xx_driverlib.lib : spi.o (.text:is_A_Module)
                  000032c4    00000038     HAL_MSP_EXP432P401R_Crystalfontz128x128_ST7735.obj (.text:HAL_LCD_writeCommand)
                  000032fc    00000038     main.obj (.text:drawTitle)
                  00003334    00000036     grlib.a : display.obj (.text:Graphics_drawHorizontalLineOnDisplay)
                  0000336a    00000030     HAL_MSP_EXP432P401R_Crystalfontz128x128_ST7735.obj (.text:HAL_LCD_PortInit)
                  0000339a    0000002e     rtsv7M4_T_le_v4SPD16_eabi.lib : i_tofd_t2.obj (.text)
                  000033c8    0000002c     Crystalfontz128x128_ST7735.obj (.text:Crystalfontz128x128_ClearScreen)
                  000033f4    0000002c     grlib.a : display.obj (.text:Graphics_drawPixelOnDisplay)
                  00003420    0000002c     HAL_MSP_EXP432P401R_Crystalfontz128x128_ST7735.obj (.text:HAL_LCD_writeData)
                  0000344c    00000028     Crystalfontz128x128_ST7735.obj (.text:Crystalfontz128x128_ColorTranslate)
                  00003474    00000028     msp432p4xx_driverlib.lib : gpio.o (.text:GPIO_setOutputHighOnPin)
                  0000349c    00000028                              : gpio.o (.text:GPIO_setOutputLowOnPin)
                  000034c4    0000001c                              : adc14.o (.text:ADC14_getResult)
                  000034e0    0000001c                              : spi.o (.text:SPI_enableModule)
                  000034fc    0000001c     rtsv7M4_T_le_v4SPD16_eabi.lib : memccpy.obj (.text)
                  00003518    0000001a     grlib.a : display.obj (.text:Graphics_clearDisplayOnDisplay)
                  00003532    0000001a             : context.obj (.text:Graphics_setBackgroundColor)
                  0000354c    0000001a             : context.obj (.text:Graphics_setFont)
                  00003566    00000002     --HOLE-- [fill = 0]
                  00003568    00000018     rtsv7M4_T_le_v4SPD16_eabi.lib : args_main.obj (.text)
                  00003580    00000016     msp432p4xx_driverlib.lib : spi.o (.text:EUSCI_A_SPI_enable)
                  00003596    00000016                              : spi.o (.text:EUSCI_B_SPI_enable)
                  000035ac    00000016     grlib.a : context.obj (.text:Graphics_setForegroundColor)
                  000035c2    00000016             : display.obj (.text:Graphics_translateColorOnDisplay)
                  000035d8    00000016     rtsv7M4_T_le_v4SPD16_eabi.lib : strchr.obj (.text)
                  000035ee    00000002     --HOLE-- [fill = 0]
                  000035f0    00000014                                   : _lock.obj (.text)
                  00003604    00000014                                   : s_copysign.obj (.text)
                  00003618    00000014                                   : strlen.obj (.text)
                  0000362c    00000012     grlib.a : context.obj (.text:Graphics_clearDisplay)
                  0000363e    0000000e     rtsv7M4_T_le_v4SPD16_eabi.lib : copy_decompress_none.obj (.text:decompress:none)
                  0000364c    0000000c     startup_msp432p401r_ccs.obj (.text:Reset_Handler)
                  00003658    0000000c     rtsv7M4_T_le_v4SPD16_eabi.lib : copy_zero_init.obj (.text:decompress:ZI)
                  00003664    0000000a     Crystalfontz128x128_ST7735.obj (.text:Crystalfontz128x128_Flush)
                  0000366e    00000004     rtsv7M4_T_le_v4SPD16_eabi.lib : pre_init.obj (.text)

.const     0    00003674    000005b8     
                  00003674    000002f8     grlib.a : fontfixed6x8.obj (.const:.string:g_pucFontFixed6x8Data)
                  0000396c    00000101     rtsv7M4_T_le_v4SPD16_eabi.lib : ctype.obj (.const:.string:_ctypes_)
                  00003a6d    00000003     --HOLE-- [fill = 0]
                  00003a70    000000c8     grlib.a : fontfixed6x8.obj (.const:g_sFontFixed6x8)
                  00003b38    00000080     msp432p4xx_driverlib.lib : adc14.o (.const:_ctlRegs)
                  00003bb8    00000030                              : gpio.o (.const:GPIO_PORT_TO_BASE)
                  00003be8    00000020     Crystalfontz128x128_ST7735.obj (.const:g_sCrystalfontz128x128_funcs)
                  00003c08    0000001c     HAL_MSP_EXP432P401R_Crystalfontz128x128_ST7735.obj (.const:$P$T0$1)
                  00003c24    00000008     Crystalfontz128x128_ST7735.obj (.const:$P$T0$1)

.cinit     0    00003c30    00000040     
                  00003c30    00000017     (.cinit..data.load) [load image, compression = lzss]
                  00003c47    00000001     --HOLE-- [fill = 0]
                  00003c48    0000000c     (__TI_handler_table)
                  00003c54    00000004     --HOLE-- [fill = 0]
                  00003c58    00000008     (.cinit..bss.load) [load image, compression = zero_init]
                  00003c60    00000010     (__TI_cinit_table)

.init_array 
*          0    00000000    00000000     UNINITIALIZED

.bss       0    20000000    0000002e     UNINITIALIZED
                  20000000    0000001c     (.common:g_sContext)
                  2000001c    00000008     main.obj (.bss:resultsBuffer)
                  20000024    00000002     (.common:Lcd_ScreenHeigth)
                  20000026    00000002     (.common:Lcd_ScreenWidth)
                  20000028    00000002     (.common:Lcd_TouchTrim)
                  2000002a    00000001     (.common:Lcd_FlagRead)
                  2000002b    00000001     (.common:Lcd_FontSolid)
                  2000002c    00000001     (.common:Lcd_Orientation)
                  2000002d    00000001     (.common:Lcd_PenSolid)

.data      0    20000030    0000002c     UNINITIALIZED
                  20000030    00000010     Crystalfontz128x128_ST7735.obj (.data:g_sCrystalfontz128x128)
                  20000040    0000000c     rtsv7M4_T_le_v4SPD16_eabi.lib : exit.obj (.data:$O1$$)
                  2000004c    00000008                                   : _lock.obj (.data:$O1$$)
                  20000054    00000004                                   : errno.obj (.data)
                  20000058    00000004                                   : stkdepth_vars.obj (.data)

.stack     0    2000fe00    00000200     UNINITIALIZED
                  2000fe00    00000200     --HOLE--

MODULE SUMMARY

       Module                                               code    ro data   rw data
       ------                                               ----    -------   -------
    .\
       main.obj                                             888     0         72     
       system_msp432p401r.obj                               120     0         0      
    +--+----------------------------------------------------+-------+---------+---------+
       Total:                                               1008    0         72     
                                                                                     
    .\LcdDriver\
       Crystalfontz128x128_ST7735.obj                       1670    40        52     
       HAL_MSP_EXP432P401R_Crystalfontz128x128_ST7735.obj   212     28        0      
    +--+----------------------------------------------------+-------+---------+---------+
       Total:                                               1882    68        52     
                                                                                     
    .\ccs\
       startup_msp432p401r_ccs.obj                          14      228       0      
    +--+----------------------------------------------------+-------+---------+---------+
       Total:                                               14      228       0      
                                                                                     
    C:/ti/simplelink_msp432p4_sdk_2_20_00_12/source/ti/devices/msp432p4xx/driverlib/ccs/msp432p4xx_driverlib.lib
       adc14.o                                              380     128       0      
       gpio.o                                               280     48        0      
       spi.o                                                312     0         0      
    +--+----------------------------------------------------+-------+---------+---------+
       Total:                                               972     176       0      
                                                                                     
    C:/ti/simplelink_msp432p4_sdk_2_20_00_12/source/ti/grlib/lib/ccs/m4f/grlib.a
       string.obj                                           1536    0         0      
       fontfixed6x8.obj                                     0       960       0      
       context.obj                                          174     0         0      
       line.obj                                             156     0         0      
       display.obj                                          146     0         0      
    +--+----------------------------------------------------+-------+---------+---------+
       Total:                                               2012    960       0      
                                                                                     
    C:\ti\ccs740\ccsv7\tools\compiler\ti-cgt-arm_16.9.6.LTS\lib\rtsv7M4_T_le_v4SPD16_eabi.lib
       _printfi.obj                                         4414    0         0      
       ull_div_t2.obj                                       500     0         0      
       fd_add_t2.obj                                        438     0         0      
       fd_div_t2.obj                                        310     0         0      
       fd_cmp_t2.obj                                        268     0         0      
       ctype.obj                                            0       257       0      
       fd_mul_t2.obj                                        252     0         0      
       s_scalbn.obj                                         252     0         0      
       memcpy_t2.obj                                        156     0         0      
       memset_t2.obj                                        122     0         0      
       autoinit.obj                                         112     0         0      
       exit.obj                                             84      0         24     
       copy_decompress_lzss.obj                             104     0         0      
       s_frexp.obj                                          100     0         0      
       sprintf.obj                                          96      0         0      
       boot.obj                                             84      0         0      
       ltoa.obj                                             84      0         0      
       atoi.obj                                             76      0         0      
       cpy_tbl.obj                                          76      0         0      
       fd_toi_t2.obj                                        72      0         0      
       i_tofd_t2.obj                                        46      0         0      
       _lock.obj                                            20      0         16     
       memccpy.obj                                          28      0         0      
       args_main.obj                                        24      0         0      
       strchr.obj                                           22      0         0      
       s_copysign.obj                                       20      0         0      
       strlen.obj                                           20      0         0      
       copy_decompress_none.obj                             14      0         0      
       copy_zero_init.obj                                   12      0         0      
       errno.obj                                            0       0         8      
       stkdepth_vars.obj                                    0       0         8      
       pre_init.obj                                         4       0         0      
       mpu_init.obj                                         2       0         0      
       startup.obj                                          2       0         0      
    +--+----------------------------------------------------+-------+---------+---------+
       Total:                                               7814    257       56     
                                                                                     
       Stack:                                               0       0         1024   
       Linker Generated:                                    0       59        0      
    +--+----------------------------------------------------+-------+---------+---------+
       Grand Total:                                         13702   1748      1204   


LINKER GENERATED COPY TABLES

__TI_cinit_table @ 00003c60 records: 2, size/record: 8, table size: 16
	.data: load addr=00003c30, load size=00000017 bytes, run addr=20000030, run size=0000002c bytes, compression=lzss
	.bss: load addr=00003c58, load size=00000008 bytes, run addr=20000000, run size=0000002e bytes, compression=zero_init


LINKER GENERATED HANDLER TABLE

__TI_handler_table @ 00003c48 records: 3, size/record: 4, table size: 12
	index: 0, handler: __TI_decompress_lzss
	index: 1, handler: __TI_decompress_none
	index: 2, handler: __TI_zero_init


GLOBAL SYMBOLS: SORTED ALPHABETICALLY BY Name 

address   name                                       
-------   ----                                       
000025c5  ADC14_IRQHandler                           
000025c5  ADC14_IRQHandler                           
000034c5  ADC14_getResult                            
00001c23  AES256_IRQHandler                          
00001c23  BusFault_Handler                           
00002f61  C$$EXIT                                    
00001c23  COMP_E0_IRQHandler                         
00001c23  COMP_E1_IRQHandler                         
00001c23  CS_IRQHandler                              
000021a5  Crystalfontz128x128_Init                   
00002071  Crystalfontz128x128_SetDrawFrame           
00002eb9  Crystalfontz128x128_SetOrientation         
00001c23  DMA_ERR_IRQHandler                         
00001c23  DMA_INT0_IRQHandler                        
00001c23  DMA_INT1_IRQHandler                        
00001c23  DMA_INT2_IRQHandler                        
00001c23  DMA_INT3_IRQHandler                        
00001c23  DebugMon_Handler                           
00001c23  Default_Handler                            
00001c23  EUSCIA0_IRQHandler                         
00001c23  EUSCIA1_IRQHandler                         
00001c23  EUSCIA2_IRQHandler                         
00001c23  EUSCIA3_IRQHandler                         
00001c23  EUSCIB0_IRQHandler                         
00001c23  EUSCIB1_IRQHandler                         
00001c23  EUSCIB2_IRQHandler                         
00001c23  EUSCIB3_IRQHandler                         
00003581  EUSCI_A_SPI_enable                         
00003597  EUSCI_B_SPI_enable                         
00001c23  FLCTL_IRQHandler                           
00001c23  FPU_IRQHandler                             
000031c5  GPIO_setAsOutputPin                        
000029d5  GPIO_setAsPeripheralModuleFunctionOutputPin
00003475  GPIO_setOutputHighOnPin                    
0000349d  GPIO_setOutputLowOnPin                     
0000362d  Graphics_clearDisplay                      
00003519  Graphics_clearDisplayOnDisplay             
00003335  Graphics_drawHorizontalLineOnDisplay       
00002809  Graphics_drawLineH                         
000033f5  Graphics_drawPixelOnDisplay                
00001223  Graphics_drawString                        
000030f5  Graphics_drawStringCentered                
000024c9  Graphics_getStringWidth                    
00003009  Graphics_initContext                       
00003533  Graphics_setBackgroundColor                
0000354d  Graphics_setFont                           
000035ad  Graphics_setForegroundColor                
000035c3  Graphics_translateColorOnDisplay           
0000336b  HAL_LCD_PortInit                           
00003245  HAL_LCD_SpiInit                            
000032c5  HAL_LCD_writeCommand                       
00003421  HAL_LCD_writeData                          
00001c23  HardFault_Handler                          
2000002a  Lcd_FlagRead                               
2000002b  Lcd_FontSolid                              
2000002c  Lcd_Orientation                            
2000002d  Lcd_PenSolid                               
20000024  Lcd_ScreenHeigth                           
20000026  Lcd_ScreenWidth                            
20000028  Lcd_TouchTrim                              
00001c23  MemManage_Handler                          
00001c23  NMI_Handler                                
00001c23  PCM_IRQHandler                             
00001c23  PORT1_IRQHandler                           
00001c23  PORT2_IRQHandler                           
00001c23  PORT3_IRQHandler                           
00001c23  PORT4_IRQHandler                           
00001c23  PORT5_IRQHandler                           
00001c23  PORT6_IRQHandler                           
00001c23  PSS_IRQHandler                             
00001c23  PendSV_Handler                             
00001c23  RTC_C_IRQHandler                           
0000364d  Reset_Handler                              
UNDEFED   SHT$$INIT_ARRAY$$Base                      
UNDEFED   SHT$$INIT_ARRAY$$Limit                     
000034e1  SPI_enableModule                           
000026bd  SPI_initMaster                             
00001c23  SVC_Handler                                
00001c23  SysTick_Handler                            
00002be5  SystemInit                                 
00001c23  T32_INT1_IRQHandler                        
00001c23  T32_INT2_IRQHandler                        
00001c23  T32_INTC_IRQHandler                        
00001c23  TA0_0_IRQHandler                           
00001c23  TA0_N_IRQHandler                           
00001c23  TA1_0_IRQHandler                           
00001c23  TA1_N_IRQHandler                           
00001c23  TA2_0_IRQHandler                           
00001c23  TA2_N_IRQHandler                           
00001c23  TA3_0_IRQHandler                           
00001c23  TA3_N_IRQHandler                           
00001c23  UsageFault_Handler                         
4000480c  WDTCTL_SYM                                 
00001c23  WDT_A_IRQHandler                           
20010000  __STACK_END                                
00000200  __STACK_SIZE                               
00003c60  __TI_CINIT_Base                            
00003c70  __TI_CINIT_Limit                           
00003c48  __TI_Handler_Table_Base                    
00003c54  __TI_Handler_Table_Limit                   
00002c5d  __TI_auto_init                             
20000040  __TI_cleanup_ptr                           
00002ccd  __TI_decompress_lzss                       
0000363f  __TI_decompress_none                       
20000044  __TI_dtors_ptr                             
20000048  __TI_enable_exit_profile_output            
ffffffff  __TI_pprof_out_hndl                        
00000929  __TI_printfi                               
ffffffff  __TI_prof_data_size                        
ffffffff  __TI_prof_data_start                       
00000000  __TI_static_base__                         
00003659  __TI_zero_init                             
00002a5d  __aeabi_cdcmpeq                            
00002a5d  __aeabi_cdcmple                            
00002ae3  __aeabi_cdrcmple                           
0000313d  __aeabi_d2iz                               
00001a77  __aeabi_dadd                               
00001f39  __aeabi_ddiv                               
000022d1  __aeabi_dmul                               
00001a6d  __aeabi_dsub                               
0000339b  __aeabi_i2d                                
00002b69  __aeabi_memclr                             
00002b69  __aeabi_memclr4                            
00002b69  __aeabi_memclr8                            
000028a5  __aeabi_memcpy                             
000028a5  __aeabi_memcpy4                            
000028a5  __aeabi_memcpy8                            
00002b6b  __aeabi_memset                             
00002b6b  __aeabi_memset4                            
00002b6b  __aeabi_memset8                            
000016a1  __aeabi_uldivmod                           
ffffffff  __binit__                                  
ffffffff  __c_args__                                 
0000206f  __mpu_init                                 
2000fe00  __stack                                    
00003569  _args_main                                 
00002f0d  _c_int00                                   
0000396c  _ctypes_                                   
2000004c  _lock                                      
000035ff  _nop                                       
000035f7  _register_lock                             
000035f1  _register_unlock                           
000025c3  _system_post_cinit                         
0000366f  _system_pre_init                           
20000050  _unlock                                    
00002f65  abort                                      
0000305d  atoi                                       
ffffffff  binit                                      
000030a9  copy_in                                    
00003605  copysign                                   
00003605  copysignl                                  
00002941  drawAccelData                              
000032fd  drawTitle                                  
20000054  errno                                      
00002f6d  exit                                       
00002d35  frexp                                      
00002d35  frexpl                                     
20000000  g_sContext                                 
20000030  g_sCrystalfontz128x128                     
00003be8  g_sCrystalfontz128x128_funcs               
00003a70  g_sFontFixed6x8                            
00000000  interruptVectors                           
000023cd  ldexp                                      
000023cd  ldexpl                                     
00002fb5  ltoa                                       
00001c25  main                                       
20000058  main_func_sp                               
000034fd  memccpy                                    
000028a5  memcpy                                     
00002b71  memset                                     
000023cd  scalbn                                     
000023cd  scalbnl                                    
00002e59  sprintf                                    
000035d9  strchr                                     
00003619  strlen                                     


GLOBAL SYMBOLS: SORTED BY Symbol Address 

address   name                                       
-------   ----                                       
00000000  __TI_static_base__                         
00000000  interruptVectors                           
00000200  __STACK_SIZE                               
00000929  __TI_printfi                               
00001223  Graphics_drawString                        
000016a1  __aeabi_uldivmod                           
00001a6d  __aeabi_dsub                               
00001a77  __aeabi_dadd                               
00001c23  AES256_IRQHandler                          
00001c23  BusFault_Handler                           
00001c23  COMP_E0_IRQHandler                         
00001c23  COMP_E1_IRQHandler                         
00001c23  CS_IRQHandler                              
00001c23  DMA_ERR_IRQHandler                         
00001c23  DMA_INT0_IRQHandler                        
00001c23  DMA_INT1_IRQHandler                        
00001c23  DMA_INT2_IRQHandler                        
00001c23  DMA_INT3_IRQHandler                        
00001c23  DebugMon_Handler                           
00001c23  Default_Handler                            
00001c23  EUSCIA0_IRQHandler                         
00001c23  EUSCIA1_IRQHandler                         
00001c23  EUSCIA2_IRQHandler                         
00001c23  EUSCIA3_IRQHandler                         
00001c23  EUSCIB0_IRQHandler                         
00001c23  EUSCIB1_IRQHandler                         
00001c23  EUSCIB2_IRQHandler                         
00001c23  EUSCIB3_IRQHandler                         
00001c23  FLCTL_IRQHandler                           
00001c23  FPU_IRQHandler                             
00001c23  HardFault_Handler                          
00001c23  MemManage_Handler                          
00001c23  NMI_Handler                                
00001c23  PCM_IRQHandler                             
00001c23  PORT1_IRQHandler                           
00001c23  PORT2_IRQHandler                           
00001c23  PORT3_IRQHandler                           
00001c23  PORT4_IRQHandler                           
00001c23  PORT5_IRQHandler                           
00001c23  PORT6_IRQHandler                           
00001c23  PSS_IRQHandler                             
00001c23  PendSV_Handler                             
00001c23  RTC_C_IRQHandler                           
00001c23  SVC_Handler                                
00001c23  SysTick_Handler                            
00001c23  T32_INT1_IRQHandler                        
00001c23  T32_INT2_IRQHandler                        
00001c23  T32_INTC_IRQHandler                        
00001c23  TA0_0_IRQHandler                           
00001c23  TA0_N_IRQHandler                           
00001c23  TA1_0_IRQHandler                           
00001c23  TA1_N_IRQHandler                           
00001c23  TA2_0_IRQHandler                           
00001c23  TA2_N_IRQHandler                           
00001c23  TA3_0_IRQHandler                           
00001c23  TA3_N_IRQHandler                           
00001c23  UsageFault_Handler                         
00001c23  WDT_A_IRQHandler                           
00001c25  main                                       
00001f39  __aeabi_ddiv                               
0000206f  __mpu_init                                 
00002071  Crystalfontz128x128_SetDrawFrame           
000021a5  Crystalfontz128x128_Init                   
000022d1  __aeabi_dmul                               
000023cd  ldexp                                      
000023cd  ldexpl                                     
000023cd  scalbn                                     
000023cd  scalbnl                                    
000024c9  Graphics_getStringWidth                    
000025c3  _system_post_cinit                         
000025c5  ADC14_IRQHandler                           
000025c5  ADC14_IRQHandler                           
000026bd  SPI_initMaster                             
00002809  Graphics_drawLineH                         
000028a5  __aeabi_memcpy                             
000028a5  __aeabi_memcpy4                            
000028a5  __aeabi_memcpy8                            
000028a5  memcpy                                     
00002941  drawAccelData                              
000029d5  GPIO_setAsPeripheralModuleFunctionOutputPin
00002a5d  __aeabi_cdcmpeq                            
00002a5d  __aeabi_cdcmple                            
00002ae3  __aeabi_cdrcmple                           
00002b69  __aeabi_memclr                             
00002b69  __aeabi_memclr4                            
00002b69  __aeabi_memclr8                            
00002b6b  __aeabi_memset                             
00002b6b  __aeabi_memset4                            
00002b6b  __aeabi_memset8                            
00002b71  memset                                     
00002be5  SystemInit                                 
00002c5d  __TI_auto_init                             
00002ccd  __TI_decompress_lzss                       
00002d35  frexp                                      
00002d35  frexpl                                     
00002e59  sprintf                                    
00002eb9  Crystalfontz128x128_SetOrientation         
00002f0d  _c_int00                                   
00002f61  C$$EXIT                                    
00002f65  abort                                      
00002f6d  exit                                       
00002fb5  ltoa                                       
00003009  Graphics_initContext                       
0000305d  atoi                                       
000030a9  copy_in                                    
000030f5  Graphics_drawStringCentered                
0000313d  __aeabi_d2iz                               
000031c5  GPIO_setAsOutputPin                        
00003245  HAL_LCD_SpiInit                            
000032c5  HAL_LCD_writeCommand                       
000032fd  drawTitle                                  
00003335  Graphics_drawHorizontalLineOnDisplay       
0000336b  HAL_LCD_PortInit                           
0000339b  __aeabi_i2d                                
000033f5  Graphics_drawPixelOnDisplay                
00003421  HAL_LCD_writeData                          
00003475  GPIO_setOutputHighOnPin                    
0000349d  GPIO_setOutputLowOnPin                     
000034c5  ADC14_getResult                            
000034e1  SPI_enableModule                           
000034fd  memccpy                                    
00003519  Graphics_clearDisplayOnDisplay             
00003533  Graphics_setBackgroundColor                
0000354d  Graphics_setFont                           
00003569  _args_main                                 
00003581  EUSCI_A_SPI_enable                         
00003597  EUSCI_B_SPI_enable                         
000035ad  Graphics_setForegroundColor                
000035c3  Graphics_translateColorOnDisplay           
000035d9  strchr                                     
000035f1  _register_unlock                           
000035f7  _register_lock                             
000035ff  _nop                                       
00003605  copysign                                   
00003605  copysignl                                  
00003619  strlen                                     
0000362d  Graphics_clearDisplay                      
0000363f  __TI_decompress_none                       
0000364d  Reset_Handler                              
00003659  __TI_zero_init                             
0000366f  _system_pre_init                           
0000396c  _ctypes_                                   
00003a70  g_sFontFixed6x8                            
00003be8  g_sCrystalfontz128x128_funcs               
00003c48  __TI_Handler_Table_Base                    
00003c54  __TI_Handler_Table_Limit                   
00003c60  __TI_CINIT_Base                            
00003c70  __TI_CINIT_Limit                           
20000000  g_sContext                                 
20000024  Lcd_ScreenHeigth                           
20000026  Lcd_ScreenWidth                            
20000028  Lcd_TouchTrim                              
2000002a  Lcd_FlagRead                               
2000002b  Lcd_FontSolid                              
2000002c  Lcd_Orientation                            
2000002d  Lcd_PenSolid                               
20000030  g_sCrystalfontz128x128                     
20000040  __TI_cleanup_ptr                           
20000044  __TI_dtors_ptr                             
20000048  __TI_enable_exit_profile_output            
2000004c  _lock                                      
20000050  _unlock                                    
20000054  errno                                      
20000058  main_func_sp                               
2000fe00  __stack                                    
20010000  __STACK_END                                
4000480c  WDTCTL_SYM                                 
ffffffff  __TI_pprof_out_hndl                        
ffffffff  __TI_prof_data_size                        
ffffffff  __TI_prof_data_start                       
ffffffff  __binit__                                  
ffffffff  __c_args__                                 
ffffffff  binit                                      
UNDEFED   SHT$$INIT_ARRAY$$Base                      
UNDEFED   SHT$$INIT_ARRAY$$Limit                     

[175 symbols]
